[0.206s] Invoking command in '/mnt/c/work/ubuntu_work/HiveFlight/ros2_ws/build/hiveflight_sim': AMENT_PREFIX_PATH=/mnt/c/work/ubuntu_work/HiveFlight/ros2_ws/install:${AMENT_PREFIX_PATH} CMAKE_PREFIX_PATH=/mnt/c/work/ubuntu_work/HiveFlight/ros2_ws/install:/opt/ros/humble LD_LIBRARY_PATH=/mnt/c/work/ubuntu_work/HiveFlight/ros2_ws/install/lib:${LD_LIBRARY_PATH} PYTHONPATH=/mnt/c/work/ubuntu_work/HiveFlight/ros2_ws/install/local/lib/python3.10/dist-packages:${PYTHONPATH} /usr/bin/cmake /mnt/c/work/ubuntu_work/HiveFlight/ros2_ws/src/hiveflight_sim -DCMAKE_INSTALL_PREFIX=/mnt/c/work/ubuntu_work/HiveFlight/ros2_ws/install
[0.766s] -- The C compiler identification is GNU 11.4.0
[1.374s] -- The CXX compiler identification is GNU 11.4.0
[1.659s] -- Detecting C compiler ABI info
[2.655s] -- Detecting C compiler ABI info - done
[2.677s] -- Check for working C compiler: /usr/bin/cc - skipped
[2.679s] -- Detecting C compile features
[2.680s] -- Detecting C compile features - done
[2.734s] -- Detecting CXX compiler ABI info
[3.767s] -- Detecting CXX compiler ABI info - done
[3.788s] -- Check for working CXX compiler: /usr/bin/c++ - skipped
[3.789s] -- Detecting CXX compile features
[3.790s] -- Detecting CXX compile features - done
[3.874s] -- Found ament_cmake: 1.3.14 (/opt/ros/humble/share/ament_cmake/cmake)
[4.680s] -- Found Python3: /usr/bin/python3 (found version "3.10.12") found components: Interpreter 
[5.511s] -- Found rclcpp: 16.0.19 (/opt/ros/humble/share/rclcpp/cmake)
[6.016s] -- Found rosidl_generator_c: 3.1.8 (/opt/ros/humble/share/rosidl_generator_c/cmake)
[6.091s] -- Found rosidl_adapter: 3.1.8 (/opt/ros/humble/share/rosidl_adapter/cmake)
[6.169s] -- Found rosidl_generator_cpp: 3.1.8 (/opt/ros/humble/share/rosidl_generator_cpp/cmake)
[6.250s] -- Using all available rosidl_typesupport_c: rosidl_typesupport_fastrtps_c;rosidl_typesupport_introspection_c
[6.369s] -- Using all available rosidl_typesupport_cpp: rosidl_typesupport_fastrtps_cpp;rosidl_typesupport_introspection_cpp
[6.830s] -- Found rmw_implementation_cmake: 6.1.2 (/opt/ros/humble/share/rmw_implementation_cmake/cmake)
[6.894s] -- Found rmw_fastrtps_cpp: 6.2.10 (/opt/ros/humble/share/rmw_fastrtps_cpp/cmake)
[8.570s] -- Found OpenSSL: /usr/lib/x86_64-linux-gnu/libcrypto.so (found version "3.0.2")  
[9.552s] -- Found FastRTPS: /opt/ros/humble/include  
[11.330s] -- Using RMW implementation 'rmw_fastrtps_cpp' as default
[11.488s] -- Looking for pthread.h
[12.405s] -- Looking for pthread.h - found
[12.415s] -- Performing Test CMAKE_HAVE_LIBC_PTHREAD
[13.355s] -- Performing Test CMAKE_HAVE_LIBC_PTHREAD - Success
[13.361s] -- Found Threads: TRUE  
[13.599s] -- Found geometry_msgs: 4.9.1 (/opt/ros/humble/share/geometry_msgs/cmake)
[13.668s] -- Found hiveflight_interfaces: 0.0.1 (/mnt/c/work/ubuntu_work/HiveFlight/ros2_ws/install/share/hiveflight_interfaces/cmake)
[14.817s] -- Configuring done
[14.939s] [31mCMake Error at CMakeLists.txt:19 (add_library):
[14.940s]   Cannot find source file:
[14.941s] 
[14.942s]     ../../SpatialGrid3D.cpp
[14.943s] 
[14.944s]   Tried extensions .c .C .c++ .cc .cpp .cxx .cu .mpp .m .M .mm .ixx .cppm .h
[14.945s]   .hh .h++ .hm .hpp .hxx .in .txx .f .F .for .f77 .f90 .f95 .f03 .hip .ispc
[14.946s] 
[14.947s] [0m
[14.948s] [31mCMake Error at CMakeLists.txt:19 (add_library):
[14.949s]   No SOURCES given to target: hiveflight_ros2_adapter
[14.950s] 
[14.951s] [0m
[14.952s] [0mCMake Generate step failed.  Build files cannot be regenerated correctly.[0m
[14.954s] Invoked command in '/mnt/c/work/ubuntu_work/HiveFlight/ros2_ws/build/hiveflight_sim' returned '1': AMENT_PREFIX_PATH=/mnt/c/work/ubuntu_work/HiveFlight/ros2_ws/install:${AMENT_PREFIX_PATH} CMAKE_PREFIX_PATH=/mnt/c/work/ubuntu_work/HiveFlight/ros2_ws/install:/opt/ros/humble LD_LIBRARY_PATH=/mnt/c/work/ubuntu_work/HiveFlight/ros2_ws/install/lib:${LD_LIBRARY_PATH} PYTHONPATH=/mnt/c/work/ubuntu_work/HiveFlight/ros2_ws/install/local/lib/python3.10/dist-packages:${PYTHONPATH} /usr/bin/cmake /mnt/c/work/ubuntu_work/HiveFlight/ros2_ws/src/hiveflight_sim -DCMAKE_INSTALL_PREFIX=/mnt/c/work/ubuntu_work/HiveFlight/ros2_ws/install
