[0.149s] DEBUG:colcon:Command line arguments: ['/usr/bin/colcon', 'build', '--base-paths', '/mnt/c/work/ubuntu_work/HiveFlight/ros2_ws/src', '--build-base', '/mnt/c/work/ubuntu_work/HiveFlight/ros2_ws/build', '--install-base', '/mnt/c/work/ubuntu_work/HiveFlight/ros2_ws/install', '--merge-install', '--event-handlers', 'console_direct+', '--parallel-workers', '4']
[0.149s] DEBUG:colcon:Parsed command line arguments: Namespace(log_base=None, log_level=None, verb_name='build', build_base='/mnt/c/work/ubuntu_work/HiveFlight/ros2_ws/build', install_base='/mnt/c/work/ubuntu_work/HiveFlight/ros2_ws/install', merge_install=True, symlink_install=False, test_result_base=None, continue_on_error=False, executor='parallel', parallel_workers=4, event_handlers=['console_direct+'], ignore_user_meta=False, metas=['./colcon.meta'], base_paths=['/mnt/c/work/ubuntu_work/HiveFlight/ros2_ws/src'], packages_ignore=None, packages_ignore_regex=None, paths=None, packages_up_to=None, packages_up_to_regex=None, packages_above=None, packages_above_and_dependencies=None, packages_above_depth=None, packages_select_by_dep=None, packages_skip_by_dep=None, packages_skip_up_to=None, packages_select_build_failed=False, packages_skip_build_finished=False, packages_select_test_failures=False, packages_skip_test_passed=False, packages_select=None, packages_skip=None, packages_select_regex=None, packages_skip_regex=None, packages_start=None, packages_end=None, allow_overriding=[], cmake_args=None, cmake_target=None, cmake_target_skip_unavailable=False, cmake_clean_cache=False, cmake_clean_first=False, cmake_force_configure=False, ament_cmake_args=None, catkin_cmake_args=None, catkin_skip_building_tests=False, verb_parser=<colcon_defaults.argument_parser.defaults.DefaultArgumentsDecorator object at 0x793e4233f130>, verb_extension=<colcon_core.verb.build.BuildVerb object at 0x793e4233ece0>, main=<bound method BuildVerb.main of <colcon_core.verb.build.BuildVerb object at 0x793e4233ece0>>)
[0.252s] Level 1:colcon.colcon_core.package_discovery:discover_packages(colcon_meta) check parameters
[0.254s] Level 1:colcon.colcon_core.package_discovery:discover_packages(recursive) check parameters
[0.254s] Level 1:colcon.colcon_core.package_discovery:discover_packages(ignore) check parameters
[0.254s] Level 1:colcon.colcon_core.package_discovery:discover_packages(path) check parameters
[0.255s] Level 1:colcon.colcon_core.package_discovery:discover_packages(recursive) discover
[0.255s] INFO:colcon.colcon_core.package_discovery:Crawling recursively for packages in '/mnt/c/work/ubuntu_work/HiveFlight/ros2_ws/src'
[0.260s] Level 1:colcon.colcon_core.package_identification:_identify(/mnt/c/work/ubuntu_work/HiveFlight/ros2_ws/src) by extensions ['ignore', 'ignore_ament_install']
[0.261s] Level 1:colcon.colcon_core.package_identification:_identify(/mnt/c/work/ubuntu_work/HiveFlight/ros2_ws/src) by extension 'ignore'
[0.262s] Level 1:colcon.colcon_core.package_identification:_identify(/mnt/c/work/ubuntu_work/HiveFlight/ros2_ws/src) by extension 'ignore_ament_install'
[0.264s] Level 1:colcon.colcon_core.package_identification:_identify(/mnt/c/work/ubuntu_work/HiveFlight/ros2_ws/src) by extensions ['colcon_pkg']
[0.264s] Level 1:colcon.colcon_core.package_identification:_identify(/mnt/c/work/ubuntu_work/HiveFlight/ros2_ws/src) by extension 'colcon_pkg'
[0.265s] Level 1:colcon.colcon_core.package_identification:_identify(/mnt/c/work/ubuntu_work/HiveFlight/ros2_ws/src) by extensions ['colcon_meta']
[0.266s] Level 1:colcon.colcon_core.package_identification:_identify(/mnt/c/work/ubuntu_work/HiveFlight/ros2_ws/src) by extension 'colcon_meta'
[0.268s] Level 1:colcon.colcon_core.package_identification:_identify(/mnt/c/work/ubuntu_work/HiveFlight/ros2_ws/src) by extensions ['ros']
[0.268s] Level 1:colcon.colcon_core.package_identification:_identify(/mnt/c/work/ubuntu_work/HiveFlight/ros2_ws/src) by extension 'ros'
[0.281s] Level 1:colcon.colcon_core.package_identification:_identify(/mnt/c/work/ubuntu_work/HiveFlight/ros2_ws/src) by extensions ['cmake', 'python']
[0.281s] Level 1:colcon.colcon_core.package_identification:_identify(/mnt/c/work/ubuntu_work/HiveFlight/ros2_ws/src) by extension 'cmake'
[0.282s] Level 1:colcon.colcon_core.package_identification:_identify(/mnt/c/work/ubuntu_work/HiveFlight/ros2_ws/src) by extension 'python'
[0.283s] Level 1:colcon.colcon_core.package_identification:_identify(/mnt/c/work/ubuntu_work/HiveFlight/ros2_ws/src) by extensions ['python_setup_py']
[0.284s] Level 1:colcon.colcon_core.package_identification:_identify(/mnt/c/work/ubuntu_work/HiveFlight/ros2_ws/src) by extension 'python_setup_py'
[0.291s] Level 1:colcon.colcon_core.package_identification:_identify(/mnt/c/work/ubuntu_work/HiveFlight/ros2_ws/src/hiveflight_interfaces) by extensions ['ignore', 'ignore_ament_install']
[0.291s] Level 1:colcon.colcon_core.package_identification:_identify(/mnt/c/work/ubuntu_work/HiveFlight/ros2_ws/src/hiveflight_interfaces) by extension 'ignore'
[0.293s] Level 1:colcon.colcon_core.package_identification:_identify(/mnt/c/work/ubuntu_work/HiveFlight/ros2_ws/src/hiveflight_interfaces) by extension 'ignore_ament_install'
[0.296s] Level 1:colcon.colcon_core.package_identification:_identify(/mnt/c/work/ubuntu_work/HiveFlight/ros2_ws/src/hiveflight_interfaces) by extensions ['colcon_pkg']
[0.296s] Level 1:colcon.colcon_core.package_identification:_identify(/mnt/c/work/ubuntu_work/HiveFlight/ros2_ws/src/hiveflight_interfaces) by extension 'colcon_pkg'
[0.297s] Level 1:colcon.colcon_core.package_identification:_identify(/mnt/c/work/ubuntu_work/HiveFlight/ros2_ws/src/hiveflight_interfaces) by extensions ['colcon_meta']
[0.297s] Level 1:colcon.colcon_core.package_identification:_identify(/mnt/c/work/ubuntu_work/HiveFlight/ros2_ws/src/hiveflight_interfaces) by extension 'colcon_meta'
[0.301s] Level 1:colcon.colcon_core.package_identification:_identify(/mnt/c/work/ubuntu_work/HiveFlight/ros2_ws/src/hiveflight_interfaces) by extensions ['ros']
[0.301s] Level 1:colcon.colcon_core.package_identification:_identify(/mnt/c/work/ubuntu_work/HiveFlight/ros2_ws/src/hiveflight_interfaces) by extension 'ros'
[0.318s] DEBUG:colcon.colcon_core.package_identification:Package '/mnt/c/work/ubuntu_work/HiveFlight/ros2_ws/src/hiveflight_interfaces' with type 'ros.ament_cmake' and name 'hiveflight_interfaces'
[0.325s] Level 1:colcon.colcon_core.package_identification:_identify(/mnt/c/work/ubuntu_work/HiveFlight/ros2_ws/src/hiveflight_sim) by extensions ['ignore', 'ignore_ament_install']
[0.325s] Level 1:colcon.colcon_core.package_identification:_identify(/mnt/c/work/ubuntu_work/HiveFlight/ros2_ws/src/hiveflight_sim) by extension 'ignore'
[0.327s] Level 1:colcon.colcon_core.package_identification:_identify(/mnt/c/work/ubuntu_work/HiveFlight/ros2_ws/src/hiveflight_sim) by extension 'ignore_ament_install'
[0.330s] Level 1:colcon.colcon_core.package_identification:_identify(/mnt/c/work/ubuntu_work/HiveFlight/ros2_ws/src/hiveflight_sim) by extensions ['colcon_pkg']
[0.330s] Level 1:colcon.colcon_core.package_identification:_identify(/mnt/c/work/ubuntu_work/HiveFlight/ros2_ws/src/hiveflight_sim) by extension 'colcon_pkg'
[0.331s] Level 1:colcon.colcon_core.package_identification:_identify(/mnt/c/work/ubuntu_work/HiveFlight/ros2_ws/src/hiveflight_sim) by extensions ['colcon_meta']
[0.332s] Level 1:colcon.colcon_core.package_identification:_identify(/mnt/c/work/ubuntu_work/HiveFlight/ros2_ws/src/hiveflight_sim) by extension 'colcon_meta'
[0.336s] Level 1:colcon.colcon_core.package_identification:_identify(/mnt/c/work/ubuntu_work/HiveFlight/ros2_ws/src/hiveflight_sim) by extensions ['ros']
[0.336s] Level 1:colcon.colcon_core.package_identification:_identify(/mnt/c/work/ubuntu_work/HiveFlight/ros2_ws/src/hiveflight_sim) by extension 'ros'
[0.353s] DEBUG:colcon.colcon_core.package_identification:Package '/mnt/c/work/ubuntu_work/HiveFlight/ros2_ws/src/hiveflight_sim' with type 'ros.ament_cmake' and name 'hiveflight_sim'
[0.359s] Level 1:colcon.colcon_core.package_identification:_identify(/mnt/c/work/ubuntu_work/HiveFlight/ros2_ws/src/hiveflight_sim_node) by extensions ['ignore', 'ignore_ament_install']
[0.360s] Level 1:colcon.colcon_core.package_identification:_identify(/mnt/c/work/ubuntu_work/HiveFlight/ros2_ws/src/hiveflight_sim_node) by extension 'ignore'
[0.361s] Level 1:colcon.colcon_core.package_identification:_identify(/mnt/c/work/ubuntu_work/HiveFlight/ros2_ws/src/hiveflight_sim_node) by extension 'ignore_ament_install'
[0.364s] Level 1:colcon.colcon_core.package_identification:_identify(/mnt/c/work/ubuntu_work/HiveFlight/ros2_ws/src/hiveflight_sim_node) by extensions ['colcon_pkg']
[0.364s] Level 1:colcon.colcon_core.package_identification:_identify(/mnt/c/work/ubuntu_work/HiveFlight/ros2_ws/src/hiveflight_sim_node) by extension 'colcon_pkg'
[0.366s] Level 1:colcon.colcon_core.package_identification:_identify(/mnt/c/work/ubuntu_work/HiveFlight/ros2_ws/src/hiveflight_sim_node) by extensions ['colcon_meta']
[0.366s] Level 1:colcon.colcon_core.package_identification:_identify(/mnt/c/work/ubuntu_work/HiveFlight/ros2_ws/src/hiveflight_sim_node) by extension 'colcon_meta'
[0.369s] Level 1:colcon.colcon_core.package_identification:_identify(/mnt/c/work/ubuntu_work/HiveFlight/ros2_ws/src/hiveflight_sim_node) by extensions ['ros']
[0.369s] Level 1:colcon.colcon_core.package_identification:_identify(/mnt/c/work/ubuntu_work/HiveFlight/ros2_ws/src/hiveflight_sim_node) by extension 'ros'
[0.384s] DEBUG:colcon.colcon_core.package_identification:Package '/mnt/c/work/ubuntu_work/HiveFlight/ros2_ws/src/hiveflight_sim_node' with type 'ros.ament_cmake' and name 'hiveflight_sim_node'
[0.384s] Level 1:colcon.colcon_core.package_discovery:discover_packages(recursive) using defaults
[0.411s] Level 1:colcon.colcon_core.package_discovery:discover_packages(prefix_path) check parameters
[0.411s] Level 1:colcon.colcon_core.package_discovery:discover_packages(prefix_path) discover
[0.412s] DEBUG:colcon.colcon_installed_package_information.package_discovery:Found 300 installed packages in /opt/ros/humble
[0.424s] Level 1:colcon.colcon_core.package_discovery:discover_packages(prefix_path) using defaults
[0.448s] Level 5:colcon.colcon_core.verb:set package 'hiveflight_interfaces' build argument 'cmake_args' from command line to 'None'
[0.449s] Level 5:colcon.colcon_core.verb:set package 'hiveflight_interfaces' build argument 'cmake_target' from command line to 'None'
[0.449s] Level 5:colcon.colcon_core.verb:set package 'hiveflight_interfaces' build argument 'cmake_target_skip_unavailable' from command line to 'False'
[0.449s] Level 5:colcon.colcon_core.verb:set package 'hiveflight_interfaces' build argument 'cmake_clean_cache' from command line to 'False'
[0.449s] Level 5:colcon.colcon_core.verb:set package 'hiveflight_interfaces' build argument 'cmake_clean_first' from command line to 'False'
[0.450s] Level 5:colcon.colcon_core.verb:set package 'hiveflight_interfaces' build argument 'cmake_force_configure' from command line to 'False'
[0.450s] Level 5:colcon.colcon_core.verb:set package 'hiveflight_interfaces' build argument 'ament_cmake_args' from command line to 'None'
[0.450s] Level 5:colcon.colcon_core.verb:set package 'hiveflight_interfaces' build argument 'catkin_cmake_args' from command line to 'None'
[0.450s] Level 5:colcon.colcon_core.verb:set package 'hiveflight_interfaces' build argument 'catkin_skip_building_tests' from command line to 'False'
[0.450s] DEBUG:colcon.colcon_core.verb:Building package 'hiveflight_interfaces' with the following arguments: {'ament_cmake_args': None, 'build_base': '/mnt/c/work/ubuntu_work/HiveFlight/ros2_ws/build/hiveflight_interfaces', 'catkin_cmake_args': None, 'catkin_skip_building_tests': False, 'cmake_args': None, 'cmake_clean_cache': False, 'cmake_clean_first': False, 'cmake_force_configure': False, 'cmake_target': None, 'cmake_target_skip_unavailable': False, 'install_base': '/mnt/c/work/ubuntu_work/HiveFlight/ros2_ws/install', 'merge_install': True, 'path': '/mnt/c/work/ubuntu_work/HiveFlight/ros2_ws/src/hiveflight_interfaces', 'symlink_install': False, 'test_result_base': None}
[0.451s] Level 5:colcon.colcon_core.verb:set package 'hiveflight_sim' build argument 'cmake_args' from command line to 'None'
[0.451s] Level 5:colcon.colcon_core.verb:set package 'hiveflight_sim' build argument 'cmake_target' from command line to 'None'
[0.451s] Level 5:colcon.colcon_core.verb:set package 'hiveflight_sim' build argument 'cmake_target_skip_unavailable' from command line to 'False'
[0.451s] Level 5:colcon.colcon_core.verb:set package 'hiveflight_sim' build argument 'cmake_clean_cache' from command line to 'False'
[0.451s] Level 5:colcon.colcon_core.verb:set package 'hiveflight_sim' build argument 'cmake_clean_first' from command line to 'False'
[0.451s] Level 5:colcon.colcon_core.verb:set package 'hiveflight_sim' build argument 'cmake_force_configure' from command line to 'False'
[0.451s] Level 5:colcon.colcon_core.verb:set package 'hiveflight_sim' build argument 'ament_cmake_args' from command line to 'None'
[0.452s] Level 5:colcon.colcon_core.verb:set package 'hiveflight_sim' build argument 'catkin_cmake_args' from command line to 'None'
[0.452s] Level 5:colcon.colcon_core.verb:set package 'hiveflight_sim' build argument 'catkin_skip_building_tests' from command line to 'False'
[0.452s] DEBUG:colcon.colcon_core.verb:Building package 'hiveflight_sim' with the following arguments: {'ament_cmake_args': None, 'build_base': '/mnt/c/work/ubuntu_work/HiveFlight/ros2_ws/build/hiveflight_sim', 'catkin_cmake_args': None, 'catkin_skip_building_tests': False, 'cmake_args': None, 'cmake_clean_cache': False, 'cmake_clean_first': False, 'cmake_force_configure': False, 'cmake_target': None, 'cmake_target_skip_unavailable': False, 'install_base': '/mnt/c/work/ubuntu_work/HiveFlight/ros2_ws/install', 'merge_install': True, 'path': '/mnt/c/work/ubuntu_work/HiveFlight/ros2_ws/src/hiveflight_sim', 'symlink_install': False, 'test_result_base': None}
[0.452s] Level 5:colcon.colcon_core.verb:set package 'hiveflight_sim_node' build argument 'cmake_args' from command line to 'None'
[0.452s] Level 5:colcon.colcon_core.verb:set package 'hiveflight_sim_node' build argument 'cmake_target' from command line to 'None'
[0.453s] Level 5:colcon.colcon_core.verb:set package 'hiveflight_sim_node' build argument 'cmake_target_skip_unavailable' from command line to 'False'
[0.453s] Level 5:colcon.colcon_core.verb:set package 'hiveflight_sim_node' build argument 'cmake_clean_cache' from command line to 'False'
[0.453s] Level 5:colcon.colcon_core.verb:set package 'hiveflight_sim_node' build argument 'cmake_clean_first' from command line to 'False'
[0.453s] Level 5:colcon.colcon_core.verb:set package 'hiveflight_sim_node' build argument 'cmake_force_configure' from command line to 'False'
[0.453s] Level 5:colcon.colcon_core.verb:set package 'hiveflight_sim_node' build argument 'ament_cmake_args' from command line to 'None'
[0.453s] Level 5:colcon.colcon_core.verb:set package 'hiveflight_sim_node' build argument 'catkin_cmake_args' from command line to 'None'
[0.453s] Level 5:colcon.colcon_core.verb:set package 'hiveflight_sim_node' build argument 'catkin_skip_building_tests' from command line to 'False'
[0.454s] DEBUG:colcon.colcon_core.verb:Building package 'hiveflight_sim_node' with the following arguments: {'ament_cmake_args': None, 'build_base': '/mnt/c/work/ubuntu_work/HiveFlight/ros2_ws/build/hiveflight_sim_node', 'catkin_cmake_args': None, 'catkin_skip_building_tests': False, 'cmake_args': None, 'cmake_clean_cache': False, 'cmake_clean_first': False, 'cmake_force_configure': False, 'cmake_target': None, 'cmake_target_skip_unavailable': False, 'install_base': '/mnt/c/work/ubuntu_work/HiveFlight/ros2_ws/install', 'merge_install': True, 'path': '/mnt/c/work/ubuntu_work/HiveFlight/ros2_ws/src/hiveflight_sim_node', 'symlink_install': False, 'test_result_base': None}
[0.454s] INFO:colcon.colcon_core.executor:Executing jobs using 'parallel' executor
[0.455s] DEBUG:colcon.colcon_parallel_executor.executor.parallel:run_until_complete
[0.456s] INFO:colcon.colcon_ros.task.ament_cmake.build:Building ROS package in '/mnt/c/work/ubuntu_work/HiveFlight/ros2_ws/src/hiveflight_interfaces' with build type 'ament_cmake'
[0.456s] INFO:colcon.colcon_cmake.task.cmake.build:Building CMake package in '/mnt/c/work/ubuntu_work/HiveFlight/ros2_ws/src/hiveflight_interfaces'
[0.458s] INFO:colcon.colcon_core.plugin_system:Skipping extension 'colcon_core.shell.bat': Not used on non-Windows systems
[0.458s] INFO:colcon.colcon_core.shell:Skip shell extension 'powershell' for command environment: Not usable outside of PowerShell
[0.458s] DEBUG:colcon.colcon_core.shell:Skip shell extension 'dsv' for command environment
[0.520s] DEBUG:colcon.colcon_core.event_handler.log_command:Invoking command in '/mnt/c/work/ubuntu_work/HiveFlight/ros2_ws/build/hiveflight_interfaces': CMAKE_PREFIX_PATH=/opt/ros/humble /usr/bin/cmake /mnt/c/work/ubuntu_work/HiveFlight/ros2_ws/src/hiveflight_interfaces -DCMAKE_INSTALL_PREFIX=/mnt/c/work/ubuntu_work/HiveFlight/ros2_ws/install
[9.838s] DEBUG:colcon.colcon_core.event_handler.log_command:Invoked command in '/mnt/c/work/ubuntu_work/HiveFlight/ros2_ws/build/hiveflight_interfaces' returned '0': CMAKE_PREFIX_PATH=/opt/ros/humble /usr/bin/cmake /mnt/c/work/ubuntu_work/HiveFlight/ros2_ws/src/hiveflight_interfaces -DCMAKE_INSTALL_PREFIX=/mnt/c/work/ubuntu_work/HiveFlight/ros2_ws/install
[9.863s] DEBUG:colcon.colcon_core.event_handler.log_command:Invoking command in '/mnt/c/work/ubuntu_work/HiveFlight/ros2_ws/build/hiveflight_interfaces': CMAKE_PREFIX_PATH=/opt/ros/humble /usr/bin/cmake --build /mnt/c/work/ubuntu_work/HiveFlight/ros2_ws/build/hiveflight_interfaces -- -j16 -l16
[14.861s] DEBUG:colcon.colcon_core.event_handler.log_command:Invoked command in '/mnt/c/work/ubuntu_work/HiveFlight/ros2_ws/build/hiveflight_interfaces' returned '0': CMAKE_PREFIX_PATH=/opt/ros/humble /usr/bin/cmake --build /mnt/c/work/ubuntu_work/HiveFlight/ros2_ws/build/hiveflight_interfaces -- -j16 -l16
[14.884s] DEBUG:colcon.colcon_core.event_handler.log_command:Invoking command in '/mnt/c/work/ubuntu_work/HiveFlight/ros2_ws/build/hiveflight_interfaces': CMAKE_PREFIX_PATH=/opt/ros/humble /usr/bin/cmake --install /mnt/c/work/ubuntu_work/HiveFlight/ros2_ws/build/hiveflight_interfaces
[21.999s] Level 1:colcon.colcon_core.environment:create_environment_scripts_only(hiveflight_interfaces)
[22.001s] DEBUG:colcon.colcon_core.event_handler.log_command:Invoked command in '/mnt/c/work/ubuntu_work/HiveFlight/ros2_ws/build/hiveflight_interfaces' returned '0': CMAKE_PREFIX_PATH=/opt/ros/humble /usr/bin/cmake --install /mnt/c/work/ubuntu_work/HiveFlight/ros2_ws/build/hiveflight_interfaces
[22.002s] Level 1:colcon.colcon_core.environment:checking '/mnt/c/work/ubuntu_work/HiveFlight/ros2_ws/install' for CMake module files
[22.160s] Level 1:colcon.colcon_core.environment:checking '/mnt/c/work/ubuntu_work/HiveFlight/ros2_ws/install' for CMake config files
[22.286s] Level 1:colcon.colcon_core.shell:create_environment_hook('hiveflight_interfaces', 'cmake_prefix_path')
[22.287s] INFO:colcon.colcon_core.shell:Creating environment hook '/mnt/c/work/ubuntu_work/HiveFlight/ros2_ws/install/share/hiveflight_interfaces/hook/cmake_prefix_path.ps1'
[22.297s] INFO:colcon.colcon_core.shell:Creating environment descriptor '/mnt/c/work/ubuntu_work/HiveFlight/ros2_ws/install/share/hiveflight_interfaces/hook/cmake_prefix_path.dsv'
[22.308s] INFO:colcon.colcon_core.shell:Creating environment hook '/mnt/c/work/ubuntu_work/HiveFlight/ros2_ws/install/share/hiveflight_interfaces/hook/cmake_prefix_path.sh'
[22.367s] Level 1:colcon.colcon_core.environment:checking '/mnt/c/work/ubuntu_work/HiveFlight/ros2_ws/install/lib'
[22.371s] Level 1:colcon.colcon_core.shell:create_environment_hook('hiveflight_interfaces', 'ld_library_path_lib')
[22.371s] INFO:colcon.colcon_core.shell:Creating environment hook '/mnt/c/work/ubuntu_work/HiveFlight/ros2_ws/install/share/hiveflight_interfaces/hook/ld_library_path_lib.ps1'
[22.382s] INFO:colcon.colcon_core.shell:Creating environment descriptor '/mnt/c/work/ubuntu_work/HiveFlight/ros2_ws/install/share/hiveflight_interfaces/hook/ld_library_path_lib.dsv'
[22.392s] INFO:colcon.colcon_core.shell:Creating environment hook '/mnt/c/work/ubuntu_work/HiveFlight/ros2_ws/install/share/hiveflight_interfaces/hook/ld_library_path_lib.sh'
[22.403s] Level 1:colcon.colcon_core.environment:checking '/mnt/c/work/ubuntu_work/HiveFlight/ros2_ws/install/bin'
[22.403s] Level 1:colcon.colcon_core.environment:checking '/mnt/c/work/ubuntu_work/HiveFlight/ros2_ws/install/lib/pkgconfig/hiveflight_interfaces.pc'
[22.405s] Level 1:colcon.colcon_core.environment:checking '/mnt/c/work/ubuntu_work/HiveFlight/ros2_ws/install/lib/python3.10/site-packages'
[22.406s] Level 1:colcon.colcon_core.environment:checking '/mnt/c/work/ubuntu_work/HiveFlight/ros2_ws/install/bin'
[22.408s] INFO:colcon.colcon_core.shell:Creating package script '/mnt/c/work/ubuntu_work/HiveFlight/ros2_ws/install/share/hiveflight_interfaces/package.ps1'
[22.417s] INFO:colcon.colcon_core.shell:Creating package descriptor '/mnt/c/work/ubuntu_work/HiveFlight/ros2_ws/install/share/hiveflight_interfaces/package.dsv'
[22.426s] INFO:colcon.colcon_core.shell:Creating package script '/mnt/c/work/ubuntu_work/HiveFlight/ros2_ws/install/share/hiveflight_interfaces/package.sh'
[22.435s] INFO:colcon.colcon_core.shell:Creating package script '/mnt/c/work/ubuntu_work/HiveFlight/ros2_ws/install/share/hiveflight_interfaces/package.bash'
[22.444s] INFO:colcon.colcon_core.shell:Creating package script '/mnt/c/work/ubuntu_work/HiveFlight/ros2_ws/install/share/hiveflight_interfaces/package.zsh'
[22.452s] Level 1:colcon.colcon_core.environment:create_file_with_runtime_dependencies(/mnt/c/work/ubuntu_work/HiveFlight/ros2_ws/install/share/colcon-core/packages/hiveflight_interfaces)
[22.474s] Level 1:colcon.colcon_core.environment:create_environment_scripts_only(hiveflight_interfaces)
[22.475s] Level 1:colcon.colcon_core.environment:checking '/mnt/c/work/ubuntu_work/HiveFlight/ros2_ws/install' for CMake module files
[22.638s] Level 1:colcon.colcon_core.environment:checking '/mnt/c/work/ubuntu_work/HiveFlight/ros2_ws/install' for CMake config files
[22.775s] Level 1:colcon.colcon_core.shell:create_environment_hook('hiveflight_interfaces', 'cmake_prefix_path')
[22.775s] INFO:colcon.colcon_core.shell:Creating environment hook '/mnt/c/work/ubuntu_work/HiveFlight/ros2_ws/install/share/hiveflight_interfaces/hook/cmake_prefix_path.ps1'
[22.787s] INFO:colcon.colcon_core.shell:Creating environment descriptor '/mnt/c/work/ubuntu_work/HiveFlight/ros2_ws/install/share/hiveflight_interfaces/hook/cmake_prefix_path.dsv'
[22.798s] INFO:colcon.colcon_core.shell:Creating environment hook '/mnt/c/work/ubuntu_work/HiveFlight/ros2_ws/install/share/hiveflight_interfaces/hook/cmake_prefix_path.sh'
[22.811s] Level 1:colcon.colcon_core.environment:checking '/mnt/c/work/ubuntu_work/HiveFlight/ros2_ws/install/lib'
[22.815s] Level 1:colcon.colcon_core.shell:create_environment_hook('hiveflight_interfaces', 'ld_library_path_lib')
[22.815s] INFO:colcon.colcon_core.shell:Creating environment hook '/mnt/c/work/ubuntu_work/HiveFlight/ros2_ws/install/share/hiveflight_interfaces/hook/ld_library_path_lib.ps1'
[22.827s] INFO:colcon.colcon_core.shell:Creating environment descriptor '/mnt/c/work/ubuntu_work/HiveFlight/ros2_ws/install/share/hiveflight_interfaces/hook/ld_library_path_lib.dsv'
[22.837s] INFO:colcon.colcon_core.shell:Creating environment hook '/mnt/c/work/ubuntu_work/HiveFlight/ros2_ws/install/share/hiveflight_interfaces/hook/ld_library_path_lib.sh'
[22.849s] Level 1:colcon.colcon_core.environment:checking '/mnt/c/work/ubuntu_work/HiveFlight/ros2_ws/install/bin'
[22.850s] Level 1:colcon.colcon_core.environment:checking '/mnt/c/work/ubuntu_work/HiveFlight/ros2_ws/install/lib/pkgconfig/hiveflight_interfaces.pc'
[22.852s] Level 1:colcon.colcon_core.environment:checking '/mnt/c/work/ubuntu_work/HiveFlight/ros2_ws/install/lib/python3.10/site-packages'
[22.853s] Level 1:colcon.colcon_core.environment:checking '/mnt/c/work/ubuntu_work/HiveFlight/ros2_ws/install/bin'
[22.854s] INFO:colcon.colcon_core.shell:Creating package script '/mnt/c/work/ubuntu_work/HiveFlight/ros2_ws/install/share/hiveflight_interfaces/package.ps1'
[22.864s] INFO:colcon.colcon_core.shell:Creating package descriptor '/mnt/c/work/ubuntu_work/HiveFlight/ros2_ws/install/share/hiveflight_interfaces/package.dsv'
[22.874s] INFO:colcon.colcon_core.shell:Creating package script '/mnt/c/work/ubuntu_work/HiveFlight/ros2_ws/install/share/hiveflight_interfaces/package.sh'
[22.883s] INFO:colcon.colcon_core.shell:Creating package script '/mnt/c/work/ubuntu_work/HiveFlight/ros2_ws/install/share/hiveflight_interfaces/package.bash'
[22.892s] INFO:colcon.colcon_core.shell:Creating package script '/mnt/c/work/ubuntu_work/HiveFlight/ros2_ws/install/share/hiveflight_interfaces/package.zsh'
[22.901s] Level 1:colcon.colcon_core.environment:create_file_with_runtime_dependencies(/mnt/c/work/ubuntu_work/HiveFlight/ros2_ws/install/share/colcon-core/packages/hiveflight_interfaces)
[22.908s] INFO:colcon.colcon_ros.task.ament_cmake.build:Building ROS package in '/mnt/c/work/ubuntu_work/HiveFlight/ros2_ws/src/hiveflight_sim' with build type 'ament_cmake'
[22.908s] INFO:colcon.colcon_cmake.task.cmake.build:Building CMake package in '/mnt/c/work/ubuntu_work/HiveFlight/ros2_ws/src/hiveflight_sim'
[22.908s] INFO:colcon.colcon_core.shell:Skip shell extension 'powershell' for command environment: Not usable outside of PowerShell
[22.909s] DEBUG:colcon.colcon_core.shell:Skip shell extension 'dsv' for command environment
[23.075s] DEBUG:colcon.colcon_core.event_handler.log_command:Invoking command in '/mnt/c/work/ubuntu_work/HiveFlight/ros2_ws/build/hiveflight_sim': AMENT_PREFIX_PATH=/mnt/c/work/ubuntu_work/HiveFlight/ros2_ws/install:${AMENT_PREFIX_PATH} CMAKE_PREFIX_PATH=/mnt/c/work/ubuntu_work/HiveFlight/ros2_ws/install:/opt/ros/humble LD_LIBRARY_PATH=/mnt/c/work/ubuntu_work/HiveFlight/ros2_ws/install/lib:${LD_LIBRARY_PATH} PYTHONPATH=/mnt/c/work/ubuntu_work/HiveFlight/ros2_ws/install/local/lib/python3.10/dist-packages:${PYTHONPATH} /usr/bin/cmake /mnt/c/work/ubuntu_work/HiveFlight/ros2_ws/src/hiveflight_sim -DCMAKE_INSTALL_PREFIX=/mnt/c/work/ubuntu_work/HiveFlight/ros2_ws/install
[35.577s] DEBUG:colcon.colcon_core.event_handler.log_command:Invoked command in '/mnt/c/work/ubuntu_work/HiveFlight/ros2_ws/build/hiveflight_sim' returned '0': AMENT_PREFIX_PATH=/mnt/c/work/ubuntu_work/HiveFlight/ros2_ws/install:${AMENT_PREFIX_PATH} CMAKE_PREFIX_PATH=/mnt/c/work/ubuntu_work/HiveFlight/ros2_ws/install:/opt/ros/humble LD_LIBRARY_PATH=/mnt/c/work/ubuntu_work/HiveFlight/ros2_ws/install/lib:${LD_LIBRARY_PATH} PYTHONPATH=/mnt/c/work/ubuntu_work/HiveFlight/ros2_ws/install/local/lib/python3.10/dist-packages:${PYTHONPATH} /usr/bin/cmake /mnt/c/work/ubuntu_work/HiveFlight/ros2_ws/src/hiveflight_sim -DCMAKE_INSTALL_PREFIX=/mnt/c/work/ubuntu_work/HiveFlight/ros2_ws/install
[35.583s] DEBUG:colcon.colcon_core.event_handler.log_command:Invoking command in '/mnt/c/work/ubuntu_work/HiveFlight/ros2_ws/build/hiveflight_sim': AMENT_PREFIX_PATH=/mnt/c/work/ubuntu_work/HiveFlight/ros2_ws/install:${AMENT_PREFIX_PATH} CMAKE_PREFIX_PATH=/mnt/c/work/ubuntu_work/HiveFlight/ros2_ws/install:/opt/ros/humble LD_LIBRARY_PATH=/mnt/c/work/ubuntu_work/HiveFlight/ros2_ws/install/lib:${LD_LIBRARY_PATH} PYTHONPATH=/mnt/c/work/ubuntu_work/HiveFlight/ros2_ws/install/local/lib/python3.10/dist-packages:${PYTHONPATH} /usr/bin/cmake --build /mnt/c/work/ubuntu_work/HiveFlight/ros2_ws/build/hiveflight_sim -- -j16 -l16
[50.237s] DEBUG:colcon.colcon_core.event_handler.log_command:Invoked command in '/mnt/c/work/ubuntu_work/HiveFlight/ros2_ws/build/hiveflight_sim' returned '0': AMENT_PREFIX_PATH=/mnt/c/work/ubuntu_work/HiveFlight/ros2_ws/install:${AMENT_PREFIX_PATH} CMAKE_PREFIX_PATH=/mnt/c/work/ubuntu_work/HiveFlight/ros2_ws/install:/opt/ros/humble LD_LIBRARY_PATH=/mnt/c/work/ubuntu_work/HiveFlight/ros2_ws/install/lib:${LD_LIBRARY_PATH} PYTHONPATH=/mnt/c/work/ubuntu_work/HiveFlight/ros2_ws/install/local/lib/python3.10/dist-packages:${PYTHONPATH} /usr/bin/cmake --build /mnt/c/work/ubuntu_work/HiveFlight/ros2_ws/build/hiveflight_sim -- -j16 -l16
[50.261s] DEBUG:colcon.colcon_core.event_handler.log_command:Invoking command in '/mnt/c/work/ubuntu_work/HiveFlight/ros2_ws/build/hiveflight_sim': AMENT_PREFIX_PATH=/mnt/c/work/ubuntu_work/HiveFlight/ros2_ws/install:${AMENT_PREFIX_PATH} CMAKE_PREFIX_PATH=/mnt/c/work/ubuntu_work/HiveFlight/ros2_ws/install:/opt/ros/humble LD_LIBRARY_PATH=/mnt/c/work/ubuntu_work/HiveFlight/ros2_ws/install/lib:${LD_LIBRARY_PATH} PYTHONPATH=/mnt/c/work/ubuntu_work/HiveFlight/ros2_ws/install/local/lib/python3.10/dist-packages:${PYTHONPATH} /usr/bin/cmake --install /mnt/c/work/ubuntu_work/HiveFlight/ros2_ws/build/hiveflight_sim
[52.127s] Level 1:colcon.colcon_core.environment:create_environment_scripts_only(hiveflight_sim)
[52.128s] Level 1:colcon.colcon_core.environment:checking '/mnt/c/work/ubuntu_work/HiveFlight/ros2_ws/install' for CMake module files
[52.128s] DEBUG:colcon.colcon_core.event_handler.log_command:Invoked command in '/mnt/c/work/ubuntu_work/HiveFlight/ros2_ws/build/hiveflight_sim' returned '0': AMENT_PREFIX_PATH=/mnt/c/work/ubuntu_work/HiveFlight/ros2_ws/install:${AMENT_PREFIX_PATH} CMAKE_PREFIX_PATH=/mnt/c/work/ubuntu_work/HiveFlight/ros2_ws/install:/opt/ros/humble LD_LIBRARY_PATH=/mnt/c/work/ubuntu_work/HiveFlight/ros2_ws/install/lib:${LD_LIBRARY_PATH} PYTHONPATH=/mnt/c/work/ubuntu_work/HiveFlight/ros2_ws/install/local/lib/python3.10/dist-packages:${PYTHONPATH} /usr/bin/cmake --install /mnt/c/work/ubuntu_work/HiveFlight/ros2_ws/build/hiveflight_sim
[52.204s] Level 1:colcon.colcon_core.environment:checking '/mnt/c/work/ubuntu_work/HiveFlight/ros2_ws/install' for CMake config files
[52.355s] Level 1:colcon.colcon_core.shell:create_environment_hook('hiveflight_sim', 'cmake_prefix_path')
[52.356s] INFO:colcon.colcon_core.shell:Creating environment hook '/mnt/c/work/ubuntu_work/HiveFlight/ros2_ws/install/share/hiveflight_sim/hook/cmake_prefix_path.ps1'
[52.366s] INFO:colcon.colcon_core.shell:Creating environment descriptor '/mnt/c/work/ubuntu_work/HiveFlight/ros2_ws/install/share/hiveflight_sim/hook/cmake_prefix_path.dsv'
[52.378s] INFO:colcon.colcon_core.shell:Creating environment hook '/mnt/c/work/ubuntu_work/HiveFlight/ros2_ws/install/share/hiveflight_sim/hook/cmake_prefix_path.sh'
[52.393s] Level 1:colcon.colcon_core.environment:checking '/mnt/c/work/ubuntu_work/HiveFlight/ros2_ws/install/lib'
[52.397s] Level 1:colcon.colcon_core.shell:create_environment_hook('hiveflight_sim', 'ld_library_path_lib')
[52.397s] INFO:colcon.colcon_core.shell:Creating environment hook '/mnt/c/work/ubuntu_work/HiveFlight/ros2_ws/install/share/hiveflight_sim/hook/ld_library_path_lib.ps1'
[52.409s] INFO:colcon.colcon_core.shell:Creating environment descriptor '/mnt/c/work/ubuntu_work/HiveFlight/ros2_ws/install/share/hiveflight_sim/hook/ld_library_path_lib.dsv'
[52.420s] INFO:colcon.colcon_core.shell:Creating environment hook '/mnt/c/work/ubuntu_work/HiveFlight/ros2_ws/install/share/hiveflight_sim/hook/ld_library_path_lib.sh'
[52.431s] Level 1:colcon.colcon_core.environment:checking '/mnt/c/work/ubuntu_work/HiveFlight/ros2_ws/install/bin'
[52.432s] Level 1:colcon.colcon_core.environment:checking '/mnt/c/work/ubuntu_work/HiveFlight/ros2_ws/install/lib/pkgconfig/hiveflight_sim.pc'
[52.434s] Level 1:colcon.colcon_core.environment:checking '/mnt/c/work/ubuntu_work/HiveFlight/ros2_ws/install/lib/python3.10/site-packages'
[52.436s] Level 1:colcon.colcon_core.environment:checking '/mnt/c/work/ubuntu_work/HiveFlight/ros2_ws/install/bin'
[52.438s] INFO:colcon.colcon_core.shell:Creating package script '/mnt/c/work/ubuntu_work/HiveFlight/ros2_ws/install/share/hiveflight_sim/package.ps1'
[52.451s] INFO:colcon.colcon_core.shell:Creating package descriptor '/mnt/c/work/ubuntu_work/HiveFlight/ros2_ws/install/share/hiveflight_sim/package.dsv'
[52.463s] INFO:colcon.colcon_core.shell:Creating package script '/mnt/c/work/ubuntu_work/HiveFlight/ros2_ws/install/share/hiveflight_sim/package.sh'
[52.474s] INFO:colcon.colcon_core.shell:Creating package script '/mnt/c/work/ubuntu_work/HiveFlight/ros2_ws/install/share/hiveflight_sim/package.bash'
[52.485s] INFO:colcon.colcon_core.shell:Creating package script '/mnt/c/work/ubuntu_work/HiveFlight/ros2_ws/install/share/hiveflight_sim/package.zsh'
[52.497s] Level 1:colcon.colcon_core.environment:create_file_with_runtime_dependencies(/mnt/c/work/ubuntu_work/HiveFlight/ros2_ws/install/share/colcon-core/packages/hiveflight_sim)
[52.524s] Level 1:colcon.colcon_core.environment:create_environment_scripts_only(hiveflight_sim)
[52.524s] Level 1:colcon.colcon_core.environment:checking '/mnt/c/work/ubuntu_work/HiveFlight/ros2_ws/install' for CMake module files
[52.618s] Level 1:colcon.colcon_core.environment:checking '/mnt/c/work/ubuntu_work/HiveFlight/ros2_ws/install' for CMake config files
[52.786s] Level 1:colcon.colcon_core.shell:create_environment_hook('hiveflight_sim', 'cmake_prefix_path')
[52.787s] INFO:colcon.colcon_core.shell:Creating environment hook '/mnt/c/work/ubuntu_work/HiveFlight/ros2_ws/install/share/hiveflight_sim/hook/cmake_prefix_path.ps1'
[52.801s] INFO:colcon.colcon_core.shell:Creating environment descriptor '/mnt/c/work/ubuntu_work/HiveFlight/ros2_ws/install/share/hiveflight_sim/hook/cmake_prefix_path.dsv'
[52.813s] INFO:colcon.colcon_core.shell:Creating environment hook '/mnt/c/work/ubuntu_work/HiveFlight/ros2_ws/install/share/hiveflight_sim/hook/cmake_prefix_path.sh'
[52.829s] Level 1:colcon.colcon_core.environment:checking '/mnt/c/work/ubuntu_work/HiveFlight/ros2_ws/install/lib'
[52.832s] Level 1:colcon.colcon_core.shell:create_environment_hook('hiveflight_sim', 'ld_library_path_lib')
[52.833s] INFO:colcon.colcon_core.shell:Creating environment hook '/mnt/c/work/ubuntu_work/HiveFlight/ros2_ws/install/share/hiveflight_sim/hook/ld_library_path_lib.ps1'
[52.845s] INFO:colcon.colcon_core.shell:Creating environment descriptor '/mnt/c/work/ubuntu_work/HiveFlight/ros2_ws/install/share/hiveflight_sim/hook/ld_library_path_lib.dsv'
[52.856s] INFO:colcon.colcon_core.shell:Creating environment hook '/mnt/c/work/ubuntu_work/HiveFlight/ros2_ws/install/share/hiveflight_sim/hook/ld_library_path_lib.sh'
[52.868s] Level 1:colcon.colcon_core.environment:checking '/mnt/c/work/ubuntu_work/HiveFlight/ros2_ws/install/bin'
[52.869s] Level 1:colcon.colcon_core.environment:checking '/mnt/c/work/ubuntu_work/HiveFlight/ros2_ws/install/lib/pkgconfig/hiveflight_sim.pc'
[52.871s] Level 1:colcon.colcon_core.environment:checking '/mnt/c/work/ubuntu_work/HiveFlight/ros2_ws/install/lib/python3.10/site-packages'
[52.872s] Level 1:colcon.colcon_core.environment:checking '/mnt/c/work/ubuntu_work/HiveFlight/ros2_ws/install/bin'
[52.874s] INFO:colcon.colcon_core.shell:Creating package script '/mnt/c/work/ubuntu_work/HiveFlight/ros2_ws/install/share/hiveflight_sim/package.ps1'
[52.884s] INFO:colcon.colcon_core.shell:Creating package descriptor '/mnt/c/work/ubuntu_work/HiveFlight/ros2_ws/install/share/hiveflight_sim/package.dsv'
[52.894s] INFO:colcon.colcon_core.shell:Creating package script '/mnt/c/work/ubuntu_work/HiveFlight/ros2_ws/install/share/hiveflight_sim/package.sh'
[52.904s] INFO:colcon.colcon_core.shell:Creating package script '/mnt/c/work/ubuntu_work/HiveFlight/ros2_ws/install/share/hiveflight_sim/package.bash'
[52.915s] INFO:colcon.colcon_core.shell:Creating package script '/mnt/c/work/ubuntu_work/HiveFlight/ros2_ws/install/share/hiveflight_sim/package.zsh'
[52.924s] Level 1:colcon.colcon_core.environment:create_file_with_runtime_dependencies(/mnt/c/work/ubuntu_work/HiveFlight/ros2_ws/install/share/colcon-core/packages/hiveflight_sim)
[52.932s] INFO:colcon.colcon_ros.task.ament_cmake.build:Building ROS package in '/mnt/c/work/ubuntu_work/HiveFlight/ros2_ws/src/hiveflight_sim_node' with build type 'ament_cmake'
[52.932s] INFO:colcon.colcon_cmake.task.cmake.build:Building CMake package in '/mnt/c/work/ubuntu_work/HiveFlight/ros2_ws/src/hiveflight_sim_node'
[52.933s] INFO:colcon.colcon_core.shell:Skip shell extension 'powershell' for command environment: Not usable outside of PowerShell
[52.933s] DEBUG:colcon.colcon_core.shell:Skip shell extension 'dsv' for command environment
[53.255s] DEBUG:colcon.colcon_core.event_handler.log_command:Invoking command in '/mnt/c/work/ubuntu_work/HiveFlight/ros2_ws/build/hiveflight_sim_node': AMENT_PREFIX_PATH=/mnt/c/work/ubuntu_work/HiveFlight/ros2_ws/install:${AMENT_PREFIX_PATH} CMAKE_PREFIX_PATH=/mnt/c/work/ubuntu_work/HiveFlight/ros2_ws/install:/opt/ros/humble LD_LIBRARY_PATH=/mnt/c/work/ubuntu_work/HiveFlight/ros2_ws/install/lib:${LD_LIBRARY_PATH} PYTHONPATH=/mnt/c/work/ubuntu_work/HiveFlight/ros2_ws/install/local/lib/python3.10/dist-packages:${PYTHONPATH} /usr/bin/cmake /mnt/c/work/ubuntu_work/HiveFlight/ros2_ws/src/hiveflight_sim_node -DCMAKE_INSTALL_PREFIX=/mnt/c/work/ubuntu_work/HiveFlight/ros2_ws/install
[65.600s] DEBUG:colcon.colcon_core.event_handler.log_command:Invoked command in '/mnt/c/work/ubuntu_work/HiveFlight/ros2_ws/build/hiveflight_sim_node' returned '0': AMENT_PREFIX_PATH=/mnt/c/work/ubuntu_work/HiveFlight/ros2_ws/install:${AMENT_PREFIX_PATH} CMAKE_PREFIX_PATH=/mnt/c/work/ubuntu_work/HiveFlight/ros2_ws/install:/opt/ros/humble LD_LIBRARY_PATH=/mnt/c/work/ubuntu_work/HiveFlight/ros2_ws/install/lib:${LD_LIBRARY_PATH} PYTHONPATH=/mnt/c/work/ubuntu_work/HiveFlight/ros2_ws/install/local/lib/python3.10/dist-packages:${PYTHONPATH} /usr/bin/cmake /mnt/c/work/ubuntu_work/HiveFlight/ros2_ws/src/hiveflight_sim_node -DCMAKE_INSTALL_PREFIX=/mnt/c/work/ubuntu_work/HiveFlight/ros2_ws/install
[65.609s] DEBUG:colcon.colcon_core.event_handler.log_command:Invoking command in '/mnt/c/work/ubuntu_work/HiveFlight/ros2_ws/build/hiveflight_sim_node': AMENT_PREFIX_PATH=/mnt/c/work/ubuntu_work/HiveFlight/ros2_ws/install:${AMENT_PREFIX_PATH} CMAKE_PREFIX_PATH=/mnt/c/work/ubuntu_work/HiveFlight/ros2_ws/install:/opt/ros/humble LD_LIBRARY_PATH=/mnt/c/work/ubuntu_work/HiveFlight/ros2_ws/install/lib:${LD_LIBRARY_PATH} PYTHONPATH=/mnt/c/work/ubuntu_work/HiveFlight/ros2_ws/install/local/lib/python3.10/dist-packages:${PYTHONPATH} /usr/bin/cmake --build /mnt/c/work/ubuntu_work/HiveFlight/ros2_ws/build/hiveflight_sim_node -- -j16 -l16
[78.513s] DEBUG:colcon.colcon_core.event_handler.log_command:Invoked command in '/mnt/c/work/ubuntu_work/HiveFlight/ros2_ws/build/hiveflight_sim_node' returned '0': AMENT_PREFIX_PATH=/mnt/c/work/ubuntu_work/HiveFlight/ros2_ws/install:${AMENT_PREFIX_PATH} CMAKE_PREFIX_PATH=/mnt/c/work/ubuntu_work/HiveFlight/ros2_ws/install:/opt/ros/humble LD_LIBRARY_PATH=/mnt/c/work/ubuntu_work/HiveFlight/ros2_ws/install/lib:${LD_LIBRARY_PATH} PYTHONPATH=/mnt/c/work/ubuntu_work/HiveFlight/ros2_ws/install/local/lib/python3.10/dist-packages:${PYTHONPATH} /usr/bin/cmake --build /mnt/c/work/ubuntu_work/HiveFlight/ros2_ws/build/hiveflight_sim_node -- -j16 -l16
[78.534s] DEBUG:colcon.colcon_core.event_handler.log_command:Invoking command in '/mnt/c/work/ubuntu_work/HiveFlight/ros2_ws/build/hiveflight_sim_node': AMENT_PREFIX_PATH=/mnt/c/work/ubuntu_work/HiveFlight/ros2_ws/install:${AMENT_PREFIX_PATH} CMAKE_PREFIX_PATH=/mnt/c/work/ubuntu_work/HiveFlight/ros2_ws/install:/opt/ros/humble LD_LIBRARY_PATH=/mnt/c/work/ubuntu_work/HiveFlight/ros2_ws/install/lib:${LD_LIBRARY_PATH} PYTHONPATH=/mnt/c/work/ubuntu_work/HiveFlight/ros2_ws/install/local/lib/python3.10/dist-packages:${PYTHONPATH} /usr/bin/cmake --install /mnt/c/work/ubuntu_work/HiveFlight/ros2_ws/build/hiveflight_sim_node
[79.695s] Level 1:colcon.colcon_core.environment:create_environment_scripts_only(hiveflight_sim_node)
[79.695s] Level 1:colcon.colcon_core.environment:checking '/mnt/c/work/ubuntu_work/HiveFlight/ros2_ws/install' for CMake module files
[79.696s] DEBUG:colcon.colcon_core.event_handler.log_command:Invoked command in '/mnt/c/work/ubuntu_work/HiveFlight/ros2_ws/build/hiveflight_sim_node' returned '0': AMENT_PREFIX_PATH=/mnt/c/work/ubuntu_work/HiveFlight/ros2_ws/install:${AMENT_PREFIX_PATH} CMAKE_PREFIX_PATH=/mnt/c/work/ubuntu_work/HiveFlight/ros2_ws/install:/opt/ros/humble LD_LIBRARY_PATH=/mnt/c/work/ubuntu_work/HiveFlight/ros2_ws/install/lib:${LD_LIBRARY_PATH} PYTHONPATH=/mnt/c/work/ubuntu_work/HiveFlight/ros2_ws/install/local/lib/python3.10/dist-packages:${PYTHONPATH} /usr/bin/cmake --install /mnt/c/work/ubuntu_work/HiveFlight/ros2_ws/build/hiveflight_sim_node
[79.761s] Level 1:colcon.colcon_core.environment:checking '/mnt/c/work/ubuntu_work/HiveFlight/ros2_ws/install' for CMake config files
[79.906s] Level 1:colcon.colcon_core.shell:create_environment_hook('hiveflight_sim_node', 'cmake_prefix_path')
[79.906s] INFO:colcon.colcon_core.shell:Creating environment hook '/mnt/c/work/ubuntu_work/HiveFlight/ros2_ws/install/share/hiveflight_sim_node/hook/cmake_prefix_path.ps1'
[79.916s] INFO:colcon.colcon_core.shell:Creating environment descriptor '/mnt/c/work/ubuntu_work/HiveFlight/ros2_ws/install/share/hiveflight_sim_node/hook/cmake_prefix_path.dsv'
[79.926s] INFO:colcon.colcon_core.shell:Creating environment hook '/mnt/c/work/ubuntu_work/HiveFlight/ros2_ws/install/share/hiveflight_sim_node/hook/cmake_prefix_path.sh'
[79.946s] Level 1:colcon.colcon_core.environment:checking '/mnt/c/work/ubuntu_work/HiveFlight/ros2_ws/install/lib'
[79.950s] Level 1:colcon.colcon_core.shell:create_environment_hook('hiveflight_sim_node', 'ld_library_path_lib')
[79.950s] INFO:colcon.colcon_core.shell:Creating environment hook '/mnt/c/work/ubuntu_work/HiveFlight/ros2_ws/install/share/hiveflight_sim_node/hook/ld_library_path_lib.ps1'
[79.963s] INFO:colcon.colcon_core.shell:Creating environment descriptor '/mnt/c/work/ubuntu_work/HiveFlight/ros2_ws/install/share/hiveflight_sim_node/hook/ld_library_path_lib.dsv'
[79.974s] INFO:colcon.colcon_core.shell:Creating environment hook '/mnt/c/work/ubuntu_work/HiveFlight/ros2_ws/install/share/hiveflight_sim_node/hook/ld_library_path_lib.sh'
[79.985s] Level 1:colcon.colcon_core.environment:checking '/mnt/c/work/ubuntu_work/HiveFlight/ros2_ws/install/bin'
[79.986s] Level 1:colcon.colcon_core.environment:checking '/mnt/c/work/ubuntu_work/HiveFlight/ros2_ws/install/lib/pkgconfig/hiveflight_sim_node.pc'
[79.988s] Level 1:colcon.colcon_core.environment:checking '/mnt/c/work/ubuntu_work/HiveFlight/ros2_ws/install/lib/python3.10/site-packages'
[79.989s] Level 1:colcon.colcon_core.environment:checking '/mnt/c/work/ubuntu_work/HiveFlight/ros2_ws/install/bin'
[79.991s] INFO:colcon.colcon_core.shell:Creating package script '/mnt/c/work/ubuntu_work/HiveFlight/ros2_ws/install/share/hiveflight_sim_node/package.ps1'
[80.000s] INFO:colcon.colcon_core.shell:Creating package descriptor '/mnt/c/work/ubuntu_work/HiveFlight/ros2_ws/install/share/hiveflight_sim_node/package.dsv'
[80.010s] INFO:colcon.colcon_core.shell:Creating package script '/mnt/c/work/ubuntu_work/HiveFlight/ros2_ws/install/share/hiveflight_sim_node/package.sh'
[80.019s] INFO:colcon.colcon_core.shell:Creating package script '/mnt/c/work/ubuntu_work/HiveFlight/ros2_ws/install/share/hiveflight_sim_node/package.bash'
[80.029s] INFO:colcon.colcon_core.shell:Creating package script '/mnt/c/work/ubuntu_work/HiveFlight/ros2_ws/install/share/hiveflight_sim_node/package.zsh'
[80.038s] Level 1:colcon.colcon_core.environment:create_file_with_runtime_dependencies(/mnt/c/work/ubuntu_work/HiveFlight/ros2_ws/install/share/colcon-core/packages/hiveflight_sim_node)
[80.061s] Level 1:colcon.colcon_core.environment:create_environment_scripts_only(hiveflight_sim_node)
[80.061s] Level 1:colcon.colcon_core.environment:checking '/mnt/c/work/ubuntu_work/HiveFlight/ros2_ws/install' for CMake module files
[80.153s] Level 1:colcon.colcon_core.environment:checking '/mnt/c/work/ubuntu_work/HiveFlight/ros2_ws/install' for CMake config files
[80.348s] Level 1:colcon.colcon_core.shell:create_environment_hook('hiveflight_sim_node', 'cmake_prefix_path')
[80.348s] INFO:colcon.colcon_core.shell:Creating environment hook '/mnt/c/work/ubuntu_work/HiveFlight/ros2_ws/install/share/hiveflight_sim_node/hook/cmake_prefix_path.ps1'
[80.364s] INFO:colcon.colcon_core.shell:Creating environment descriptor '/mnt/c/work/ubuntu_work/HiveFlight/ros2_ws/install/share/hiveflight_sim_node/hook/cmake_prefix_path.dsv'
[80.379s] INFO:colcon.colcon_core.shell:Creating environment hook '/mnt/c/work/ubuntu_work/HiveFlight/ros2_ws/install/share/hiveflight_sim_node/hook/cmake_prefix_path.sh'
[80.398s] Level 1:colcon.colcon_core.environment:checking '/mnt/c/work/ubuntu_work/HiveFlight/ros2_ws/install/lib'
[80.402s] Level 1:colcon.colcon_core.shell:create_environment_hook('hiveflight_sim_node', 'ld_library_path_lib')
[80.403s] INFO:colcon.colcon_core.shell:Creating environment hook '/mnt/c/work/ubuntu_work/HiveFlight/ros2_ws/install/share/hiveflight_sim_node/hook/ld_library_path_lib.ps1'
[80.415s] INFO:colcon.colcon_core.shell:Creating environment descriptor '/mnt/c/work/ubuntu_work/HiveFlight/ros2_ws/install/share/hiveflight_sim_node/hook/ld_library_path_lib.dsv'
[80.428s] INFO:colcon.colcon_core.shell:Creating environment hook '/mnt/c/work/ubuntu_work/HiveFlight/ros2_ws/install/share/hiveflight_sim_node/hook/ld_library_path_lib.sh'
[80.442s] Level 1:colcon.colcon_core.environment:checking '/mnt/c/work/ubuntu_work/HiveFlight/ros2_ws/install/bin'
[80.443s] Level 1:colcon.colcon_core.environment:checking '/mnt/c/work/ubuntu_work/HiveFlight/ros2_ws/install/lib/pkgconfig/hiveflight_sim_node.pc'
[80.445s] Level 1:colcon.colcon_core.environment:checking '/mnt/c/work/ubuntu_work/HiveFlight/ros2_ws/install/lib/python3.10/site-packages'
[80.447s] Level 1:colcon.colcon_core.environment:checking '/mnt/c/work/ubuntu_work/HiveFlight/ros2_ws/install/bin'
[80.449s] INFO:colcon.colcon_core.shell:Creating package script '/mnt/c/work/ubuntu_work/HiveFlight/ros2_ws/install/share/hiveflight_sim_node/package.ps1'
[80.460s] INFO:colcon.colcon_core.shell:Creating package descriptor '/mnt/c/work/ubuntu_work/HiveFlight/ros2_ws/install/share/hiveflight_sim_node/package.dsv'
[80.470s] INFO:colcon.colcon_core.shell:Creating package script '/mnt/c/work/ubuntu_work/HiveFlight/ros2_ws/install/share/hiveflight_sim_node/package.sh'
[80.481s] INFO:colcon.colcon_core.shell:Creating package script '/mnt/c/work/ubuntu_work/HiveFlight/ros2_ws/install/share/hiveflight_sim_node/package.bash'
[80.491s] INFO:colcon.colcon_core.shell:Creating package script '/mnt/c/work/ubuntu_work/HiveFlight/ros2_ws/install/share/hiveflight_sim_node/package.zsh'
[80.502s] Level 1:colcon.colcon_core.environment:create_file_with_runtime_dependencies(/mnt/c/work/ubuntu_work/HiveFlight/ros2_ws/install/share/colcon-core/packages/hiveflight_sim_node)
[80.510s] DEBUG:colcon.colcon_parallel_executor.executor.parallel:closing loop
[80.511s] DEBUG:colcon.colcon_parallel_executor.executor.parallel:loop closed
[80.511s] DEBUG:colcon.colcon_parallel_executor.executor.parallel:run_until_complete finished with '0'
[80.512s] DEBUG:colcon.colcon_core.event_reactor:joining thread
[80.552s] INFO:colcon.colcon_core.plugin_system:Skipping extension 'colcon_notification.desktop_notification.notify_send': Could not find 'notify-send'
[80.552s] INFO:colcon.colcon_core.plugin_system:Skipping extension 'colcon_notification.desktop_notification.terminal_notifier': Not used on non-Darwin systems
[80.553s] INFO:colcon.colcon_core.plugin_system:Skipping extension 'colcon_notification.desktop_notification.win32': Not used on non-Windows systems
[80.553s] INFO:colcon.colcon_notification.desktop_notification:Sending desktop notification using 'notify2'
[80.553s] DEBUG:colcon.colcon_notification.desktop_notification.notify2:Failed to initialize notify2: org.freedesktop.DBus.Error.FileNotFound: Failed to connect to socket /run/user/1000/bus: No such file or directory
[80.554s] DEBUG:colcon.colcon_core.event_reactor:joined thread
[80.554s] INFO:colcon.colcon_core.shell:Creating prefix script '/mnt/c/work/ubuntu_work/HiveFlight/ros2_ws/install/local_setup.ps1'
[80.561s] INFO:colcon.colcon_core.shell:Creating prefix util module '/mnt/c/work/ubuntu_work/HiveFlight/ros2_ws/install/_local_setup_util_ps1.py'
[80.567s] INFO:colcon.colcon_core.shell:Creating prefix chain script '/mnt/c/work/ubuntu_work/HiveFlight/ros2_ws/install/setup.ps1'
[80.574s] INFO:colcon.colcon_core.shell:Creating prefix script '/mnt/c/work/ubuntu_work/HiveFlight/ros2_ws/install/local_setup.sh'
[80.580s] INFO:colcon.colcon_core.shell:Creating prefix util module '/mnt/c/work/ubuntu_work/HiveFlight/ros2_ws/install/_local_setup_util_sh.py'
[80.586s] INFO:colcon.colcon_core.shell:Creating prefix chain script '/mnt/c/work/ubuntu_work/HiveFlight/ros2_ws/install/setup.sh'
[82.586s] INFO:colcon.colcon_core.shell:Creating prefix script '/mnt/c/work/ubuntu_work/HiveFlight/ros2_ws/install/local_setup.bash'
[82.593s] INFO:colcon.colcon_core.shell:Creating prefix chain script '/mnt/c/work/ubuntu_work/HiveFlight/ros2_ws/install/setup.bash'
[82.599s] INFO:colcon.colcon_core.shell:Creating prefix script '/mnt/c/work/ubuntu_work/HiveFlight/ros2_ws/install/local_setup.zsh'
[82.605s] INFO:colcon.colcon_core.shell:Creating prefix chain script '/mnt/c/work/ubuntu_work/HiveFlight/ros2_ws/install/setup.zsh'
