[0.277s] DEBUG:colcon:Command line arguments: ['/usr/bin/colcon', 'build', '--base-paths', '/mnt/c/work/ubuntu_work/HiveFlight/ros2_ws/src', '--build-base', '/mnt/c/work/ubuntu_work/HiveFlight/ros2_ws/build', '--install-base', '/mnt/c/work/ubuntu_work/HiveFlight/ros2_ws/install', '--merge-install', '--event-handlers', 'console_direct+', '--parallel-workers', '4']
[0.277s] DEBUG:colcon:Parsed command line arguments: Namespace(log_base=None, log_level=None, verb_name='build', build_base='/mnt/c/work/ubuntu_work/HiveFlight/ros2_ws/build', install_base='/mnt/c/work/ubuntu_work/HiveFlight/ros2_ws/install', merge_install=True, symlink_install=False, test_result_base=None, continue_on_error=False, executor='parallel', parallel_workers=4, event_handlers=['console_direct+'], ignore_user_meta=False, metas=['./colcon.meta'], base_paths=['/mnt/c/work/ubuntu_work/HiveFlight/ros2_ws/src'], packages_ignore=None, packages_ignore_regex=None, paths=None, packages_up_to=None, packages_up_to_regex=None, packages_above=None, packages_above_and_dependencies=None, packages_above_depth=None, packages_select_by_dep=None, packages_skip_by_dep=None, packages_skip_up_to=None, packages_select_build_failed=False, packages_skip_build_finished=False, packages_select_test_failures=False, packages_skip_test_passed=False, packages_select=None, packages_skip=None, packages_select_regex=None, packages_skip_regex=None, packages_start=None, packages_end=None, allow_overriding=[], cmake_args=None, cmake_target=None, cmake_target_skip_unavailable=False, cmake_clean_cache=False, cmake_clean_first=False, cmake_force_configure=False, ament_cmake_args=None, catkin_cmake_args=None, catkin_skip_building_tests=False, verb_parser=<colcon_defaults.argument_parser.defaults.DefaultArgumentsDecorator object at 0x75df126cb010>, verb_extension=<colcon_core.verb.build.BuildVerb object at 0x75df126cabc0>, main=<bound method BuildVerb.main of <colcon_core.verb.build.BuildVerb object at 0x75df126cabc0>>)
[0.595s] Level 1:colcon.colcon_core.package_discovery:discover_packages(colcon_meta) check parameters
[0.596s] Level 1:colcon.colcon_core.package_discovery:discover_packages(recursive) check parameters
[0.596s] Level 1:colcon.colcon_core.package_discovery:discover_packages(ignore) check parameters
[0.596s] Level 1:colcon.colcon_core.package_discovery:discover_packages(path) check parameters
[0.596s] Level 1:colcon.colcon_core.package_discovery:discover_packages(recursive) discover
[0.597s] INFO:colcon.colcon_core.package_discovery:Crawling recursively for packages in '/mnt/c/work/ubuntu_work/HiveFlight/ros2_ws/src'
[0.601s] Level 1:colcon.colcon_core.package_identification:_identify(/mnt/c/work/ubuntu_work/HiveFlight/ros2_ws/src) by extensions ['ignore', 'ignore_ament_install']
[0.602s] Level 1:colcon.colcon_core.package_identification:_identify(/mnt/c/work/ubuntu_work/HiveFlight/ros2_ws/src) by extension 'ignore'
[0.603s] Level 1:colcon.colcon_core.package_identification:_identify(/mnt/c/work/ubuntu_work/HiveFlight/ros2_ws/src) by extension 'ignore_ament_install'
[0.605s] Level 1:colcon.colcon_core.package_identification:_identify(/mnt/c/work/ubuntu_work/HiveFlight/ros2_ws/src) by extensions ['colcon_pkg']
[0.606s] Level 1:colcon.colcon_core.package_identification:_identify(/mnt/c/work/ubuntu_work/HiveFlight/ros2_ws/src) by extension 'colcon_pkg'
[0.607s] Level 1:colcon.colcon_core.package_identification:_identify(/mnt/c/work/ubuntu_work/HiveFlight/ros2_ws/src) by extensions ['colcon_meta']
[0.607s] Level 1:colcon.colcon_core.package_identification:_identify(/mnt/c/work/ubuntu_work/HiveFlight/ros2_ws/src) by extension 'colcon_meta'
[0.610s] Level 1:colcon.colcon_core.package_identification:_identify(/mnt/c/work/ubuntu_work/HiveFlight/ros2_ws/src) by extensions ['ros']
[0.610s] Level 1:colcon.colcon_core.package_identification:_identify(/mnt/c/work/ubuntu_work/HiveFlight/ros2_ws/src) by extension 'ros'
[0.629s] Level 1:colcon.colcon_core.package_identification:_identify(/mnt/c/work/ubuntu_work/HiveFlight/ros2_ws/src) by extensions ['cmake', 'python']
[0.629s] Level 1:colcon.colcon_core.package_identification:_identify(/mnt/c/work/ubuntu_work/HiveFlight/ros2_ws/src) by extension 'cmake'
[0.631s] Level 1:colcon.colcon_core.package_identification:_identify(/mnt/c/work/ubuntu_work/HiveFlight/ros2_ws/src) by extension 'python'
[0.632s] Level 1:colcon.colcon_core.package_identification:_identify(/mnt/c/work/ubuntu_work/HiveFlight/ros2_ws/src) by extensions ['python_setup_py']
[0.632s] Level 1:colcon.colcon_core.package_identification:_identify(/mnt/c/work/ubuntu_work/HiveFlight/ros2_ws/src) by extension 'python_setup_py'
[0.640s] Level 1:colcon.colcon_core.package_identification:_identify(/mnt/c/work/ubuntu_work/HiveFlight/ros2_ws/src/hiveflight_interfaces) by extensions ['ignore', 'ignore_ament_install']
[0.640s] Level 1:colcon.colcon_core.package_identification:_identify(/mnt/c/work/ubuntu_work/HiveFlight/ros2_ws/src/hiveflight_interfaces) by extension 'ignore'
[0.642s] Level 1:colcon.colcon_core.package_identification:_identify(/mnt/c/work/ubuntu_work/HiveFlight/ros2_ws/src/hiveflight_interfaces) by extension 'ignore_ament_install'
[0.645s] Level 1:colcon.colcon_core.package_identification:_identify(/mnt/c/work/ubuntu_work/HiveFlight/ros2_ws/src/hiveflight_interfaces) by extensions ['colcon_pkg']
[0.645s] Level 1:colcon.colcon_core.package_identification:_identify(/mnt/c/work/ubuntu_work/HiveFlight/ros2_ws/src/hiveflight_interfaces) by extension 'colcon_pkg'
[0.647s] Level 1:colcon.colcon_core.package_identification:_identify(/mnt/c/work/ubuntu_work/HiveFlight/ros2_ws/src/hiveflight_interfaces) by extensions ['colcon_meta']
[0.647s] Level 1:colcon.colcon_core.package_identification:_identify(/mnt/c/work/ubuntu_work/HiveFlight/ros2_ws/src/hiveflight_interfaces) by extension 'colcon_meta'
[0.651s] Level 1:colcon.colcon_core.package_identification:_identify(/mnt/c/work/ubuntu_work/HiveFlight/ros2_ws/src/hiveflight_interfaces) by extensions ['ros']
[0.651s] Level 1:colcon.colcon_core.package_identification:_identify(/mnt/c/work/ubuntu_work/HiveFlight/ros2_ws/src/hiveflight_interfaces) by extension 'ros'
[0.680s] DEBUG:colcon.colcon_core.package_identification:Package '/mnt/c/work/ubuntu_work/HiveFlight/ros2_ws/src/hiveflight_interfaces' with type 'ros.ament_cmake' and name 'hiveflight_interfaces'
[0.687s] Level 1:colcon.colcon_core.package_identification:_identify(/mnt/c/work/ubuntu_work/HiveFlight/ros2_ws/src/hiveflight_sim) by extensions ['ignore', 'ignore_ament_install']
[0.687s] Level 1:colcon.colcon_core.package_identification:_identify(/mnt/c/work/ubuntu_work/HiveFlight/ros2_ws/src/hiveflight_sim) by extension 'ignore'
[0.689s] Level 1:colcon.colcon_core.package_identification:_identify(/mnt/c/work/ubuntu_work/HiveFlight/ros2_ws/src/hiveflight_sim) by extension 'ignore_ament_install'
[0.693s] Level 1:colcon.colcon_core.package_identification:_identify(/mnt/c/work/ubuntu_work/HiveFlight/ros2_ws/src/hiveflight_sim) by extensions ['colcon_pkg']
[0.693s] Level 1:colcon.colcon_core.package_identification:_identify(/mnt/c/work/ubuntu_work/HiveFlight/ros2_ws/src/hiveflight_sim) by extension 'colcon_pkg'
[0.694s] Level 1:colcon.colcon_core.package_identification:_identify(/mnt/c/work/ubuntu_work/HiveFlight/ros2_ws/src/hiveflight_sim) by extensions ['colcon_meta']
[0.695s] Level 1:colcon.colcon_core.package_identification:_identify(/mnt/c/work/ubuntu_work/HiveFlight/ros2_ws/src/hiveflight_sim) by extension 'colcon_meta'
[0.698s] Level 1:colcon.colcon_core.package_identification:_identify(/mnt/c/work/ubuntu_work/HiveFlight/ros2_ws/src/hiveflight_sim) by extensions ['ros']
[0.698s] Level 1:colcon.colcon_core.package_identification:_identify(/mnt/c/work/ubuntu_work/HiveFlight/ros2_ws/src/hiveflight_sim) by extension 'ros'
[0.715s] DEBUG:colcon.colcon_core.package_identification:Package '/mnt/c/work/ubuntu_work/HiveFlight/ros2_ws/src/hiveflight_sim' with type 'ros.ament_cmake' and name 'hiveflight_sim'
[0.721s] Level 1:colcon.colcon_core.package_identification:_identify(/mnt/c/work/ubuntu_work/HiveFlight/ros2_ws/src/hiveflight_sim_node) by extensions ['ignore', 'ignore_ament_install']
[0.721s] Level 1:colcon.colcon_core.package_identification:_identify(/mnt/c/work/ubuntu_work/HiveFlight/ros2_ws/src/hiveflight_sim_node) by extension 'ignore'
[0.723s] Level 1:colcon.colcon_core.package_identification:_identify(/mnt/c/work/ubuntu_work/HiveFlight/ros2_ws/src/hiveflight_sim_node) by extension 'ignore_ament_install'
[0.726s] Level 1:colcon.colcon_core.package_identification:_identify(/mnt/c/work/ubuntu_work/HiveFlight/ros2_ws/src/hiveflight_sim_node) by extensions ['colcon_pkg']
[0.727s] Level 1:colcon.colcon_core.package_identification:_identify(/mnt/c/work/ubuntu_work/HiveFlight/ros2_ws/src/hiveflight_sim_node) by extension 'colcon_pkg'
[0.728s] Level 1:colcon.colcon_core.package_identification:_identify(/mnt/c/work/ubuntu_work/HiveFlight/ros2_ws/src/hiveflight_sim_node) by extensions ['colcon_meta']
[0.728s] Level 1:colcon.colcon_core.package_identification:_identify(/mnt/c/work/ubuntu_work/HiveFlight/ros2_ws/src/hiveflight_sim_node) by extension 'colcon_meta'
[0.732s] Level 1:colcon.colcon_core.package_identification:_identify(/mnt/c/work/ubuntu_work/HiveFlight/ros2_ws/src/hiveflight_sim_node) by extensions ['ros']
[0.732s] Level 1:colcon.colcon_core.package_identification:_identify(/mnt/c/work/ubuntu_work/HiveFlight/ros2_ws/src/hiveflight_sim_node) by extension 'ros'
[0.747s] DEBUG:colcon.colcon_core.package_identification:Package '/mnt/c/work/ubuntu_work/HiveFlight/ros2_ws/src/hiveflight_sim_node' with type 'ros.ament_cmake' and name 'hiveflight_sim_node'
[0.748s] Level 1:colcon.colcon_core.package_discovery:discover_packages(recursive) using defaults
[0.800s] Level 1:colcon.colcon_core.package_discovery:discover_packages(prefix_path) check parameters
[0.800s] Level 1:colcon.colcon_core.package_discovery:discover_packages(prefix_path) discover
[0.804s] DEBUG:colcon.colcon_installed_package_information.package_discovery:Found 273 installed packages in /opt/ros/humble
[0.805s] Level 1:colcon.colcon_core.package_discovery:discover_packages(prefix_path) using defaults
[0.838s] Level 5:colcon.colcon_core.verb:set package 'hiveflight_interfaces' build argument 'cmake_args' from command line to 'None'
[0.838s] Level 5:colcon.colcon_core.verb:set package 'hiveflight_interfaces' build argument 'cmake_target' from command line to 'None'
[0.838s] Level 5:colcon.colcon_core.verb:set package 'hiveflight_interfaces' build argument 'cmake_target_skip_unavailable' from command line to 'False'
[0.838s] Level 5:colcon.colcon_core.verb:set package 'hiveflight_interfaces' build argument 'cmake_clean_cache' from command line to 'False'
[0.839s] Level 5:colcon.colcon_core.verb:set package 'hiveflight_interfaces' build argument 'cmake_clean_first' from command line to 'False'
[0.839s] Level 5:colcon.colcon_core.verb:set package 'hiveflight_interfaces' build argument 'cmake_force_configure' from command line to 'False'
[0.839s] Level 5:colcon.colcon_core.verb:set package 'hiveflight_interfaces' build argument 'ament_cmake_args' from command line to 'None'
[0.839s] Level 5:colcon.colcon_core.verb:set package 'hiveflight_interfaces' build argument 'catkin_cmake_args' from command line to 'None'
[0.840s] Level 5:colcon.colcon_core.verb:set package 'hiveflight_interfaces' build argument 'catkin_skip_building_tests' from command line to 'False'
[0.840s] DEBUG:colcon.colcon_core.verb:Building package 'hiveflight_interfaces' with the following arguments: {'ament_cmake_args': None, 'build_base': '/mnt/c/work/ubuntu_work/HiveFlight/ros2_ws/build/hiveflight_interfaces', 'catkin_cmake_args': None, 'catkin_skip_building_tests': False, 'cmake_args': None, 'cmake_clean_cache': False, 'cmake_clean_first': False, 'cmake_force_configure': False, 'cmake_target': None, 'cmake_target_skip_unavailable': False, 'install_base': '/mnt/c/work/ubuntu_work/HiveFlight/ros2_ws/install', 'merge_install': True, 'path': '/mnt/c/work/ubuntu_work/HiveFlight/ros2_ws/src/hiveflight_interfaces', 'symlink_install': False, 'test_result_base': None}
[0.840s] Level 5:colcon.colcon_core.verb:set package 'hiveflight_sim' build argument 'cmake_args' from command line to 'None'
[0.840s] Level 5:colcon.colcon_core.verb:set package 'hiveflight_sim' build argument 'cmake_target' from command line to 'None'
[0.841s] Level 5:colcon.colcon_core.verb:set package 'hiveflight_sim' build argument 'cmake_target_skip_unavailable' from command line to 'False'
[0.841s] Level 5:colcon.colcon_core.verb:set package 'hiveflight_sim' build argument 'cmake_clean_cache' from command line to 'False'
[0.841s] Level 5:colcon.colcon_core.verb:set package 'hiveflight_sim' build argument 'cmake_clean_first' from command line to 'False'
[0.841s] Level 5:colcon.colcon_core.verb:set package 'hiveflight_sim' build argument 'cmake_force_configure' from command line to 'False'
[0.841s] Level 5:colcon.colcon_core.verb:set package 'hiveflight_sim' build argument 'ament_cmake_args' from command line to 'None'
[0.842s] Level 5:colcon.colcon_core.verb:set package 'hiveflight_sim' build argument 'catkin_cmake_args' from command line to 'None'
[0.842s] Level 5:colcon.colcon_core.verb:set package 'hiveflight_sim' build argument 'catkin_skip_building_tests' from command line to 'False'
[0.842s] DEBUG:colcon.colcon_core.verb:Building package 'hiveflight_sim' with the following arguments: {'ament_cmake_args': None, 'build_base': '/mnt/c/work/ubuntu_work/HiveFlight/ros2_ws/build/hiveflight_sim', 'catkin_cmake_args': None, 'catkin_skip_building_tests': False, 'cmake_args': None, 'cmake_clean_cache': False, 'cmake_clean_first': False, 'cmake_force_configure': False, 'cmake_target': None, 'cmake_target_skip_unavailable': False, 'install_base': '/mnt/c/work/ubuntu_work/HiveFlight/ros2_ws/install', 'merge_install': True, 'path': '/mnt/c/work/ubuntu_work/HiveFlight/ros2_ws/src/hiveflight_sim', 'symlink_install': False, 'test_result_base': None}
[0.842s] Level 5:colcon.colcon_core.verb:set package 'hiveflight_sim_node' build argument 'cmake_args' from command line to 'None'
[0.843s] Level 5:colcon.colcon_core.verb:set package 'hiveflight_sim_node' build argument 'cmake_target' from command line to 'None'
[0.843s] Level 5:colcon.colcon_core.verb:set package 'hiveflight_sim_node' build argument 'cmake_target_skip_unavailable' from command line to 'False'
[0.843s] Level 5:colcon.colcon_core.verb:set package 'hiveflight_sim_node' build argument 'cmake_clean_cache' from command line to 'False'
[0.843s] Level 5:colcon.colcon_core.verb:set package 'hiveflight_sim_node' build argument 'cmake_clean_first' from command line to 'False'
[0.843s] Level 5:colcon.colcon_core.verb:set package 'hiveflight_sim_node' build argument 'cmake_force_configure' from command line to 'False'
[0.844s] Level 5:colcon.colcon_core.verb:set package 'hiveflight_sim_node' build argument 'ament_cmake_args' from command line to 'None'
[0.844s] Level 5:colcon.colcon_core.verb:set package 'hiveflight_sim_node' build argument 'catkin_cmake_args' from command line to 'None'
[0.844s] Level 5:colcon.colcon_core.verb:set package 'hiveflight_sim_node' build argument 'catkin_skip_building_tests' from command line to 'False'
[0.844s] DEBUG:colcon.colcon_core.verb:Building package 'hiveflight_sim_node' with the following arguments: {'ament_cmake_args': None, 'build_base': '/mnt/c/work/ubuntu_work/HiveFlight/ros2_ws/build/hiveflight_sim_node', 'catkin_cmake_args': None, 'catkin_skip_building_tests': False, 'cmake_args': None, 'cmake_clean_cache': False, 'cmake_clean_first': False, 'cmake_force_configure': False, 'cmake_target': None, 'cmake_target_skip_unavailable': False, 'install_base': '/mnt/c/work/ubuntu_work/HiveFlight/ros2_ws/install', 'merge_install': True, 'path': '/mnt/c/work/ubuntu_work/HiveFlight/ros2_ws/src/hiveflight_sim_node', 'symlink_install': False, 'test_result_base': None}
[0.845s] INFO:colcon.colcon_core.executor:Executing jobs using 'parallel' executor
[0.846s] DEBUG:colcon.colcon_parallel_executor.executor.parallel:run_until_complete
[0.846s] INFO:colcon.colcon_ros.task.ament_cmake.build:Building ROS package in '/mnt/c/work/ubuntu_work/HiveFlight/ros2_ws/src/hiveflight_interfaces' with build type 'ament_cmake'
[0.846s] INFO:colcon.colcon_cmake.task.cmake.build:Building CMake package in '/mnt/c/work/ubuntu_work/HiveFlight/ros2_ws/src/hiveflight_interfaces'
[0.862s] INFO:colcon.colcon_core.plugin_system:Skipping extension 'colcon_core.shell.bat': Not used on non-Windows systems
[0.862s] INFO:colcon.colcon_core.shell:Skip shell extension 'powershell' for command environment: Not usable outside of PowerShell
[0.862s] DEBUG:colcon.colcon_core.shell:Skip shell extension 'dsv' for command environment
[0.936s] DEBUG:colcon.colcon_core.event_handler.log_command:Invoking command in '/mnt/c/work/ubuntu_work/HiveFlight/ros2_ws/build/hiveflight_interfaces': CMAKE_PREFIX_PATH=/opt/ros/humble /usr/bin/cmake /mnt/c/work/ubuntu_work/HiveFlight/ros2_ws/src/hiveflight_interfaces -DCMAKE_INSTALL_PREFIX=/mnt/c/work/ubuntu_work/HiveFlight/ros2_ws/install
[12.363s] DEBUG:colcon.colcon_core.event_handler.log_command:Invoked command in '/mnt/c/work/ubuntu_work/HiveFlight/ros2_ws/build/hiveflight_interfaces' returned '0': CMAKE_PREFIX_PATH=/opt/ros/humble /usr/bin/cmake /mnt/c/work/ubuntu_work/HiveFlight/ros2_ws/src/hiveflight_interfaces -DCMAKE_INSTALL_PREFIX=/mnt/c/work/ubuntu_work/HiveFlight/ros2_ws/install
[12.379s] DEBUG:colcon.colcon_core.event_handler.log_command:Invoking command in '/mnt/c/work/ubuntu_work/HiveFlight/ros2_ws/build/hiveflight_interfaces': CMAKE_PREFIX_PATH=/opt/ros/humble /usr/bin/cmake --build /mnt/c/work/ubuntu_work/HiveFlight/ros2_ws/build/hiveflight_interfaces -- -j16 -l16
[18.575s] DEBUG:colcon.colcon_core.event_handler.log_command:Invoked command in '/mnt/c/work/ubuntu_work/HiveFlight/ros2_ws/build/hiveflight_interfaces' returned '0': CMAKE_PREFIX_PATH=/opt/ros/humble /usr/bin/cmake --build /mnt/c/work/ubuntu_work/HiveFlight/ros2_ws/build/hiveflight_interfaces -- -j16 -l16
[18.605s] DEBUG:colcon.colcon_core.event_handler.log_command:Invoking command in '/mnt/c/work/ubuntu_work/HiveFlight/ros2_ws/build/hiveflight_interfaces': CMAKE_PREFIX_PATH=/opt/ros/humble /usr/bin/cmake --install /mnt/c/work/ubuntu_work/HiveFlight/ros2_ws/build/hiveflight_interfaces
[27.365s] Level 1:colcon.colcon_core.environment:create_environment_scripts_only(hiveflight_interfaces)
[27.366s] DEBUG:colcon.colcon_core.event_handler.log_command:Invoked command in '/mnt/c/work/ubuntu_work/HiveFlight/ros2_ws/build/hiveflight_interfaces' returned '0': CMAKE_PREFIX_PATH=/opt/ros/humble /usr/bin/cmake --install /mnt/c/work/ubuntu_work/HiveFlight/ros2_ws/build/hiveflight_interfaces
[27.373s] Level 1:colcon.colcon_core.environment:checking '/mnt/c/work/ubuntu_work/HiveFlight/ros2_ws/install' for CMake module files
[27.573s] Level 1:colcon.colcon_core.environment:checking '/mnt/c/work/ubuntu_work/HiveFlight/ros2_ws/install' for CMake config files
[27.729s] Level 1:colcon.colcon_core.shell:create_environment_hook('hiveflight_interfaces', 'cmake_prefix_path')
[27.730s] INFO:colcon.colcon_core.shell:Creating environment hook '/mnt/c/work/ubuntu_work/HiveFlight/ros2_ws/install/share/hiveflight_interfaces/hook/cmake_prefix_path.ps1'
[27.744s] INFO:colcon.colcon_core.shell:Creating environment descriptor '/mnt/c/work/ubuntu_work/HiveFlight/ros2_ws/install/share/hiveflight_interfaces/hook/cmake_prefix_path.dsv'
[27.759s] INFO:colcon.colcon_core.shell:Creating environment hook '/mnt/c/work/ubuntu_work/HiveFlight/ros2_ws/install/share/hiveflight_interfaces/hook/cmake_prefix_path.sh'
[27.777s] Level 1:colcon.colcon_core.environment:checking '/mnt/c/work/ubuntu_work/HiveFlight/ros2_ws/install/lib'
[27.781s] Level 1:colcon.colcon_core.shell:create_environment_hook('hiveflight_interfaces', 'ld_library_path_lib')
[27.782s] INFO:colcon.colcon_core.shell:Creating environment hook '/mnt/c/work/ubuntu_work/HiveFlight/ros2_ws/install/share/hiveflight_interfaces/hook/ld_library_path_lib.ps1'
[27.794s] INFO:colcon.colcon_core.shell:Creating environment descriptor '/mnt/c/work/ubuntu_work/HiveFlight/ros2_ws/install/share/hiveflight_interfaces/hook/ld_library_path_lib.dsv'
[27.807s] INFO:colcon.colcon_core.shell:Creating environment hook '/mnt/c/work/ubuntu_work/HiveFlight/ros2_ws/install/share/hiveflight_interfaces/hook/ld_library_path_lib.sh'
[27.821s] Level 1:colcon.colcon_core.environment:checking '/mnt/c/work/ubuntu_work/HiveFlight/ros2_ws/install/bin'
[27.822s] Level 1:colcon.colcon_core.environment:checking '/mnt/c/work/ubuntu_work/HiveFlight/ros2_ws/install/lib/pkgconfig/hiveflight_interfaces.pc'
[27.824s] Level 1:colcon.colcon_core.environment:checking '/mnt/c/work/ubuntu_work/HiveFlight/ros2_ws/install/lib/python3.10/site-packages'
[27.826s] Level 1:colcon.colcon_core.environment:checking '/mnt/c/work/ubuntu_work/HiveFlight/ros2_ws/install/bin'
[27.828s] INFO:colcon.colcon_core.shell:Creating package script '/mnt/c/work/ubuntu_work/HiveFlight/ros2_ws/install/share/hiveflight_interfaces/package.ps1'
[27.841s] INFO:colcon.colcon_core.shell:Creating package descriptor '/mnt/c/work/ubuntu_work/HiveFlight/ros2_ws/install/share/hiveflight_interfaces/package.dsv'
[27.854s] INFO:colcon.colcon_core.shell:Creating package script '/mnt/c/work/ubuntu_work/HiveFlight/ros2_ws/install/share/hiveflight_interfaces/package.sh'
[27.865s] INFO:colcon.colcon_core.shell:Creating package script '/mnt/c/work/ubuntu_work/HiveFlight/ros2_ws/install/share/hiveflight_interfaces/package.bash'
[27.877s] INFO:colcon.colcon_core.shell:Creating package script '/mnt/c/work/ubuntu_work/HiveFlight/ros2_ws/install/share/hiveflight_interfaces/package.zsh'
[27.889s] Level 1:colcon.colcon_core.environment:create_file_with_runtime_dependencies(/mnt/c/work/ubuntu_work/HiveFlight/ros2_ws/install/share/colcon-core/packages/hiveflight_interfaces)
[27.917s] Level 1:colcon.colcon_core.environment:create_environment_scripts_only(hiveflight_interfaces)
[27.917s] Level 1:colcon.colcon_core.environment:checking '/mnt/c/work/ubuntu_work/HiveFlight/ros2_ws/install' for CMake module files
[28.133s] Level 1:colcon.colcon_core.environment:checking '/mnt/c/work/ubuntu_work/HiveFlight/ros2_ws/install' for CMake config files
[28.307s] Level 1:colcon.colcon_core.shell:create_environment_hook('hiveflight_interfaces', 'cmake_prefix_path')
[28.308s] INFO:colcon.colcon_core.shell:Creating environment hook '/mnt/c/work/ubuntu_work/HiveFlight/ros2_ws/install/share/hiveflight_interfaces/hook/cmake_prefix_path.ps1'
[28.322s] INFO:colcon.colcon_core.shell:Creating environment descriptor '/mnt/c/work/ubuntu_work/HiveFlight/ros2_ws/install/share/hiveflight_interfaces/hook/cmake_prefix_path.dsv'
[28.335s] INFO:colcon.colcon_core.shell:Creating environment hook '/mnt/c/work/ubuntu_work/HiveFlight/ros2_ws/install/share/hiveflight_interfaces/hook/cmake_prefix_path.sh'
[28.354s] Level 1:colcon.colcon_core.environment:checking '/mnt/c/work/ubuntu_work/HiveFlight/ros2_ws/install/lib'
[28.359s] Level 1:colcon.colcon_core.shell:create_environment_hook('hiveflight_interfaces', 'ld_library_path_lib')
[28.360s] INFO:colcon.colcon_core.shell:Creating environment hook '/mnt/c/work/ubuntu_work/HiveFlight/ros2_ws/install/share/hiveflight_interfaces/hook/ld_library_path_lib.ps1'
[28.374s] INFO:colcon.colcon_core.shell:Creating environment descriptor '/mnt/c/work/ubuntu_work/HiveFlight/ros2_ws/install/share/hiveflight_interfaces/hook/ld_library_path_lib.dsv'
[28.388s] INFO:colcon.colcon_core.shell:Creating environment hook '/mnt/c/work/ubuntu_work/HiveFlight/ros2_ws/install/share/hiveflight_interfaces/hook/ld_library_path_lib.sh'
[28.400s] Level 1:colcon.colcon_core.environment:checking '/mnt/c/work/ubuntu_work/HiveFlight/ros2_ws/install/bin'
[28.402s] Level 1:colcon.colcon_core.environment:checking '/mnt/c/work/ubuntu_work/HiveFlight/ros2_ws/install/lib/pkgconfig/hiveflight_interfaces.pc'
[28.404s] Level 1:colcon.colcon_core.environment:checking '/mnt/c/work/ubuntu_work/HiveFlight/ros2_ws/install/lib/python3.10/site-packages'
[28.405s] Level 1:colcon.colcon_core.environment:checking '/mnt/c/work/ubuntu_work/HiveFlight/ros2_ws/install/bin'
[28.407s] INFO:colcon.colcon_core.shell:Creating package script '/mnt/c/work/ubuntu_work/HiveFlight/ros2_ws/install/share/hiveflight_interfaces/package.ps1'
[28.418s] INFO:colcon.colcon_core.shell:Creating package descriptor '/mnt/c/work/ubuntu_work/HiveFlight/ros2_ws/install/share/hiveflight_interfaces/package.dsv'
[28.429s] INFO:colcon.colcon_core.shell:Creating package script '/mnt/c/work/ubuntu_work/HiveFlight/ros2_ws/install/share/hiveflight_interfaces/package.sh'
[28.442s] INFO:colcon.colcon_core.shell:Creating package script '/mnt/c/work/ubuntu_work/HiveFlight/ros2_ws/install/share/hiveflight_interfaces/package.bash'
[28.454s] INFO:colcon.colcon_core.shell:Creating package script '/mnt/c/work/ubuntu_work/HiveFlight/ros2_ws/install/share/hiveflight_interfaces/package.zsh'
[28.467s] Level 1:colcon.colcon_core.environment:create_file_with_runtime_dependencies(/mnt/c/work/ubuntu_work/HiveFlight/ros2_ws/install/share/colcon-core/packages/hiveflight_interfaces)
[28.475s] INFO:colcon.colcon_ros.task.ament_cmake.build:Building ROS package in '/mnt/c/work/ubuntu_work/HiveFlight/ros2_ws/src/hiveflight_sim' with build type 'ament_cmake'
[28.475s] INFO:colcon.colcon_cmake.task.cmake.build:Building CMake package in '/mnt/c/work/ubuntu_work/HiveFlight/ros2_ws/src/hiveflight_sim'
[28.476s] INFO:colcon.colcon_core.shell:Skip shell extension 'powershell' for command environment: Not usable outside of PowerShell
[28.476s] DEBUG:colcon.colcon_core.shell:Skip shell extension 'dsv' for command environment
[28.693s] DEBUG:colcon.colcon_core.event_handler.log_command:Invoking command in '/mnt/c/work/ubuntu_work/HiveFlight/ros2_ws/build/hiveflight_sim': AMENT_PREFIX_PATH=/mnt/c/work/ubuntu_work/HiveFlight/ros2_ws/install:${AMENT_PREFIX_PATH} CMAKE_PREFIX_PATH=/mnt/c/work/ubuntu_work/HiveFlight/ros2_ws/install:/opt/ros/humble LD_LIBRARY_PATH=/mnt/c/work/ubuntu_work/HiveFlight/ros2_ws/install/lib:${LD_LIBRARY_PATH} PYTHONPATH=/mnt/c/work/ubuntu_work/HiveFlight/ros2_ws/install/local/lib/python3.10/dist-packages:${PYTHONPATH} /usr/bin/cmake /mnt/c/work/ubuntu_work/HiveFlight/ros2_ws/src/hiveflight_sim -DCMAKE_INSTALL_PREFIX=/mnt/c/work/ubuntu_work/HiveFlight/ros2_ws/install
[43.759s] DEBUG:colcon.colcon_core.event_handler.log_command:Invoked command in '/mnt/c/work/ubuntu_work/HiveFlight/ros2_ws/build/hiveflight_sim' returned '0': AMENT_PREFIX_PATH=/mnt/c/work/ubuntu_work/HiveFlight/ros2_ws/install:${AMENT_PREFIX_PATH} CMAKE_PREFIX_PATH=/mnt/c/work/ubuntu_work/HiveFlight/ros2_ws/install:/opt/ros/humble LD_LIBRARY_PATH=/mnt/c/work/ubuntu_work/HiveFlight/ros2_ws/install/lib:${LD_LIBRARY_PATH} PYTHONPATH=/mnt/c/work/ubuntu_work/HiveFlight/ros2_ws/install/local/lib/python3.10/dist-packages:${PYTHONPATH} /usr/bin/cmake /mnt/c/work/ubuntu_work/HiveFlight/ros2_ws/src/hiveflight_sim -DCMAKE_INSTALL_PREFIX=/mnt/c/work/ubuntu_work/HiveFlight/ros2_ws/install
[43.770s] DEBUG:colcon.colcon_core.event_handler.log_command:Invoking command in '/mnt/c/work/ubuntu_work/HiveFlight/ros2_ws/build/hiveflight_sim': AMENT_PREFIX_PATH=/mnt/c/work/ubuntu_work/HiveFlight/ros2_ws/install:${AMENT_PREFIX_PATH} CMAKE_PREFIX_PATH=/mnt/c/work/ubuntu_work/HiveFlight/ros2_ws/install:/opt/ros/humble LD_LIBRARY_PATH=/mnt/c/work/ubuntu_work/HiveFlight/ros2_ws/install/lib:${LD_LIBRARY_PATH} PYTHONPATH=/mnt/c/work/ubuntu_work/HiveFlight/ros2_ws/install/local/lib/python3.10/dist-packages:${PYTHONPATH} /usr/bin/cmake --build /mnt/c/work/ubuntu_work/HiveFlight/ros2_ws/build/hiveflight_sim -- -j16 -l16
[60.546s] DEBUG:colcon.colcon_core.event_handler.log_command:Invoked command in '/mnt/c/work/ubuntu_work/HiveFlight/ros2_ws/build/hiveflight_sim' returned '0': AMENT_PREFIX_PATH=/mnt/c/work/ubuntu_work/HiveFlight/ros2_ws/install:${AMENT_PREFIX_PATH} CMAKE_PREFIX_PATH=/mnt/c/work/ubuntu_work/HiveFlight/ros2_ws/install:/opt/ros/humble LD_LIBRARY_PATH=/mnt/c/work/ubuntu_work/HiveFlight/ros2_ws/install/lib:${LD_LIBRARY_PATH} PYTHONPATH=/mnt/c/work/ubuntu_work/HiveFlight/ros2_ws/install/local/lib/python3.10/dist-packages:${PYTHONPATH} /usr/bin/cmake --build /mnt/c/work/ubuntu_work/HiveFlight/ros2_ws/build/hiveflight_sim -- -j16 -l16
[60.572s] DEBUG:colcon.colcon_core.event_handler.log_command:Invoking command in '/mnt/c/work/ubuntu_work/HiveFlight/ros2_ws/build/hiveflight_sim': AMENT_PREFIX_PATH=/mnt/c/work/ubuntu_work/HiveFlight/ros2_ws/install:${AMENT_PREFIX_PATH} CMAKE_PREFIX_PATH=/mnt/c/work/ubuntu_work/HiveFlight/ros2_ws/install:/opt/ros/humble LD_LIBRARY_PATH=/mnt/c/work/ubuntu_work/HiveFlight/ros2_ws/install/lib:${LD_LIBRARY_PATH} PYTHONPATH=/mnt/c/work/ubuntu_work/HiveFlight/ros2_ws/install/local/lib/python3.10/dist-packages:${PYTHONPATH} /usr/bin/cmake --install /mnt/c/work/ubuntu_work/HiveFlight/ros2_ws/build/hiveflight_sim
[62.801s] Level 1:colcon.colcon_core.environment:create_environment_scripts_only(hiveflight_sim)
[62.802s] Level 1:colcon.colcon_core.environment:checking '/mnt/c/work/ubuntu_work/HiveFlight/ros2_ws/install' for CMake module files
[62.803s] DEBUG:colcon.colcon_core.event_handler.log_command:Invoked command in '/mnt/c/work/ubuntu_work/HiveFlight/ros2_ws/build/hiveflight_sim' returned '0': AMENT_PREFIX_PATH=/mnt/c/work/ubuntu_work/HiveFlight/ros2_ws/install:${AMENT_PREFIX_PATH} CMAKE_PREFIX_PATH=/mnt/c/work/ubuntu_work/HiveFlight/ros2_ws/install:/opt/ros/humble LD_LIBRARY_PATH=/mnt/c/work/ubuntu_work/HiveFlight/ros2_ws/install/lib:${LD_LIBRARY_PATH} PYTHONPATH=/mnt/c/work/ubuntu_work/HiveFlight/ros2_ws/install/local/lib/python3.10/dist-packages:${PYTHONPATH} /usr/bin/cmake --install /mnt/c/work/ubuntu_work/HiveFlight/ros2_ws/build/hiveflight_sim
[62.888s] Level 1:colcon.colcon_core.environment:checking '/mnt/c/work/ubuntu_work/HiveFlight/ros2_ws/install' for CMake config files
[63.062s] Level 1:colcon.colcon_core.shell:create_environment_hook('hiveflight_sim', 'cmake_prefix_path')
[63.063s] INFO:colcon.colcon_core.shell:Creating environment hook '/mnt/c/work/ubuntu_work/HiveFlight/ros2_ws/install/share/hiveflight_sim/hook/cmake_prefix_path.ps1'
[63.074s] INFO:colcon.colcon_core.shell:Creating environment descriptor '/mnt/c/work/ubuntu_work/HiveFlight/ros2_ws/install/share/hiveflight_sim/hook/cmake_prefix_path.dsv'
[63.087s] INFO:colcon.colcon_core.shell:Creating environment hook '/mnt/c/work/ubuntu_work/HiveFlight/ros2_ws/install/share/hiveflight_sim/hook/cmake_prefix_path.sh'
[63.104s] Level 1:colcon.colcon_core.environment:checking '/mnt/c/work/ubuntu_work/HiveFlight/ros2_ws/install/lib'
[63.108s] Level 1:colcon.colcon_core.shell:create_environment_hook('hiveflight_sim', 'ld_library_path_lib')
[63.109s] INFO:colcon.colcon_core.shell:Creating environment hook '/mnt/c/work/ubuntu_work/HiveFlight/ros2_ws/install/share/hiveflight_sim/hook/ld_library_path_lib.ps1'
[63.120s] INFO:colcon.colcon_core.shell:Creating environment descriptor '/mnt/c/work/ubuntu_work/HiveFlight/ros2_ws/install/share/hiveflight_sim/hook/ld_library_path_lib.dsv'
[63.134s] INFO:colcon.colcon_core.shell:Creating environment hook '/mnt/c/work/ubuntu_work/HiveFlight/ros2_ws/install/share/hiveflight_sim/hook/ld_library_path_lib.sh'
[63.147s] Level 1:colcon.colcon_core.environment:checking '/mnt/c/work/ubuntu_work/HiveFlight/ros2_ws/install/bin'
[63.149s] Level 1:colcon.colcon_core.environment:checking '/mnt/c/work/ubuntu_work/HiveFlight/ros2_ws/install/lib/pkgconfig/hiveflight_sim.pc'
[63.150s] Level 1:colcon.colcon_core.environment:checking '/mnt/c/work/ubuntu_work/HiveFlight/ros2_ws/install/lib/python3.10/site-packages'
[63.152s] Level 1:colcon.colcon_core.environment:checking '/mnt/c/work/ubuntu_work/HiveFlight/ros2_ws/install/bin'
[63.153s] INFO:colcon.colcon_core.shell:Creating package script '/mnt/c/work/ubuntu_work/HiveFlight/ros2_ws/install/share/hiveflight_sim/package.ps1'
[63.165s] INFO:colcon.colcon_core.shell:Creating package descriptor '/mnt/c/work/ubuntu_work/HiveFlight/ros2_ws/install/share/hiveflight_sim/package.dsv'
[63.176s] INFO:colcon.colcon_core.shell:Creating package script '/mnt/c/work/ubuntu_work/HiveFlight/ros2_ws/install/share/hiveflight_sim/package.sh'
[63.187s] INFO:colcon.colcon_core.shell:Creating package script '/mnt/c/work/ubuntu_work/HiveFlight/ros2_ws/install/share/hiveflight_sim/package.bash'
[63.197s] INFO:colcon.colcon_core.shell:Creating package script '/mnt/c/work/ubuntu_work/HiveFlight/ros2_ws/install/share/hiveflight_sim/package.zsh'
[63.207s] Level 1:colcon.colcon_core.environment:create_file_with_runtime_dependencies(/mnt/c/work/ubuntu_work/HiveFlight/ros2_ws/install/share/colcon-core/packages/hiveflight_sim)
[63.233s] Level 1:colcon.colcon_core.environment:create_environment_scripts_only(hiveflight_sim)
[63.234s] Level 1:colcon.colcon_core.environment:checking '/mnt/c/work/ubuntu_work/HiveFlight/ros2_ws/install' for CMake module files
[63.327s] Level 1:colcon.colcon_core.environment:checking '/mnt/c/work/ubuntu_work/HiveFlight/ros2_ws/install' for CMake config files
[63.497s] Level 1:colcon.colcon_core.shell:create_environment_hook('hiveflight_sim', 'cmake_prefix_path')
[63.497s] INFO:colcon.colcon_core.shell:Creating environment hook '/mnt/c/work/ubuntu_work/HiveFlight/ros2_ws/install/share/hiveflight_sim/hook/cmake_prefix_path.ps1'
[63.511s] INFO:colcon.colcon_core.shell:Creating environment descriptor '/mnt/c/work/ubuntu_work/HiveFlight/ros2_ws/install/share/hiveflight_sim/hook/cmake_prefix_path.dsv'
[63.524s] INFO:colcon.colcon_core.shell:Creating environment hook '/mnt/c/work/ubuntu_work/HiveFlight/ros2_ws/install/share/hiveflight_sim/hook/cmake_prefix_path.sh'
[63.541s] Level 1:colcon.colcon_core.environment:checking '/mnt/c/work/ubuntu_work/HiveFlight/ros2_ws/install/lib'
[63.545s] Level 1:colcon.colcon_core.shell:create_environment_hook('hiveflight_sim', 'ld_library_path_lib')
[63.546s] INFO:colcon.colcon_core.shell:Creating environment hook '/mnt/c/work/ubuntu_work/HiveFlight/ros2_ws/install/share/hiveflight_sim/hook/ld_library_path_lib.ps1'
[63.559s] INFO:colcon.colcon_core.shell:Creating environment descriptor '/mnt/c/work/ubuntu_work/HiveFlight/ros2_ws/install/share/hiveflight_sim/hook/ld_library_path_lib.dsv'
[63.572s] INFO:colcon.colcon_core.shell:Creating environment hook '/mnt/c/work/ubuntu_work/HiveFlight/ros2_ws/install/share/hiveflight_sim/hook/ld_library_path_lib.sh'
[63.585s] Level 1:colcon.colcon_core.environment:checking '/mnt/c/work/ubuntu_work/HiveFlight/ros2_ws/install/bin'
[63.587s] Level 1:colcon.colcon_core.environment:checking '/mnt/c/work/ubuntu_work/HiveFlight/ros2_ws/install/lib/pkgconfig/hiveflight_sim.pc'
[63.588s] Level 1:colcon.colcon_core.environment:checking '/mnt/c/work/ubuntu_work/HiveFlight/ros2_ws/install/lib/python3.10/site-packages'
[63.590s] Level 1:colcon.colcon_core.environment:checking '/mnt/c/work/ubuntu_work/HiveFlight/ros2_ws/install/bin'
[63.591s] INFO:colcon.colcon_core.shell:Creating package script '/mnt/c/work/ubuntu_work/HiveFlight/ros2_ws/install/share/hiveflight_sim/package.ps1'
[63.602s] INFO:colcon.colcon_core.shell:Creating package descriptor '/mnt/c/work/ubuntu_work/HiveFlight/ros2_ws/install/share/hiveflight_sim/package.dsv'
[63.614s] INFO:colcon.colcon_core.shell:Creating package script '/mnt/c/work/ubuntu_work/HiveFlight/ros2_ws/install/share/hiveflight_sim/package.sh'
[63.624s] INFO:colcon.colcon_core.shell:Creating package script '/mnt/c/work/ubuntu_work/HiveFlight/ros2_ws/install/share/hiveflight_sim/package.bash'
[63.636s] INFO:colcon.colcon_core.shell:Creating package script '/mnt/c/work/ubuntu_work/HiveFlight/ros2_ws/install/share/hiveflight_sim/package.zsh'
[63.648s] Level 1:colcon.colcon_core.environment:create_file_with_runtime_dependencies(/mnt/c/work/ubuntu_work/HiveFlight/ros2_ws/install/share/colcon-core/packages/hiveflight_sim)
[63.656s] INFO:colcon.colcon_ros.task.ament_cmake.build:Building ROS package in '/mnt/c/work/ubuntu_work/HiveFlight/ros2_ws/src/hiveflight_sim_node' with build type 'ament_cmake'
[63.656s] INFO:colcon.colcon_cmake.task.cmake.build:Building CMake package in '/mnt/c/work/ubuntu_work/HiveFlight/ros2_ws/src/hiveflight_sim_node'
[63.657s] INFO:colcon.colcon_core.shell:Skip shell extension 'powershell' for command environment: Not usable outside of PowerShell
[63.657s] DEBUG:colcon.colcon_core.shell:Skip shell extension 'dsv' for command environment
[63.983s] DEBUG:colcon.colcon_core.event_handler.log_command:Invoking command in '/mnt/c/work/ubuntu_work/HiveFlight/ros2_ws/build/hiveflight_sim_node': AMENT_PREFIX_PATH=/mnt/c/work/ubuntu_work/HiveFlight/ros2_ws/install:${AMENT_PREFIX_PATH} CMAKE_PREFIX_PATH=/mnt/c/work/ubuntu_work/HiveFlight/ros2_ws/install:/opt/ros/humble LD_LIBRARY_PATH=/mnt/c/work/ubuntu_work/HiveFlight/ros2_ws/install/lib:${LD_LIBRARY_PATH} PYTHONPATH=/mnt/c/work/ubuntu_work/HiveFlight/ros2_ws/install/local/lib/python3.10/dist-packages:${PYTHONPATH} /usr/bin/cmake /mnt/c/work/ubuntu_work/HiveFlight/ros2_ws/src/hiveflight_sim_node -DCMAKE_INSTALL_PREFIX=/mnt/c/work/ubuntu_work/HiveFlight/ros2_ws/install
[78.908s] DEBUG:colcon.colcon_core.event_handler.log_command:Invoked command in '/mnt/c/work/ubuntu_work/HiveFlight/ros2_ws/build/hiveflight_sim_node' returned '0': AMENT_PREFIX_PATH=/mnt/c/work/ubuntu_work/HiveFlight/ros2_ws/install:${AMENT_PREFIX_PATH} CMAKE_PREFIX_PATH=/mnt/c/work/ubuntu_work/HiveFlight/ros2_ws/install:/opt/ros/humble LD_LIBRARY_PATH=/mnt/c/work/ubuntu_work/HiveFlight/ros2_ws/install/lib:${LD_LIBRARY_PATH} PYTHONPATH=/mnt/c/work/ubuntu_work/HiveFlight/ros2_ws/install/local/lib/python3.10/dist-packages:${PYTHONPATH} /usr/bin/cmake /mnt/c/work/ubuntu_work/HiveFlight/ros2_ws/src/hiveflight_sim_node -DCMAKE_INSTALL_PREFIX=/mnt/c/work/ubuntu_work/HiveFlight/ros2_ws/install
[78.919s] DEBUG:colcon.colcon_core.event_handler.log_command:Invoking command in '/mnt/c/work/ubuntu_work/HiveFlight/ros2_ws/build/hiveflight_sim_node': AMENT_PREFIX_PATH=/mnt/c/work/ubuntu_work/HiveFlight/ros2_ws/install:${AMENT_PREFIX_PATH} CMAKE_PREFIX_PATH=/mnt/c/work/ubuntu_work/HiveFlight/ros2_ws/install:/opt/ros/humble LD_LIBRARY_PATH=/mnt/c/work/ubuntu_work/HiveFlight/ros2_ws/install/lib:${LD_LIBRARY_PATH} PYTHONPATH=/mnt/c/work/ubuntu_work/HiveFlight/ros2_ws/install/local/lib/python3.10/dist-packages:${PYTHONPATH} /usr/bin/cmake --build /mnt/c/work/ubuntu_work/HiveFlight/ros2_ws/build/hiveflight_sim_node -- -j16 -l16
[94.587s] DEBUG:colcon.colcon_core.event_handler.log_command:Invoked command in '/mnt/c/work/ubuntu_work/HiveFlight/ros2_ws/build/hiveflight_sim_node' returned '0': AMENT_PREFIX_PATH=/mnt/c/work/ubuntu_work/HiveFlight/ros2_ws/install:${AMENT_PREFIX_PATH} CMAKE_PREFIX_PATH=/mnt/c/work/ubuntu_work/HiveFlight/ros2_ws/install:/opt/ros/humble LD_LIBRARY_PATH=/mnt/c/work/ubuntu_work/HiveFlight/ros2_ws/install/lib:${LD_LIBRARY_PATH} PYTHONPATH=/mnt/c/work/ubuntu_work/HiveFlight/ros2_ws/install/local/lib/python3.10/dist-packages:${PYTHONPATH} /usr/bin/cmake --build /mnt/c/work/ubuntu_work/HiveFlight/ros2_ws/build/hiveflight_sim_node -- -j16 -l16
[94.611s] DEBUG:colcon.colcon_core.event_handler.log_command:Invoking command in '/mnt/c/work/ubuntu_work/HiveFlight/ros2_ws/build/hiveflight_sim_node': AMENT_PREFIX_PATH=/mnt/c/work/ubuntu_work/HiveFlight/ros2_ws/install:${AMENT_PREFIX_PATH} CMAKE_PREFIX_PATH=/mnt/c/work/ubuntu_work/HiveFlight/ros2_ws/install:/opt/ros/humble LD_LIBRARY_PATH=/mnt/c/work/ubuntu_work/HiveFlight/ros2_ws/install/lib:${LD_LIBRARY_PATH} PYTHONPATH=/mnt/c/work/ubuntu_work/HiveFlight/ros2_ws/install/local/lib/python3.10/dist-packages:${PYTHONPATH} /usr/bin/cmake --install /mnt/c/work/ubuntu_work/HiveFlight/ros2_ws/build/hiveflight_sim_node
[95.973s] Level 1:colcon.colcon_core.environment:create_environment_scripts_only(hiveflight_sim_node)
[95.973s] Level 1:colcon.colcon_core.environment:checking '/mnt/c/work/ubuntu_work/HiveFlight/ros2_ws/install' for CMake module files
[95.974s] DEBUG:colcon.colcon_core.event_handler.log_command:Invoked command in '/mnt/c/work/ubuntu_work/HiveFlight/ros2_ws/build/hiveflight_sim_node' returned '0': AMENT_PREFIX_PATH=/mnt/c/work/ubuntu_work/HiveFlight/ros2_ws/install:${AMENT_PREFIX_PATH} CMAKE_PREFIX_PATH=/mnt/c/work/ubuntu_work/HiveFlight/ros2_ws/install:/opt/ros/humble LD_LIBRARY_PATH=/mnt/c/work/ubuntu_work/HiveFlight/ros2_ws/install/lib:${LD_LIBRARY_PATH} PYTHONPATH=/mnt/c/work/ubuntu_work/HiveFlight/ros2_ws/install/local/lib/python3.10/dist-packages:${PYTHONPATH} /usr/bin/cmake --install /mnt/c/work/ubuntu_work/HiveFlight/ros2_ws/build/hiveflight_sim_node
[96.048s] Level 1:colcon.colcon_core.environment:checking '/mnt/c/work/ubuntu_work/HiveFlight/ros2_ws/install' for CMake config files
[96.221s] Level 1:colcon.colcon_core.shell:create_environment_hook('hiveflight_sim_node', 'cmake_prefix_path')
[96.222s] INFO:colcon.colcon_core.shell:Creating environment hook '/mnt/c/work/ubuntu_work/HiveFlight/ros2_ws/install/share/hiveflight_sim_node/hook/cmake_prefix_path.ps1'
[96.232s] INFO:colcon.colcon_core.shell:Creating environment descriptor '/mnt/c/work/ubuntu_work/HiveFlight/ros2_ws/install/share/hiveflight_sim_node/hook/cmake_prefix_path.dsv'
[96.248s] INFO:colcon.colcon_core.shell:Creating environment hook '/mnt/c/work/ubuntu_work/HiveFlight/ros2_ws/install/share/hiveflight_sim_node/hook/cmake_prefix_path.sh'
[96.264s] Level 1:colcon.colcon_core.environment:checking '/mnt/c/work/ubuntu_work/HiveFlight/ros2_ws/install/lib'
[96.269s] Level 1:colcon.colcon_core.shell:create_environment_hook('hiveflight_sim_node', 'ld_library_path_lib')
[96.269s] INFO:colcon.colcon_core.shell:Creating environment hook '/mnt/c/work/ubuntu_work/HiveFlight/ros2_ws/install/share/hiveflight_sim_node/hook/ld_library_path_lib.ps1'
[96.282s] INFO:colcon.colcon_core.shell:Creating environment descriptor '/mnt/c/work/ubuntu_work/HiveFlight/ros2_ws/install/share/hiveflight_sim_node/hook/ld_library_path_lib.dsv'
[96.297s] INFO:colcon.colcon_core.shell:Creating environment hook '/mnt/c/work/ubuntu_work/HiveFlight/ros2_ws/install/share/hiveflight_sim_node/hook/ld_library_path_lib.sh'
[96.309s] Level 1:colcon.colcon_core.environment:checking '/mnt/c/work/ubuntu_work/HiveFlight/ros2_ws/install/bin'
[96.311s] Level 1:colcon.colcon_core.environment:checking '/mnt/c/work/ubuntu_work/HiveFlight/ros2_ws/install/lib/pkgconfig/hiveflight_sim_node.pc'
[96.312s] Level 1:colcon.colcon_core.environment:checking '/mnt/c/work/ubuntu_work/HiveFlight/ros2_ws/install/lib/python3.10/site-packages'
[96.314s] Level 1:colcon.colcon_core.environment:checking '/mnt/c/work/ubuntu_work/HiveFlight/ros2_ws/install/bin'
[96.316s] INFO:colcon.colcon_core.shell:Creating package script '/mnt/c/work/ubuntu_work/HiveFlight/ros2_ws/install/share/hiveflight_sim_node/package.ps1'
[96.328s] INFO:colcon.colcon_core.shell:Creating package descriptor '/mnt/c/work/ubuntu_work/HiveFlight/ros2_ws/install/share/hiveflight_sim_node/package.dsv'
[96.340s] INFO:colcon.colcon_core.shell:Creating package script '/mnt/c/work/ubuntu_work/HiveFlight/ros2_ws/install/share/hiveflight_sim_node/package.sh'
[96.351s] INFO:colcon.colcon_core.shell:Creating package script '/mnt/c/work/ubuntu_work/HiveFlight/ros2_ws/install/share/hiveflight_sim_node/package.bash'
[96.361s] INFO:colcon.colcon_core.shell:Creating package script '/mnt/c/work/ubuntu_work/HiveFlight/ros2_ws/install/share/hiveflight_sim_node/package.zsh'
[96.371s] Level 1:colcon.colcon_core.environment:create_file_with_runtime_dependencies(/mnt/c/work/ubuntu_work/HiveFlight/ros2_ws/install/share/colcon-core/packages/hiveflight_sim_node)
[96.399s] Level 1:colcon.colcon_core.environment:create_environment_scripts_only(hiveflight_sim_node)
[96.400s] Level 1:colcon.colcon_core.environment:checking '/mnt/c/work/ubuntu_work/HiveFlight/ros2_ws/install' for CMake module files
[96.486s] Level 1:colcon.colcon_core.environment:checking '/mnt/c/work/ubuntu_work/HiveFlight/ros2_ws/install' for CMake config files
[96.662s] Level 1:colcon.colcon_core.shell:create_environment_hook('hiveflight_sim_node', 'cmake_prefix_path')
[96.663s] INFO:colcon.colcon_core.shell:Creating environment hook '/mnt/c/work/ubuntu_work/HiveFlight/ros2_ws/install/share/hiveflight_sim_node/hook/cmake_prefix_path.ps1'
[96.676s] INFO:colcon.colcon_core.shell:Creating environment descriptor '/mnt/c/work/ubuntu_work/HiveFlight/ros2_ws/install/share/hiveflight_sim_node/hook/cmake_prefix_path.dsv'
[96.689s] INFO:colcon.colcon_core.shell:Creating environment hook '/mnt/c/work/ubuntu_work/HiveFlight/ros2_ws/install/share/hiveflight_sim_node/hook/cmake_prefix_path.sh'
[96.705s] Level 1:colcon.colcon_core.environment:checking '/mnt/c/work/ubuntu_work/HiveFlight/ros2_ws/install/lib'
[96.710s] Level 1:colcon.colcon_core.shell:create_environment_hook('hiveflight_sim_node', 'ld_library_path_lib')
[96.711s] INFO:colcon.colcon_core.shell:Creating environment hook '/mnt/c/work/ubuntu_work/HiveFlight/ros2_ws/install/share/hiveflight_sim_node/hook/ld_library_path_lib.ps1'
[96.726s] INFO:colcon.colcon_core.shell:Creating environment descriptor '/mnt/c/work/ubuntu_work/HiveFlight/ros2_ws/install/share/hiveflight_sim_node/hook/ld_library_path_lib.dsv'
[96.740s] INFO:colcon.colcon_core.shell:Creating environment hook '/mnt/c/work/ubuntu_work/HiveFlight/ros2_ws/install/share/hiveflight_sim_node/hook/ld_library_path_lib.sh'
[96.754s] Level 1:colcon.colcon_core.environment:checking '/mnt/c/work/ubuntu_work/HiveFlight/ros2_ws/install/bin'
[96.755s] Level 1:colcon.colcon_core.environment:checking '/mnt/c/work/ubuntu_work/HiveFlight/ros2_ws/install/lib/pkgconfig/hiveflight_sim_node.pc'
[96.757s] Level 1:colcon.colcon_core.environment:checking '/mnt/c/work/ubuntu_work/HiveFlight/ros2_ws/install/lib/python3.10/site-packages'
[96.759s] Level 1:colcon.colcon_core.environment:checking '/mnt/c/work/ubuntu_work/HiveFlight/ros2_ws/install/bin'
[96.760s] INFO:colcon.colcon_core.shell:Creating package script '/mnt/c/work/ubuntu_work/HiveFlight/ros2_ws/install/share/hiveflight_sim_node/package.ps1'
[96.771s] INFO:colcon.colcon_core.shell:Creating package descriptor '/mnt/c/work/ubuntu_work/HiveFlight/ros2_ws/install/share/hiveflight_sim_node/package.dsv'
[96.783s] INFO:colcon.colcon_core.shell:Creating package script '/mnt/c/work/ubuntu_work/HiveFlight/ros2_ws/install/share/hiveflight_sim_node/package.sh'
[96.794s] INFO:colcon.colcon_core.shell:Creating package script '/mnt/c/work/ubuntu_work/HiveFlight/ros2_ws/install/share/hiveflight_sim_node/package.bash'
[96.806s] INFO:colcon.colcon_core.shell:Creating package script '/mnt/c/work/ubuntu_work/HiveFlight/ros2_ws/install/share/hiveflight_sim_node/package.zsh'
[96.819s] Level 1:colcon.colcon_core.environment:create_file_with_runtime_dependencies(/mnt/c/work/ubuntu_work/HiveFlight/ros2_ws/install/share/colcon-core/packages/hiveflight_sim_node)
[96.829s] DEBUG:colcon.colcon_parallel_executor.executor.parallel:closing loop
[96.829s] DEBUG:colcon.colcon_parallel_executor.executor.parallel:loop closed
[96.830s] DEBUG:colcon.colcon_parallel_executor.executor.parallel:run_until_complete finished with '0'
[96.830s] DEBUG:colcon.colcon_core.event_reactor:joining thread
[96.886s] INFO:colcon.colcon_core.plugin_system:Skipping extension 'colcon_notification.desktop_notification.notify_send': Could not find 'notify-send'
[96.887s] INFO:colcon.colcon_core.plugin_system:Skipping extension 'colcon_notification.desktop_notification.terminal_notifier': Not used on non-Darwin systems
[96.887s] INFO:colcon.colcon_core.plugin_system:Skipping extension 'colcon_notification.desktop_notification.win32': Not used on non-Windows systems
[96.887s] INFO:colcon.colcon_notification.desktop_notification:Sending desktop notification using 'notify2'
[96.887s] DEBUG:colcon.colcon_notification.desktop_notification.notify2:Failed to initialize notify2: org.freedesktop.DBus.Error.FileNotFound: Failed to connect to socket /run/user/1000/bus: No such file or directory
[96.888s] DEBUG:colcon.colcon_core.event_reactor:joined thread
[96.888s] INFO:colcon.colcon_core.shell:Creating prefix script '/mnt/c/work/ubuntu_work/HiveFlight/ros2_ws/install/local_setup.ps1'
[96.902s] INFO:colcon.colcon_core.shell:Creating prefix util module '/mnt/c/work/ubuntu_work/HiveFlight/ros2_ws/install/_local_setup_util_ps1.py'
[96.910s] INFO:colcon.colcon_core.shell:Creating prefix chain script '/mnt/c/work/ubuntu_work/HiveFlight/ros2_ws/install/setup.ps1'
[96.917s] INFO:colcon.colcon_core.shell:Creating prefix script '/mnt/c/work/ubuntu_work/HiveFlight/ros2_ws/install/local_setup.sh'
[96.925s] INFO:colcon.colcon_core.shell:Creating prefix util module '/mnt/c/work/ubuntu_work/HiveFlight/ros2_ws/install/_local_setup_util_sh.py'
[96.931s] INFO:colcon.colcon_core.shell:Creating prefix chain script '/mnt/c/work/ubuntu_work/HiveFlight/ros2_ws/install/setup.sh'
[96.938s] INFO:colcon.colcon_core.shell:Creating prefix script '/mnt/c/work/ubuntu_work/HiveFlight/ros2_ws/install/local_setup.bash'
[96.945s] INFO:colcon.colcon_core.shell:Creating prefix chain script '/mnt/c/work/ubuntu_work/HiveFlight/ros2_ws/install/setup.bash'
[96.952s] INFO:colcon.colcon_core.shell:Creating prefix script '/mnt/c/work/ubuntu_work/HiveFlight/ros2_ws/install/local_setup.zsh'
[96.959s] INFO:colcon.colcon_core.shell:Creating prefix chain script '/mnt/c/work/ubuntu_work/HiveFlight/ros2_ws/install/setup.zsh'
