[0.204s] Invoking command in '/mnt/c/work/ubuntu_work/HiveFlight/ros2_ws/build/hiveflight_sim': AMENT_PREFIX_PATH=/mnt/c/work/ubuntu_work/HiveFlight/ros2_ws/install:${AMENT_PREFIX_PATH} CMAKE_PREFIX_PATH=/mnt/c/work/ubuntu_work/HiveFlight/ros2_ws/install:/opt/ros/humble LD_LIBRARY_PATH=/mnt/c/work/ubuntu_work/HiveFlight/ros2_ws/install/lib:${LD_LIBRARY_PATH} PYTHONPATH=/mnt/c/work/ubuntu_work/HiveFlight/ros2_ws/install/local/lib/python3.10/dist-packages:${PYTHONPATH} /usr/bin/cmake /mnt/c/work/ubuntu_work/HiveFlight/ros2_ws/src/hiveflight_sim -DCMAKE_INSTALL_PREFIX=/mnt/c/work/ubuntu_work/HiveFlight/ros2_ws/install
[0.760s] -- The C compiler identification is GNU 11.4.0
[1.360s] -- The CXX compiler identification is GNU 11.4.0
[1.641s] -- Detecting C compiler ABI info
[2.583s] -- Detecting C compiler ABI info - done
[2.605s] -- Check for working C compiler: /usr/bin/cc - skipped
[2.606s] -- Detecting C compile features
[2.607s] -- Detecting C compile features - done
[2.656s] -- Detecting CXX compiler ABI info
[3.600s] -- Detecting CXX compiler ABI info - done
[3.623s] -- Check for working CXX compiler: /usr/bin/c++ - skipped
[3.624s] -- Detecting CXX compile features
[3.625s] -- Detecting CXX compile features - done
[3.710s] -- Found ament_cmake: 1.3.14 (/opt/ros/humble/share/ament_cmake/cmake)
[4.502s] -- Found Python3: /usr/bin/python3 (found version "3.10.12") found components: Interpreter 
[5.348s] -- Found rclcpp: 16.0.19 (/opt/ros/humble/share/rclcpp/cmake)
[5.870s] -- Found rosidl_generator_c: 3.1.8 (/opt/ros/humble/share/rosidl_generator_c/cmake)
[5.943s] -- Found rosidl_adapter: 3.1.8 (/opt/ros/humble/share/rosidl_adapter/cmake)
[6.020s] -- Found rosidl_generator_cpp: 3.1.8 (/opt/ros/humble/share/rosidl_generator_cpp/cmake)
[6.100s] -- Using all available rosidl_typesupport_c: rosidl_typesupport_fastrtps_c;rosidl_typesupport_introspection_c
[6.216s] -- Using all available rosidl_typesupport_cpp: rosidl_typesupport_fastrtps_cpp;rosidl_typesupport_introspection_cpp
[6.703s] -- Found rmw_implementation_cmake: 6.1.2 (/opt/ros/humble/share/rmw_implementation_cmake/cmake)
[6.747s] -- Found rmw_fastrtps_cpp: 6.2.10 (/opt/ros/humble/share/rmw_fastrtps_cpp/cmake)
[8.377s] -- Found OpenSSL: /usr/lib/x86_64-linux-gnu/libcrypto.so (found version "3.0.2")  
[9.337s] -- Found FastRTPS: /opt/ros/humble/include  
[11.068s] -- Using RMW implementation 'rmw_fastrtps_cpp' as default
[11.226s] -- Looking for pthread.h
[12.168s] -- Looking for pthread.h - found
[12.179s] -- Performing Test CMAKE_HAVE_LIBC_PTHREAD
[13.134s] -- Performing Test CMAKE_HAVE_LIBC_PTHREAD - Success
[13.139s] -- Found Threads: TRUE  
[13.378s] -- Found geometry_msgs: 4.9.1 (/opt/ros/humble/share/geometry_msgs/cmake)
[13.453s] -- Found hiveflight_interfaces: 0.0.1 (/mnt/c/work/ubuntu_work/HiveFlight/ros2_ws/install/share/hiveflight_interfaces/cmake)
[14.621s] -- Configuring done
[15.087s] -- Generating done
[15.260s] -- Build files have been written to: /mnt/c/work/ubuntu_work/HiveFlight/ros2_ws/build/hiveflight_sim
[15.270s] Invoked command in '/mnt/c/work/ubuntu_work/HiveFlight/ros2_ws/build/hiveflight_sim' returned '0': AMENT_PREFIX_PATH=/mnt/c/work/ubuntu_work/HiveFlight/ros2_ws/install:${AMENT_PREFIX_PATH} CMAKE_PREFIX_PATH=/mnt/c/work/ubuntu_work/HiveFlight/ros2_ws/install:/opt/ros/humble LD_LIBRARY_PATH=/mnt/c/work/ubuntu_work/HiveFlight/ros2_ws/install/lib:${LD_LIBRARY_PATH} PYTHONPATH=/mnt/c/work/ubuntu_work/HiveFlight/ros2_ws/install/local/lib/python3.10/dist-packages:${PYTHONPATH} /usr/bin/cmake /mnt/c/work/ubuntu_work/HiveFlight/ros2_ws/src/hiveflight_sim -DCMAKE_INSTALL_PREFIX=/mnt/c/work/ubuntu_work/HiveFlight/ros2_ws/install
[15.281s] Invoking command in '/mnt/c/work/ubuntu_work/HiveFlight/ros2_ws/build/hiveflight_sim': AMENT_PREFIX_PATH=/mnt/c/work/ubuntu_work/HiveFlight/ros2_ws/install:${AMENT_PREFIX_PATH} CMAKE_PREFIX_PATH=/mnt/c/work/ubuntu_work/HiveFlight/ros2_ws/install:/opt/ros/humble LD_LIBRARY_PATH=/mnt/c/work/ubuntu_work/HiveFlight/ros2_ws/install/lib:${LD_LIBRARY_PATH} PYTHONPATH=/mnt/c/work/ubuntu_work/HiveFlight/ros2_ws/install/local/lib/python3.10/dist-packages:${PYTHONPATH} /usr/bin/cmake --build /mnt/c/work/ubuntu_work/HiveFlight/ros2_ws/build/hiveflight_sim -- -j16 -l16
[15.393s] gmake: Warning: File 'Makefile' has modification time 0.32 s in the future
[15.702s] gmake[1]: Warning: File 'CMakeFiles/Makefile2' has modification time 0.13 s in the future
[15.739s] gmake[2]: Warning: File 'CMakeFiles/hiveflight_ros2_adapter.dir/progress.make' has modification time 0.066 s in the future
[15.854s] gmake[2]: warning:  Clock skew detected.  Your build may be incomplete.
[15.940s] [ 20%] [32mBuilding CXX object CMakeFiles/hiveflight_ros2_adapter.dir/src/DroneRos2Adapter.cpp.o[0m
[15.944s] [ 60%] [32mBuilding CXX object CMakeFiles/hiveflight_ros2_adapter.dir/src/DroneCommunication3D.cpp.o[0m
[15.947s] [ 60%] [32mBuilding CXX object CMakeFiles/hiveflight_ros2_adapter.dir/mnt/c/work/ubuntu_work/HiveFlight/SwarmSimulation3D.cpp.o[0m
[15.962s] [ 80%] [32mBuilding CXX object CMakeFiles/hiveflight_ros2_adapter.dir/mnt/c/work/ubuntu_work/HiveFlight/SpatialGrid3D.cpp.o[0m
[26.500s] [100%] [32m[1mLinking CXX static library libhiveflight_ros2_adapter.a[0m
[29.970s] [100%] Built target hiveflight_ros2_adapter
[29.971s] gmake[1]: warning:  Clock skew detected.  Your build may be incomplete.
[30.070s] gmake: warning:  Clock skew detected.  Your build may be incomplete.
[30.075s] Invoked command in '/mnt/c/work/ubuntu_work/HiveFlight/ros2_ws/build/hiveflight_sim' returned '0': AMENT_PREFIX_PATH=/mnt/c/work/ubuntu_work/HiveFlight/ros2_ws/install:${AMENT_PREFIX_PATH} CMAKE_PREFIX_PATH=/mnt/c/work/ubuntu_work/HiveFlight/ros2_ws/install:/opt/ros/humble LD_LIBRARY_PATH=/mnt/c/work/ubuntu_work/HiveFlight/ros2_ws/install/lib:${LD_LIBRARY_PATH} PYTHONPATH=/mnt/c/work/ubuntu_work/HiveFlight/ros2_ws/install/local/lib/python3.10/dist-packages:${PYTHONPATH} /usr/bin/cmake --build /mnt/c/work/ubuntu_work/HiveFlight/ros2_ws/build/hiveflight_sim -- -j16 -l16
[30.101s] Invoking command in '/mnt/c/work/ubuntu_work/HiveFlight/ros2_ws/build/hiveflight_sim': AMENT_PREFIX_PATH=/mnt/c/work/ubuntu_work/HiveFlight/ros2_ws/install:${AMENT_PREFIX_PATH} CMAKE_PREFIX_PATH=/mnt/c/work/ubuntu_work/HiveFlight/ros2_ws/install:/opt/ros/humble LD_LIBRARY_PATH=/mnt/c/work/ubuntu_work/HiveFlight/ros2_ws/install/lib:${LD_LIBRARY_PATH} PYTHONPATH=/mnt/c/work/ubuntu_work/HiveFlight/ros2_ws/install/local/lib/python3.10/dist-packages:${PYTHONPATH} /usr/bin/cmake --install /mnt/c/work/ubuntu_work/HiveFlight/ros2_ws/build/hiveflight_sim
[30.176s] -- Install configuration: ""
[30.182s] -- Installing: /mnt/c/work/ubuntu_work/HiveFlight/ros2_ws/install/lib/libhiveflight_ros2_adapter.a
[30.757s] -- Up-to-date: /mnt/c/work/ubuntu_work/HiveFlight/ros2_ws/install/include
[30.776s] -- Installing: /mnt/c/work/ubuntu_work/HiveFlight/ros2_ws/install/include/DroneCommunication3D.hpp
[30.823s] -- Installing: /mnt/c/work/ubuntu_work/HiveFlight/ros2_ws/install/include/DroneRos2Adapter.hpp
[30.875s] -- Installing: /mnt/c/work/ubuntu_work/HiveFlight/ros2_ws/install/include/SpatialGrid3D.hpp
[30.921s] -- Installing: /mnt/c/work/ubuntu_work/HiveFlight/ros2_ws/install/include/SwarmSimulation3D.hpp
[30.973s] -- Installing: /mnt/c/work/ubuntu_work/HiveFlight/ros2_ws/install/include/Vec3.hpp
[31.025s] -- Installing: /mnt/c/work/ubuntu_work/HiveFlight/ros2_ws/install/share/hiveflight_sim/environment/library_path.sh
[31.075s] -- Installing: /mnt/c/work/ubuntu_work/HiveFlight/ros2_ws/install/share/hiveflight_sim/environment/library_path.dsv
[31.140s] -- Installing: /mnt/c/work/ubuntu_work/HiveFlight/ros2_ws/install/share/ament_index/resource_index/package_run_dependencies/hiveflight_sim
[31.234s] -- Installing: /mnt/c/work/ubuntu_work/HiveFlight/ros2_ws/install/share/ament_index/resource_index/parent_prefix_path/hiveflight_sim
[31.318s] -- Installing: /mnt/c/work/ubuntu_work/HiveFlight/ros2_ws/install/share/hiveflight_sim/environment/ament_prefix_path.sh
[31.377s] -- Installing: /mnt/c/work/ubuntu_work/HiveFlight/ros2_ws/install/share/hiveflight_sim/environment/ament_prefix_path.dsv
[31.439s] -- Installing: /mnt/c/work/ubuntu_work/HiveFlight/ros2_ws/install/share/hiveflight_sim/environment/path.sh
[31.506s] -- Installing: /mnt/c/work/ubuntu_work/HiveFlight/ros2_ws/install/share/hiveflight_sim/environment/path.dsv
[31.562s] -- Installing: /mnt/c/work/ubuntu_work/HiveFlight/ros2_ws/install/share/hiveflight_sim/local_setup.bash
[31.611s] -- Installing: /mnt/c/work/ubuntu_work/HiveFlight/ros2_ws/install/share/hiveflight_sim/local_setup.sh
[31.670s] -- Installing: /mnt/c/work/ubuntu_work/HiveFlight/ros2_ws/install/share/hiveflight_sim/local_setup.zsh
[31.719s] -- Installing: /mnt/c/work/ubuntu_work/HiveFlight/ros2_ws/install/share/hiveflight_sim/local_setup.dsv
[31.770s] -- Installing: /mnt/c/work/ubuntu_work/HiveFlight/ros2_ws/install/share/hiveflight_sim/package.dsv
[31.832s] -- Installing: /mnt/c/work/ubuntu_work/HiveFlight/ros2_ws/install/share/ament_index/resource_index/packages/hiveflight_sim
[31.919s] -- Installing: /mnt/c/work/ubuntu_work/HiveFlight/ros2_ws/install/share/hiveflight_sim/cmake/hiveflight_ros2_adapterTargetsExport.cmake
[31.995s] -- Installing: /mnt/c/work/ubuntu_work/HiveFlight/ros2_ws/install/share/hiveflight_sim/cmake/hiveflight_ros2_adapterTargetsExport-noconfig.cmake
[32.062s] -- Installing: /mnt/c/work/ubuntu_work/HiveFlight/ros2_ws/install/share/hiveflight_sim/cmake/ament_cmake_export_targets-extras.cmake
[32.120s] -- Installing: /mnt/c/work/ubuntu_work/HiveFlight/ros2_ws/install/share/hiveflight_sim/cmake/ament_cmake_export_dependencies-extras.cmake
[32.176s] -- Installing: /mnt/c/work/ubuntu_work/HiveFlight/ros2_ws/install/share/hiveflight_sim/cmake/hiveflight_simConfig.cmake
[32.230s] -- Installing: /mnt/c/work/ubuntu_work/HiveFlight/ros2_ws/install/share/hiveflight_sim/cmake/hiveflight_simConfig-version.cmake
[32.286s] -- Installing: /mnt/c/work/ubuntu_work/HiveFlight/ros2_ws/install/share/hiveflight_sim/package.xml
[32.332s] Invoked command in '/mnt/c/work/ubuntu_work/HiveFlight/ros2_ws/build/hiveflight_sim' returned '0': AMENT_PREFIX_PATH=/mnt/c/work/ubuntu_work/HiveFlight/ros2_ws/install:${AMENT_PREFIX_PATH} CMAKE_PREFIX_PATH=/mnt/c/work/ubuntu_work/HiveFlight/ros2_ws/install:/opt/ros/humble LD_LIBRARY_PATH=/mnt/c/work/ubuntu_work/HiveFlight/ros2_ws/install/lib:${LD_LIBRARY_PATH} PYTHONPATH=/mnt/c/work/ubuntu_work/HiveFlight/ros2_ws/install/local/lib/python3.10/dist-packages:${PYTHONPATH} /usr/bin/cmake --install /mnt/c/work/ubuntu_work/HiveFlight/ros2_ws/build/hiveflight_sim
