[0.253s] Invoking command in '/mnt/c/work/ubuntu_work/HiveFlight/ros2_ws/build/hiveflight_sim_node': AMENT_PREFIX_PATH=/mnt/c/work/ubuntu_work/HiveFlight/ros2_ws/install:${AMENT_PREFIX_PATH} CMAKE_PREFIX_PATH=/mnt/c/work/ubuntu_work/HiveFlight/ros2_ws/install:/opt/ros/humble LD_LIBRARY_PATH=/mnt/c/work/ubuntu_work/HiveFlight/ros2_ws/install/lib:${LD_LIBRARY_PATH} PYTHONPATH=/mnt/c/work/ubuntu_work/HiveFlight/ros2_ws/install/local/lib/python3.10/dist-packages:${PYTHONPATH} /usr/bin/cmake /mnt/c/work/ubuntu_work/HiveFlight/ros2_ws/src/hiveflight_sim_node -DCMAKE_INSTALL_PREFIX=/mnt/c/work/ubuntu_work/HiveFlight/ros2_ws/install
[0.713s] -- The C compiler identification is GNU 11.4.0
[1.205s] -- The CXX compiler identification is GNU 11.4.0
[1.439s] -- Detecting C compiler ABI info
[2.252s] -- Detecting C compiler ABI info - done
[2.271s] -- Check for working C compiler: /usr/bin/cc - skipped
[2.272s] -- Detecting C compile features
[2.272s] -- Detecting C compile features - done
[2.315s] -- Detecting CXX compiler ABI info
[3.104s] -- Detecting CXX compiler ABI info - done
[3.122s] -- Check for working CXX compiler: /usr/bin/c++ - skipped
[3.123s] -- Detecting CXX compile features
[3.124s] -- Detecting CXX compile features - done
[3.190s] -- Found ament_cmake: 1.3.14 (/opt/ros/humble/share/ament_cmake/cmake)
[3.878s] -- Found Python3: /usr/bin/python3 (found version "3.10.12") found components: Interpreter 
[4.580s] -- Found rclcpp: 16.0.19 (/opt/ros/humble/share/rclcpp/cmake)
[4.967s] -- Found rosidl_generator_c: 3.1.8 (/opt/ros/humble/share/rosidl_generator_c/cmake)
[5.027s] -- Found rosidl_adapter: 3.1.8 (/opt/ros/humble/share/rosidl_adapter/cmake)
[5.087s] -- Found rosidl_generator_cpp: 3.1.8 (/opt/ros/humble/share/rosidl_generator_cpp/cmake)
[5.151s] -- Using all available rosidl_typesupport_c: rosidl_typesupport_fastrtps_c;rosidl_typesupport_introspection_c
[5.246s] -- Using all available rosidl_typesupport_cpp: rosidl_typesupport_fastrtps_cpp;rosidl_typesupport_introspection_cpp
[5.550s] -- Found rmw_implementation_cmake: 6.1.2 (/opt/ros/humble/share/rmw_implementation_cmake/cmake)
[5.586s] -- Found rmw_fastrtps_cpp: 6.2.10 (/opt/ros/humble/share/rmw_fastrtps_cpp/cmake)
[6.890s] -- Found OpenSSL: /usr/lib/x86_64-linux-gnu/libcrypto.so (found version "3.0.2")  
[7.651s] -- Found FastRTPS: /opt/ros/humble/include  
[9.075s] -- Using RMW implementation 'rmw_fastrtps_cpp' as default
[9.192s] -- Looking for pthread.h
[9.994s] -- Looking for pthread.h - found
[10.005s] -- Performing Test CMAKE_HAVE_LIBC_PTHREAD
[10.808s] -- Performing Test CMAKE_HAVE_LIBC_PTHREAD - Success
[10.812s] -- Found Threads: TRUE  
[11.011s] -- Found hiveflight_interfaces: 0.0.1 (/mnt/c/work/ubuntu_work/HiveFlight/ros2_ws/install/share/hiveflight_interfaces/cmake)
[11.457s] -- Found hiveflight_sim: 0.0.1 (/mnt/c/work/ubuntu_work/HiveFlight/ros2_ws/install/share/hiveflight_sim/cmake)
[11.973s] -- Configuring done
[12.352s] -- Generating done
[12.497s] -- Build files have been written to: /mnt/c/work/ubuntu_work/HiveFlight/ros2_ws/build/hiveflight_sim_node
[12.507s] Invoked command in '/mnt/c/work/ubuntu_work/HiveFlight/ros2_ws/build/hiveflight_sim_node' returned '0': AMENT_PREFIX_PATH=/mnt/c/work/ubuntu_work/HiveFlight/ros2_ws/install:${AMENT_PREFIX_PATH} CMAKE_PREFIX_PATH=/mnt/c/work/ubuntu_work/HiveFlight/ros2_ws/install:/opt/ros/humble LD_LIBRARY_PATH=/mnt/c/work/ubuntu_work/HiveFlight/ros2_ws/install/lib:${LD_LIBRARY_PATH} PYTHONPATH=/mnt/c/work/ubuntu_work/HiveFlight/ros2_ws/install/local/lib/python3.10/dist-packages:${PYTHONPATH} /usr/bin/cmake /mnt/c/work/ubuntu_work/HiveFlight/ros2_ws/src/hiveflight_sim_node -DCMAKE_INSTALL_PREFIX=/mnt/c/work/ubuntu_work/HiveFlight/ros2_ws/install
[12.517s] Invoking command in '/mnt/c/work/ubuntu_work/HiveFlight/ros2_ws/build/hiveflight_sim_node': AMENT_PREFIX_PATH=/mnt/c/work/ubuntu_work/HiveFlight/ros2_ws/install:${AMENT_PREFIX_PATH} CMAKE_PREFIX_PATH=/mnt/c/work/ubuntu_work/HiveFlight/ros2_ws/install:/opt/ros/humble LD_LIBRARY_PATH=/mnt/c/work/ubuntu_work/HiveFlight/ros2_ws/install/lib:${LD_LIBRARY_PATH} PYTHONPATH=/mnt/c/work/ubuntu_work/HiveFlight/ros2_ws/install/local/lib/python3.10/dist-packages:${PYTHONPATH} /usr/bin/cmake --build /mnt/c/work/ubuntu_work/HiveFlight/ros2_ws/build/hiveflight_sim_node -- -j16 -l16
[13.078s] [ 50%] [32mBuilding CXX object CMakeFiles/simulation_node.dir/src/simulation_node.cpp.o[0m
[22.176s] [100%] [32m[1mLinking CXX executable simulation_node[0m
[25.162s] [100%] Built target simulation_node
[25.238s] Invoked command in '/mnt/c/work/ubuntu_work/HiveFlight/ros2_ws/build/hiveflight_sim_node' returned '0': AMENT_PREFIX_PATH=/mnt/c/work/ubuntu_work/HiveFlight/ros2_ws/install:${AMENT_PREFIX_PATH} CMAKE_PREFIX_PATH=/mnt/c/work/ubuntu_work/HiveFlight/ros2_ws/install:/opt/ros/humble LD_LIBRARY_PATH=/mnt/c/work/ubuntu_work/HiveFlight/ros2_ws/install/lib:${LD_LIBRARY_PATH} PYTHONPATH=/mnt/c/work/ubuntu_work/HiveFlight/ros2_ws/install/local/lib/python3.10/dist-packages:${PYTHONPATH} /usr/bin/cmake --build /mnt/c/work/ubuntu_work/HiveFlight/ros2_ws/build/hiveflight_sim_node -- -j16 -l16
[25.257s] Invoking command in '/mnt/c/work/ubuntu_work/HiveFlight/ros2_ws/build/hiveflight_sim_node': AMENT_PREFIX_PATH=/mnt/c/work/ubuntu_work/HiveFlight/ros2_ws/install:${AMENT_PREFIX_PATH} CMAKE_PREFIX_PATH=/mnt/c/work/ubuntu_work/HiveFlight/ros2_ws/install:/opt/ros/humble LD_LIBRARY_PATH=/mnt/c/work/ubuntu_work/HiveFlight/ros2_ws/install/lib:${LD_LIBRARY_PATH} PYTHONPATH=/mnt/c/work/ubuntu_work/HiveFlight/ros2_ws/install/local/lib/python3.10/dist-packages:${PYTHONPATH} /usr/bin/cmake --install /mnt/c/work/ubuntu_work/HiveFlight/ros2_ws/build/hiveflight_sim_node
[25.319s] -- Install configuration: ""
[25.331s] -- Installing: /mnt/c/work/ubuntu_work/HiveFlight/ros2_ws/install/lib/hiveflight_sim_node/simulation_node
[25.559s] -- Set runtime path of "/mnt/c/work/ubuntu_work/HiveFlight/ros2_ws/install/lib/hiveflight_sim_node/simulation_node" to ""
[25.565s] -- Installing: /mnt/c/work/ubuntu_work/HiveFlight/ros2_ws/install/share/hiveflight_sim_node/launch
[25.585s] -- Installing: /mnt/c/work/ubuntu_work/HiveFlight/ros2_ws/install/share/hiveflight_sim_node/launch/hiveflight.launch.py
[25.641s] -- Installing: /mnt/c/work/ubuntu_work/HiveFlight/ros2_ws/install/share/ament_index/resource_index/package_run_dependencies/hiveflight_sim_node
[25.706s] -- Installing: /mnt/c/work/ubuntu_work/HiveFlight/ros2_ws/install/share/ament_index/resource_index/parent_prefix_path/hiveflight_sim_node
[25.765s] -- Installing: /mnt/c/work/ubuntu_work/HiveFlight/ros2_ws/install/share/hiveflight_sim_node/environment/ament_prefix_path.sh
[25.804s] -- Installing: /mnt/c/work/ubuntu_work/HiveFlight/ros2_ws/install/share/hiveflight_sim_node/environment/ament_prefix_path.dsv
[25.842s] -- Installing: /mnt/c/work/ubuntu_work/HiveFlight/ros2_ws/install/share/hiveflight_sim_node/environment/path.sh
[25.882s] -- Installing: /mnt/c/work/ubuntu_work/HiveFlight/ros2_ws/install/share/hiveflight_sim_node/environment/path.dsv
[25.925s] -- Installing: /mnt/c/work/ubuntu_work/HiveFlight/ros2_ws/install/share/hiveflight_sim_node/local_setup.bash
[25.964s] -- Installing: /mnt/c/work/ubuntu_work/HiveFlight/ros2_ws/install/share/hiveflight_sim_node/local_setup.sh
[26.014s] -- Installing: /mnt/c/work/ubuntu_work/HiveFlight/ros2_ws/install/share/hiveflight_sim_node/local_setup.zsh
[26.052s] -- Installing: /mnt/c/work/ubuntu_work/HiveFlight/ros2_ws/install/share/hiveflight_sim_node/local_setup.dsv
[26.089s] -- Installing: /mnt/c/work/ubuntu_work/HiveFlight/ros2_ws/install/share/hiveflight_sim_node/package.dsv
[26.138s] -- Installing: /mnt/c/work/ubuntu_work/HiveFlight/ros2_ws/install/share/ament_index/resource_index/packages/hiveflight_sim_node
[26.198s] -- Installing: /mnt/c/work/ubuntu_work/HiveFlight/ros2_ws/install/share/hiveflight_sim_node/cmake/hiveflight_sim_nodeConfig.cmake
[26.239s] -- Installing: /mnt/c/work/ubuntu_work/HiveFlight/ros2_ws/install/share/hiveflight_sim_node/cmake/hiveflight_sim_nodeConfig-version.cmake
[26.284s] -- Installing: /mnt/c/work/ubuntu_work/HiveFlight/ros2_ws/install/share/hiveflight_sim_node/package.xml
[26.325s] Invoked command in '/mnt/c/work/ubuntu_work/HiveFlight/ros2_ws/build/hiveflight_sim_node' returned '0': AMENT_PREFIX_PATH=/mnt/c/work/ubuntu_work/HiveFlight/ros2_ws/install:${AMENT_PREFIX_PATH} CMAKE_PREFIX_PATH=/mnt/c/work/ubuntu_work/HiveFlight/ros2_ws/install:/opt/ros/humble LD_LIBRARY_PATH=/mnt/c/work/ubuntu_work/HiveFlight/ros2_ws/install/lib:${LD_LIBRARY_PATH} PYTHONPATH=/mnt/c/work/ubuntu_work/HiveFlight/ros2_ws/install/local/lib/python3.10/dist-packages:${PYTHONPATH} /usr/bin/cmake --install /mnt/c/work/ubuntu_work/HiveFlight/ros2_ws/build/hiveflight_sim_node
