gmake[1]: Warning: File 'CMakeFiles/Makefile2' has modification time 0.26 s in the future
gmake[2]: Warning: File 'CMakeFiles/ament_cmake_python_copy_hiveflight_interfaces.dir/progress.make' has modification time 0.031 s in the future
gmake[2]: Warning: File 'CMakeFiles/hiveflight_interfaces__cpp.dir/progress.make' has modification time 0.059 s in the future
gmake[2]: Warning: File 'hiveflight_interfaces__rs/CMakeFiles/hiveflight_interfaces__rs.dir/progress.make' has modification time 0.19 s in the future
gmake[2]: Warning: File 'CMakeFiles/hiveflight_interfaces__rosidl_generator_c.dir/progress.make' has modification time 0.075 s in the future
gmake[2]: warning:  Clock skew detected.  Your build may be incomplete.
gmake[2]: warning:  Clock skew detected.  Your build may be incomplete.
gmake[2]: Warning: File 'CMakeFiles/ament_cmake_python_copy_hiveflight_interfaces.dir/progress.make' has modification time 0.0017 s in the future
gmake[2]: warning:  Clock skew detected.  Your build may be incomplete.
gmake[2]: Warning: File 'CMakeFiles/hiveflight_interfaces__cpp.dir/progress.make' has modification time 0.021 s in the future
gmake[2]: Warning: File 'hiveflight_interfaces__rs/CMakeFiles/hiveflight_interfaces__rs.dir/progress.make' has modification time 0.15 s in the future
gmake[2]: warning:  Clock skew detected.  Your build may be incomplete.
gmake[2]: warning:  Clock skew detected.  Your build may be incomplete.
gmake[2]: warning:  Clock skew detected.  Your build may be incomplete.
gmake[2]: warning:  Clock skew detected.  Your build may be incomplete.
gmake[2]: Warning: File 'rosidl_generator_c/hiveflight_interfaces/msg/detail/drone_message__functions.c' has modification time 0.81 s in the future
gmake[2]: Warning: File 'rosidl_typesupport_cpp/hiveflight_interfaces/msg/drone_message__type_support.cpp' has modification time 0.86 s in the future
gmake[2]: Warning: File 'rosidl_typesupport_introspection_cpp/hiveflight_interfaces/msg/detail/drone_message__type_support.cpp' has modification time 0.87 s in the future
gmake[2]: Warning: File 'rosidl_typesupport_fastrtps_cpp/hiveflight_interfaces/msg/detail/dds_fastrtps/drone_message__type_support.cpp' has modification time 0.84 s in the future
gmake[2]: warning:  Clock skew detected.  Your build may be incomplete.
gmake[2]: warning:  Clock skew detected.  Your build may be incomplete.
gmake[2]: warning:  Clock skew detected.  Your build may be incomplete.
gmake[2]: warning:  Clock skew detected.  Your build may be incomplete.
gmake[1]: warning:  Clock skew detected.  Your build may be incomplete.
