[0.276s] DEBUG:colcon:Command line arguments: ['/usr/bin/colcon', 'build', '--base-paths', '/mnt/c/work/ubuntu_work/HiveFlight/ros2_ws/src', '--build-base', '/mnt/c/work/ubuntu_work/HiveFlight/ros2_ws/build', '--install-base', '/mnt/c/work/ubuntu_work/HiveFlight/ros2_ws/install', '--merge-install', '--event-handlers', 'console_direct+', '--parallel-workers', '4']
[0.276s] DEBUG:colcon:Parsed command line arguments: Namespace(log_base=None, log_level=None, verb_name='build', build_base='/mnt/c/work/ubuntu_work/HiveFlight/ros2_ws/build', install_base='/mnt/c/work/ubuntu_work/HiveFlight/ros2_ws/install', merge_install=True, symlink_install=False, test_result_base=None, continue_on_error=False, executor='parallel', parallel_workers=4, event_handlers=['console_direct+'], ignore_user_meta=False, metas=['./colcon.meta'], base_paths=['/mnt/c/work/ubuntu_work/HiveFlight/ros2_ws/src'], packages_ignore=None, packages_ignore_regex=None, paths=None, packages_up_to=None, packages_up_to_regex=None, packages_above=None, packages_above_and_dependencies=None, packages_above_depth=None, packages_select_by_dep=None, packages_skip_by_dep=None, packages_skip_up_to=None, packages_select_build_failed=False, packages_skip_build_finished=False, packages_select_test_failures=False, packages_skip_test_passed=False, packages_select=None, packages_skip=None, packages_select_regex=None, packages_skip_regex=None, packages_start=None, packages_end=None, allow_overriding=[], cmake_args=None, cmake_target=None, cmake_target_skip_unavailable=False, cmake_clean_cache=False, cmake_clean_first=False, cmake_force_configure=False, ament_cmake_args=None, catkin_cmake_args=None, catkin_skip_building_tests=False, verb_parser=<colcon_defaults.argument_parser.defaults.DefaultArgumentsDecorator object at 0x7975df5d3790>, verb_extension=<colcon_core.verb.build.BuildVerb object at 0x7975df5d3340>, main=<bound method BuildVerb.main of <colcon_core.verb.build.BuildVerb object at 0x7975df5d3340>>)
[0.533s] Level 1:colcon.colcon_core.package_discovery:discover_packages(colcon_meta) check parameters
[0.534s] Level 1:colcon.colcon_core.package_discovery:discover_packages(recursive) check parameters
[0.535s] Level 1:colcon.colcon_core.package_discovery:discover_packages(ignore) check parameters
[0.535s] Level 1:colcon.colcon_core.package_discovery:discover_packages(path) check parameters
[0.535s] Level 1:colcon.colcon_core.package_discovery:discover_packages(recursive) discover
[0.536s] INFO:colcon.colcon_core.package_discovery:Crawling recursively for packages in '/mnt/c/work/ubuntu_work/HiveFlight/ros2_ws/src'
[0.544s] Level 1:colcon.colcon_core.package_identification:_identify(/mnt/c/work/ubuntu_work/HiveFlight/ros2_ws/src) by extensions ['ignore', 'ignore_ament_install']
[0.544s] Level 1:colcon.colcon_core.package_identification:_identify(/mnt/c/work/ubuntu_work/HiveFlight/ros2_ws/src) by extension 'ignore'
[0.547s] Level 1:colcon.colcon_core.package_identification:_identify(/mnt/c/work/ubuntu_work/HiveFlight/ros2_ws/src) by extension 'ignore_ament_install'
[0.551s] Level 1:colcon.colcon_core.package_identification:_identify(/mnt/c/work/ubuntu_work/HiveFlight/ros2_ws/src) by extensions ['colcon_pkg']
[0.552s] Level 1:colcon.colcon_core.package_identification:_identify(/mnt/c/work/ubuntu_work/HiveFlight/ros2_ws/src) by extension 'colcon_pkg'
[0.554s] Level 1:colcon.colcon_core.package_identification:_identify(/mnt/c/work/ubuntu_work/HiveFlight/ros2_ws/src) by extensions ['colcon_meta']
[0.554s] Level 1:colcon.colcon_core.package_identification:_identify(/mnt/c/work/ubuntu_work/HiveFlight/ros2_ws/src) by extension 'colcon_meta'
[0.558s] Level 1:colcon.colcon_core.package_identification:_identify(/mnt/c/work/ubuntu_work/HiveFlight/ros2_ws/src) by extensions ['ros']
[0.559s] Level 1:colcon.colcon_core.package_identification:_identify(/mnt/c/work/ubuntu_work/HiveFlight/ros2_ws/src) by extension 'ros'
[0.601s] Level 1:colcon.colcon_core.package_identification:_identify(/mnt/c/work/ubuntu_work/HiveFlight/ros2_ws/src) by extensions ['cmake', 'python']
[0.602s] Level 1:colcon.colcon_core.package_identification:_identify(/mnt/c/work/ubuntu_work/HiveFlight/ros2_ws/src) by extension 'cmake'
[0.604s] Level 1:colcon.colcon_core.package_identification:_identify(/mnt/c/work/ubuntu_work/HiveFlight/ros2_ws/src) by extension 'python'
[0.607s] Level 1:colcon.colcon_core.package_identification:_identify(/mnt/c/work/ubuntu_work/HiveFlight/ros2_ws/src) by extensions ['python_setup_py']
[0.607s] Level 1:colcon.colcon_core.package_identification:_identify(/mnt/c/work/ubuntu_work/HiveFlight/ros2_ws/src) by extension 'python_setup_py'
[0.625s] Level 1:colcon.colcon_core.package_identification:_identify(/mnt/c/work/ubuntu_work/HiveFlight/ros2_ws/src/hiveflight_interfaces) by extensions ['ignore', 'ignore_ament_install']
[0.626s] Level 1:colcon.colcon_core.package_identification:_identify(/mnt/c/work/ubuntu_work/HiveFlight/ros2_ws/src/hiveflight_interfaces) by extension 'ignore'
[0.629s] Level 1:colcon.colcon_core.package_identification:_identify(/mnt/c/work/ubuntu_work/HiveFlight/ros2_ws/src/hiveflight_interfaces) by extension 'ignore_ament_install'
[0.636s] Level 1:colcon.colcon_core.package_identification:_identify(/mnt/c/work/ubuntu_work/HiveFlight/ros2_ws/src/hiveflight_interfaces) by extensions ['colcon_pkg']
[0.636s] Level 1:colcon.colcon_core.package_identification:_identify(/mnt/c/work/ubuntu_work/HiveFlight/ros2_ws/src/hiveflight_interfaces) by extension 'colcon_pkg'
[0.639s] Level 1:colcon.colcon_core.package_identification:_identify(/mnt/c/work/ubuntu_work/HiveFlight/ros2_ws/src/hiveflight_interfaces) by extensions ['colcon_meta']
[0.640s] Level 1:colcon.colcon_core.package_identification:_identify(/mnt/c/work/ubuntu_work/HiveFlight/ros2_ws/src/hiveflight_interfaces) by extension 'colcon_meta'
[0.646s] Level 1:colcon.colcon_core.package_identification:_identify(/mnt/c/work/ubuntu_work/HiveFlight/ros2_ws/src/hiveflight_interfaces) by extensions ['ros']
[0.646s] Level 1:colcon.colcon_core.package_identification:_identify(/mnt/c/work/ubuntu_work/HiveFlight/ros2_ws/src/hiveflight_interfaces) by extension 'ros'
[0.677s] DEBUG:colcon.colcon_core.package_identification:Package '/mnt/c/work/ubuntu_work/HiveFlight/ros2_ws/src/hiveflight_interfaces' with type 'ros.ament_cmake' and name 'hiveflight_interfaces'
[0.690s] Level 1:colcon.colcon_core.package_identification:_identify(/mnt/c/work/ubuntu_work/HiveFlight/ros2_ws/src/hiveflight_sim) by extensions ['ignore', 'ignore_ament_install']
[0.690s] Level 1:colcon.colcon_core.package_identification:_identify(/mnt/c/work/ubuntu_work/HiveFlight/ros2_ws/src/hiveflight_sim) by extension 'ignore'
[0.693s] Level 1:colcon.colcon_core.package_identification:_identify(/mnt/c/work/ubuntu_work/HiveFlight/ros2_ws/src/hiveflight_sim) by extension 'ignore_ament_install'
[0.698s] Level 1:colcon.colcon_core.package_identification:_identify(/mnt/c/work/ubuntu_work/HiveFlight/ros2_ws/src/hiveflight_sim) by extensions ['colcon_pkg']
[0.698s] Level 1:colcon.colcon_core.package_identification:_identify(/mnt/c/work/ubuntu_work/HiveFlight/ros2_ws/src/hiveflight_sim) by extension 'colcon_pkg'
[0.701s] Level 1:colcon.colcon_core.package_identification:_identify(/mnt/c/work/ubuntu_work/HiveFlight/ros2_ws/src/hiveflight_sim) by extensions ['colcon_meta']
[0.702s] Level 1:colcon.colcon_core.package_identification:_identify(/mnt/c/work/ubuntu_work/HiveFlight/ros2_ws/src/hiveflight_sim) by extension 'colcon_meta'
[0.709s] Level 1:colcon.colcon_core.package_identification:_identify(/mnt/c/work/ubuntu_work/HiveFlight/ros2_ws/src/hiveflight_sim) by extensions ['ros']
[0.709s] Level 1:colcon.colcon_core.package_identification:_identify(/mnt/c/work/ubuntu_work/HiveFlight/ros2_ws/src/hiveflight_sim) by extension 'ros'
[0.738s] DEBUG:colcon.colcon_core.package_identification:Package '/mnt/c/work/ubuntu_work/HiveFlight/ros2_ws/src/hiveflight_sim' with type 'ros.ament_cmake' and name 'hiveflight_sim'
[0.751s] Level 1:colcon.colcon_core.package_identification:_identify(/mnt/c/work/ubuntu_work/HiveFlight/ros2_ws/src/hiveflight_sim_node) by extensions ['ignore', 'ignore_ament_install']
[0.751s] Level 1:colcon.colcon_core.package_identification:_identify(/mnt/c/work/ubuntu_work/HiveFlight/ros2_ws/src/hiveflight_sim_node) by extension 'ignore'
[0.754s] Level 1:colcon.colcon_core.package_identification:_identify(/mnt/c/work/ubuntu_work/HiveFlight/ros2_ws/src/hiveflight_sim_node) by extension 'ignore_ament_install'
[0.760s] Level 1:colcon.colcon_core.package_identification:_identify(/mnt/c/work/ubuntu_work/HiveFlight/ros2_ws/src/hiveflight_sim_node) by extensions ['colcon_pkg']
[0.760s] Level 1:colcon.colcon_core.package_identification:_identify(/mnt/c/work/ubuntu_work/HiveFlight/ros2_ws/src/hiveflight_sim_node) by extension 'colcon_pkg'
[0.763s] Level 1:colcon.colcon_core.package_identification:_identify(/mnt/c/work/ubuntu_work/HiveFlight/ros2_ws/src/hiveflight_sim_node) by extensions ['colcon_meta']
[0.763s] Level 1:colcon.colcon_core.package_identification:_identify(/mnt/c/work/ubuntu_work/HiveFlight/ros2_ws/src/hiveflight_sim_node) by extension 'colcon_meta'
[0.770s] Level 1:colcon.colcon_core.package_identification:_identify(/mnt/c/work/ubuntu_work/HiveFlight/ros2_ws/src/hiveflight_sim_node) by extensions ['ros']
[0.770s] Level 1:colcon.colcon_core.package_identification:_identify(/mnt/c/work/ubuntu_work/HiveFlight/ros2_ws/src/hiveflight_sim_node) by extension 'ros'
[0.798s] DEBUG:colcon.colcon_core.package_identification:Package '/mnt/c/work/ubuntu_work/HiveFlight/ros2_ws/src/hiveflight_sim_node' with type 'ros.ament_cmake' and name 'hiveflight_sim_node'
[0.798s] Level 1:colcon.colcon_core.package_discovery:discover_packages(recursive) using defaults
[0.846s] Level 1:colcon.colcon_core.package_discovery:discover_packages(prefix_path) check parameters
[0.846s] Level 1:colcon.colcon_core.package_discovery:discover_packages(prefix_path) discover
[0.856s] WARNING:colcon.colcon_ros.prefix_path.ament:The path '/mnt/c/work/ubuntu_work/HiveFlight/ros2_ws/install' in the environment variable AMENT_PREFIX_PATH doesn't contain any 'local_setup.*' files.
[0.879s] DEBUG:colcon.colcon_installed_package_information.package_discovery:Found 0 installed packages in /mnt/c/work/ubuntu_work/HiveFlight/ros2_ws/install
[0.881s] DEBUG:colcon.colcon_installed_package_information.package_discovery:Found 3 installed packages in /home/ivano/hiveflight_ws/install
[0.884s] DEBUG:colcon.colcon_installed_package_information.package_discovery:Found 300 installed packages in /opt/ros/humble
[0.904s] Level 1:colcon.colcon_core.package_discovery:discover_packages(prefix_path) using defaults
[0.940s] Level 5:colcon.colcon_core.verb:set package 'hiveflight_interfaces' build argument 'cmake_args' from command line to 'None'
[0.941s] Level 5:colcon.colcon_core.verb:set package 'hiveflight_interfaces' build argument 'cmake_target' from command line to 'None'
[0.941s] Level 5:colcon.colcon_core.verb:set package 'hiveflight_interfaces' build argument 'cmake_target_skip_unavailable' from command line to 'False'
[0.942s] Level 5:colcon.colcon_core.verb:set package 'hiveflight_interfaces' build argument 'cmake_clean_cache' from command line to 'False'
[0.942s] Level 5:colcon.colcon_core.verb:set package 'hiveflight_interfaces' build argument 'cmake_clean_first' from command line to 'False'
[0.943s] Level 5:colcon.colcon_core.verb:set package 'hiveflight_interfaces' build argument 'cmake_force_configure' from command line to 'False'
[0.943s] Level 5:colcon.colcon_core.verb:set package 'hiveflight_interfaces' build argument 'ament_cmake_args' from command line to 'None'
[0.943s] Level 5:colcon.colcon_core.verb:set package 'hiveflight_interfaces' build argument 'catkin_cmake_args' from command line to 'None'
[0.943s] Level 5:colcon.colcon_core.verb:set package 'hiveflight_interfaces' build argument 'catkin_skip_building_tests' from command line to 'False'
[0.944s] DEBUG:colcon.colcon_core.verb:Building package 'hiveflight_interfaces' with the following arguments: {'ament_cmake_args': None, 'build_base': '/mnt/c/work/ubuntu_work/HiveFlight/ros2_ws/build/hiveflight_interfaces', 'catkin_cmake_args': None, 'catkin_skip_building_tests': False, 'cmake_args': None, 'cmake_clean_cache': False, 'cmake_clean_first': False, 'cmake_force_configure': False, 'cmake_target': None, 'cmake_target_skip_unavailable': False, 'install_base': '/mnt/c/work/ubuntu_work/HiveFlight/ros2_ws/install', 'merge_install': True, 'path': '/mnt/c/work/ubuntu_work/HiveFlight/ros2_ws/src/hiveflight_interfaces', 'symlink_install': False, 'test_result_base': None}
[0.944s] Level 5:colcon.colcon_core.verb:set package 'hiveflight_sim' build argument 'cmake_args' from command line to 'None'
[0.945s] Level 5:colcon.colcon_core.verb:set package 'hiveflight_sim' build argument 'cmake_target' from command line to 'None'
[0.945s] Level 5:colcon.colcon_core.verb:set package 'hiveflight_sim' build argument 'cmake_target_skip_unavailable' from command line to 'False'
[0.945s] Level 5:colcon.colcon_core.verb:set package 'hiveflight_sim' build argument 'cmake_clean_cache' from command line to 'False'
[0.946s] Level 5:colcon.colcon_core.verb:set package 'hiveflight_sim' build argument 'cmake_clean_first' from command line to 'False'
[0.946s] Level 5:colcon.colcon_core.verb:set package 'hiveflight_sim' build argument 'cmake_force_configure' from command line to 'False'
[0.946s] Level 5:colcon.colcon_core.verb:set package 'hiveflight_sim' build argument 'ament_cmake_args' from command line to 'None'
[0.947s] Level 5:colcon.colcon_core.verb:set package 'hiveflight_sim' build argument 'catkin_cmake_args' from command line to 'None'
[0.947s] Level 5:colcon.colcon_core.verb:set package 'hiveflight_sim' build argument 'catkin_skip_building_tests' from command line to 'False'
[0.947s] DEBUG:colcon.colcon_core.verb:Building package 'hiveflight_sim' with the following arguments: {'ament_cmake_args': None, 'build_base': '/mnt/c/work/ubuntu_work/HiveFlight/ros2_ws/build/hiveflight_sim', 'catkin_cmake_args': None, 'catkin_skip_building_tests': False, 'cmake_args': None, 'cmake_clean_cache': False, 'cmake_clean_first': False, 'cmake_force_configure': False, 'cmake_target': None, 'cmake_target_skip_unavailable': False, 'install_base': '/mnt/c/work/ubuntu_work/HiveFlight/ros2_ws/install', 'merge_install': True, 'path': '/mnt/c/work/ubuntu_work/HiveFlight/ros2_ws/src/hiveflight_sim', 'symlink_install': False, 'test_result_base': None}
[0.948s] Level 5:colcon.colcon_core.verb:set package 'hiveflight_sim_node' build argument 'cmake_args' from command line to 'None'
[0.948s] Level 5:colcon.colcon_core.verb:set package 'hiveflight_sim_node' build argument 'cmake_target' from command line to 'None'
[0.949s] Level 5:colcon.colcon_core.verb:set package 'hiveflight_sim_node' build argument 'cmake_target_skip_unavailable' from command line to 'False'
[0.949s] Level 5:colcon.colcon_core.verb:set package 'hiveflight_sim_node' build argument 'cmake_clean_cache' from command line to 'False'
[0.950s] Level 5:colcon.colcon_core.verb:set package 'hiveflight_sim_node' build argument 'cmake_clean_first' from command line to 'False'
[0.950s] Level 5:colcon.colcon_core.verb:set package 'hiveflight_sim_node' build argument 'cmake_force_configure' from command line to 'False'
[0.950s] Level 5:colcon.colcon_core.verb:set package 'hiveflight_sim_node' build argument 'ament_cmake_args' from command line to 'None'
[0.951s] Level 5:colcon.colcon_core.verb:set package 'hiveflight_sim_node' build argument 'catkin_cmake_args' from command line to 'None'
[0.951s] Level 5:colcon.colcon_core.verb:set package 'hiveflight_sim_node' build argument 'catkin_skip_building_tests' from command line to 'False'
[0.952s] DEBUG:colcon.colcon_core.verb:Building package 'hiveflight_sim_node' with the following arguments: {'ament_cmake_args': None, 'build_base': '/mnt/c/work/ubuntu_work/HiveFlight/ros2_ws/build/hiveflight_sim_node', 'catkin_cmake_args': None, 'catkin_skip_building_tests': False, 'cmake_args': None, 'cmake_clean_cache': False, 'cmake_clean_first': False, 'cmake_force_configure': False, 'cmake_target': None, 'cmake_target_skip_unavailable': False, 'install_base': '/mnt/c/work/ubuntu_work/HiveFlight/ros2_ws/install', 'merge_install': True, 'path': '/mnt/c/work/ubuntu_work/HiveFlight/ros2_ws/src/hiveflight_sim_node', 'symlink_install': False, 'test_result_base': None}
[0.952s] INFO:colcon.colcon_core.executor:Executing jobs using 'parallel' executor
[0.954s] DEBUG:colcon.colcon_parallel_executor.executor.parallel:run_until_complete
[0.954s] INFO:colcon.colcon_ros.task.ament_cmake.build:Building ROS package in '/mnt/c/work/ubuntu_work/HiveFlight/ros2_ws/src/hiveflight_interfaces' with build type 'ament_cmake'
[0.955s] INFO:colcon.colcon_cmake.task.cmake.build:Building CMake package in '/mnt/c/work/ubuntu_work/HiveFlight/ros2_ws/src/hiveflight_interfaces'
[0.958s] INFO:colcon.colcon_core.plugin_system:Skipping extension 'colcon_core.shell.bat': Not used on non-Windows systems
[0.959s] INFO:colcon.colcon_core.shell:Skip shell extension 'powershell' for command environment: Not usable outside of PowerShell
[0.959s] DEBUG:colcon.colcon_core.shell:Skip shell extension 'dsv' for command environment
[1.224s] DEBUG:colcon.colcon_core.event_handler.log_command:Invoking command in '/mnt/c/work/ubuntu_work/HiveFlight/ros2_ws/build/hiveflight_interfaces': CMAKE_PREFIX_PATH=${CMAKE_PREFIX_PATH}:/opt/ros/humble /usr/bin/cmake /mnt/c/work/ubuntu_work/HiveFlight/ros2_ws/src/hiveflight_interfaces -DCMAKE_INSTALL_PREFIX=/mnt/c/work/ubuntu_work/HiveFlight/ros2_ws/install
[28.541s] DEBUG:colcon.colcon_core.event_handler.log_command:Invoked command in '/mnt/c/work/ubuntu_work/HiveFlight/ros2_ws/build/hiveflight_interfaces' returned '0': CMAKE_PREFIX_PATH=${CMAKE_PREFIX_PATH}:/opt/ros/humble /usr/bin/cmake /mnt/c/work/ubuntu_work/HiveFlight/ros2_ws/src/hiveflight_interfaces -DCMAKE_INSTALL_PREFIX=/mnt/c/work/ubuntu_work/HiveFlight/ros2_ws/install
[28.615s] DEBUG:colcon.colcon_core.event_handler.log_command:Invoking command in '/mnt/c/work/ubuntu_work/HiveFlight/ros2_ws/build/hiveflight_interfaces': CMAKE_PREFIX_PATH=${CMAKE_PREFIX_PATH}:/opt/ros/humble /usr/bin/cmake --build /mnt/c/work/ubuntu_work/HiveFlight/ros2_ws/build/hiveflight_interfaces -- -j16 -l16
[37.748s] DEBUG:colcon.colcon_core.event_handler.log_command:Invoked command in '/mnt/c/work/ubuntu_work/HiveFlight/ros2_ws/build/hiveflight_interfaces' returned '0': CMAKE_PREFIX_PATH=${CMAKE_PREFIX_PATH}:/opt/ros/humble /usr/bin/cmake --build /mnt/c/work/ubuntu_work/HiveFlight/ros2_ws/build/hiveflight_interfaces -- -j16 -l16
[37.840s] DEBUG:colcon.colcon_core.event_handler.log_command:Invoking command in '/mnt/c/work/ubuntu_work/HiveFlight/ros2_ws/build/hiveflight_interfaces': CMAKE_PREFIX_PATH=${CMAKE_PREFIX_PATH}:/opt/ros/humble /usr/bin/cmake --install /mnt/c/work/ubuntu_work/HiveFlight/ros2_ws/build/hiveflight_interfaces
[54.612s] Level 1:colcon.colcon_core.environment:create_environment_scripts_only(hiveflight_interfaces)
[54.614s] DEBUG:colcon.colcon_core.event_handler.log_command:Invoked command in '/mnt/c/work/ubuntu_work/HiveFlight/ros2_ws/build/hiveflight_interfaces' returned '0': CMAKE_PREFIX_PATH=${CMAKE_PREFIX_PATH}:/opt/ros/humble /usr/bin/cmake --install /mnt/c/work/ubuntu_work/HiveFlight/ros2_ws/build/hiveflight_interfaces
[54.617s] Level 1:colcon.colcon_core.environment:checking '/mnt/c/work/ubuntu_work/HiveFlight/ros2_ws/install' for CMake module files
[54.976s] Level 1:colcon.colcon_core.environment:checking '/mnt/c/work/ubuntu_work/HiveFlight/ros2_ws/install' for CMake config files
[55.370s] Level 1:colcon.colcon_core.shell:create_environment_hook('hiveflight_interfaces', 'cmake_prefix_path')
[55.371s] INFO:colcon.colcon_core.shell:Creating environment hook '/mnt/c/work/ubuntu_work/HiveFlight/ros2_ws/install/share/hiveflight_interfaces/hook/cmake_prefix_path.ps1'
[55.405s] INFO:colcon.colcon_core.shell:Creating environment descriptor '/mnt/c/work/ubuntu_work/HiveFlight/ros2_ws/install/share/hiveflight_interfaces/hook/cmake_prefix_path.dsv'
[55.443s] INFO:colcon.colcon_core.shell:Creating environment hook '/mnt/c/work/ubuntu_work/HiveFlight/ros2_ws/install/share/hiveflight_interfaces/hook/cmake_prefix_path.sh'
[55.536s] Level 1:colcon.colcon_core.environment:checking '/mnt/c/work/ubuntu_work/HiveFlight/ros2_ws/install/lib'
[55.548s] Level 1:colcon.colcon_core.shell:create_environment_hook('hiveflight_interfaces', 'ld_library_path_lib')
[55.549s] INFO:colcon.colcon_core.shell:Creating environment hook '/mnt/c/work/ubuntu_work/HiveFlight/ros2_ws/install/share/hiveflight_interfaces/hook/ld_library_path_lib.ps1'
[55.588s] INFO:colcon.colcon_core.shell:Creating environment descriptor '/mnt/c/work/ubuntu_work/HiveFlight/ros2_ws/install/share/hiveflight_interfaces/hook/ld_library_path_lib.dsv'
[55.629s] INFO:colcon.colcon_core.shell:Creating environment hook '/mnt/c/work/ubuntu_work/HiveFlight/ros2_ws/install/share/hiveflight_interfaces/hook/ld_library_path_lib.sh'
[55.667s] Level 1:colcon.colcon_core.environment:checking '/mnt/c/work/ubuntu_work/HiveFlight/ros2_ws/install/bin'
[55.671s] Level 1:colcon.colcon_core.environment:checking '/mnt/c/work/ubuntu_work/HiveFlight/ros2_ws/install/lib/pkgconfig/hiveflight_interfaces.pc'
[55.676s] Level 1:colcon.colcon_core.environment:checking '/mnt/c/work/ubuntu_work/HiveFlight/ros2_ws/install/lib/python3.10/site-packages'
[55.681s] Level 1:colcon.colcon_core.environment:checking '/mnt/c/work/ubuntu_work/HiveFlight/ros2_ws/install/bin'
[55.685s] INFO:colcon.colcon_core.shell:Creating package script '/mnt/c/work/ubuntu_work/HiveFlight/ros2_ws/install/share/hiveflight_interfaces/package.ps1'
[55.719s] INFO:colcon.colcon_core.shell:Creating package descriptor '/mnt/c/work/ubuntu_work/HiveFlight/ros2_ws/install/share/hiveflight_interfaces/package.dsv'
[55.753s] INFO:colcon.colcon_core.shell:Creating package script '/mnt/c/work/ubuntu_work/HiveFlight/ros2_ws/install/share/hiveflight_interfaces/package.sh'
[55.784s] INFO:colcon.colcon_core.shell:Creating package script '/mnt/c/work/ubuntu_work/HiveFlight/ros2_ws/install/share/hiveflight_interfaces/package.bash'
[55.819s] INFO:colcon.colcon_core.shell:Creating package script '/mnt/c/work/ubuntu_work/HiveFlight/ros2_ws/install/share/hiveflight_interfaces/package.zsh'
[55.847s] Level 1:colcon.colcon_core.environment:create_file_with_runtime_dependencies(/mnt/c/work/ubuntu_work/HiveFlight/ros2_ws/install/share/colcon-core/packages/hiveflight_interfaces)
[55.896s] Level 1:colcon.colcon_core.environment:create_environment_scripts_only(hiveflight_interfaces)
[55.896s] Level 1:colcon.colcon_core.environment:checking '/mnt/c/work/ubuntu_work/HiveFlight/ros2_ws/install' for CMake module files
[56.277s] Level 1:colcon.colcon_core.environment:checking '/mnt/c/work/ubuntu_work/HiveFlight/ros2_ws/install' for CMake config files
[56.575s] Level 1:colcon.colcon_core.shell:create_environment_hook('hiveflight_interfaces', 'cmake_prefix_path')
[56.576s] INFO:colcon.colcon_core.shell:Creating environment hook '/mnt/c/work/ubuntu_work/HiveFlight/ros2_ws/install/share/hiveflight_interfaces/hook/cmake_prefix_path.ps1'
[56.599s] INFO:colcon.colcon_core.shell:Creating environment descriptor '/mnt/c/work/ubuntu_work/HiveFlight/ros2_ws/install/share/hiveflight_interfaces/hook/cmake_prefix_path.dsv'
[56.625s] INFO:colcon.colcon_core.shell:Creating environment hook '/mnt/c/work/ubuntu_work/HiveFlight/ros2_ws/install/share/hiveflight_interfaces/hook/cmake_prefix_path.sh'
[56.654s] Level 1:colcon.colcon_core.environment:checking '/mnt/c/work/ubuntu_work/HiveFlight/ros2_ws/install/lib'
[56.661s] Level 1:colcon.colcon_core.shell:create_environment_hook('hiveflight_interfaces', 'ld_library_path_lib')
[56.662s] INFO:colcon.colcon_core.shell:Creating environment hook '/mnt/c/work/ubuntu_work/HiveFlight/ros2_ws/install/share/hiveflight_interfaces/hook/ld_library_path_lib.ps1'
[56.684s] INFO:colcon.colcon_core.shell:Creating environment descriptor '/mnt/c/work/ubuntu_work/HiveFlight/ros2_ws/install/share/hiveflight_interfaces/hook/ld_library_path_lib.dsv'
[56.709s] INFO:colcon.colcon_core.shell:Creating environment hook '/mnt/c/work/ubuntu_work/HiveFlight/ros2_ws/install/share/hiveflight_interfaces/hook/ld_library_path_lib.sh'
[56.735s] Level 1:colcon.colcon_core.environment:checking '/mnt/c/work/ubuntu_work/HiveFlight/ros2_ws/install/bin'
[56.738s] Level 1:colcon.colcon_core.environment:checking '/mnt/c/work/ubuntu_work/HiveFlight/ros2_ws/install/lib/pkgconfig/hiveflight_interfaces.pc'
[56.741s] Level 1:colcon.colcon_core.environment:checking '/mnt/c/work/ubuntu_work/HiveFlight/ros2_ws/install/lib/python3.10/site-packages'
[56.744s] Level 1:colcon.colcon_core.environment:checking '/mnt/c/work/ubuntu_work/HiveFlight/ros2_ws/install/bin'
[56.747s] INFO:colcon.colcon_core.shell:Creating package script '/mnt/c/work/ubuntu_work/HiveFlight/ros2_ws/install/share/hiveflight_interfaces/package.ps1'
[56.767s] INFO:colcon.colcon_core.shell:Creating package descriptor '/mnt/c/work/ubuntu_work/HiveFlight/ros2_ws/install/share/hiveflight_interfaces/package.dsv'
[56.785s] INFO:colcon.colcon_core.shell:Creating package script '/mnt/c/work/ubuntu_work/HiveFlight/ros2_ws/install/share/hiveflight_interfaces/package.sh'
[56.805s] INFO:colcon.colcon_core.shell:Creating package script '/mnt/c/work/ubuntu_work/HiveFlight/ros2_ws/install/share/hiveflight_interfaces/package.bash'
[56.828s] INFO:colcon.colcon_core.shell:Creating package script '/mnt/c/work/ubuntu_work/HiveFlight/ros2_ws/install/share/hiveflight_interfaces/package.zsh'
[56.848s] Level 1:colcon.colcon_core.environment:create_file_with_runtime_dependencies(/mnt/c/work/ubuntu_work/HiveFlight/ros2_ws/install/share/colcon-core/packages/hiveflight_interfaces)
[56.863s] INFO:colcon.colcon_ros.task.ament_cmake.build:Building ROS package in '/mnt/c/work/ubuntu_work/HiveFlight/ros2_ws/src/hiveflight_sim' with build type 'ament_cmake'
[56.864s] INFO:colcon.colcon_cmake.task.cmake.build:Building CMake package in '/mnt/c/work/ubuntu_work/HiveFlight/ros2_ws/src/hiveflight_sim'
[56.864s] INFO:colcon.colcon_core.shell:Skip shell extension 'powershell' for command environment: Not usable outside of PowerShell
[56.865s] DEBUG:colcon.colcon_core.shell:Skip shell extension 'dsv' for command environment
[57.419s] DEBUG:colcon.colcon_core.event_handler.log_command:Invoking command in '/mnt/c/work/ubuntu_work/HiveFlight/ros2_ws/build/hiveflight_sim': CMAKE_PREFIX_PATH=${CMAKE_PREFIX_PATH}:/opt/ros/humble LD_LIBRARY_PATH=/mnt/c/work/ubuntu_work/HiveFlight/ros2_ws/install/lib:/usr/lib/x86_64-linux-gnu/gazebo-11/plugins:/home/ivano/hiveflight_ws/install/hiveflight_interfaces/lib:/opt/ros/humble/opt/rviz_ogre_vendor/lib:/opt/ros/humble/lib/x86_64-linux-gnu:/opt/ros/humble/lib /usr/bin/cmake /mnt/c/work/ubuntu_work/HiveFlight/ros2_ws/src/hiveflight_sim -DCMAKE_INSTALL_PREFIX=/mnt/c/work/ubuntu_work/HiveFlight/ros2_ws/install
[86.868s] DEBUG:colcon.colcon_core.event_handler.log_command:Invoked command in '/mnt/c/work/ubuntu_work/HiveFlight/ros2_ws/build/hiveflight_sim' returned '0': CMAKE_PREFIX_PATH=${CMAKE_PREFIX_PATH}:/opt/ros/humble LD_LIBRARY_PATH=/mnt/c/work/ubuntu_work/HiveFlight/ros2_ws/install/lib:/usr/lib/x86_64-linux-gnu/gazebo-11/plugins:/home/ivano/hiveflight_ws/install/hiveflight_interfaces/lib:/opt/ros/humble/opt/rviz_ogre_vendor/lib:/opt/ros/humble/lib/x86_64-linux-gnu:/opt/ros/humble/lib /usr/bin/cmake /mnt/c/work/ubuntu_work/HiveFlight/ros2_ws/src/hiveflight_sim -DCMAKE_INSTALL_PREFIX=/mnt/c/work/ubuntu_work/HiveFlight/ros2_ws/install
[86.870s] DEBUG:colcon.colcon_core.event_handler.log_command:Invoking command in '/mnt/c/work/ubuntu_work/HiveFlight/ros2_ws/build/hiveflight_sim': CMAKE_PREFIX_PATH=${CMAKE_PREFIX_PATH}:/opt/ros/humble LD_LIBRARY_PATH=/mnt/c/work/ubuntu_work/HiveFlight/ros2_ws/install/lib:/usr/lib/x86_64-linux-gnu/gazebo-11/plugins:/home/ivano/hiveflight_ws/install/hiveflight_interfaces/lib:/opt/ros/humble/opt/rviz_ogre_vendor/lib:/opt/ros/humble/lib/x86_64-linux-gnu:/opt/ros/humble/lib /usr/bin/cmake --build /mnt/c/work/ubuntu_work/HiveFlight/ros2_ws/build/hiveflight_sim -- -j16 -l16
[112.699s] DEBUG:colcon.colcon_core.event_handler.log_command:Invoked command in '/mnt/c/work/ubuntu_work/HiveFlight/ros2_ws/build/hiveflight_sim' returned '0': CMAKE_PREFIX_PATH=${CMAKE_PREFIX_PATH}:/opt/ros/humble LD_LIBRARY_PATH=/mnt/c/work/ubuntu_work/HiveFlight/ros2_ws/install/lib:/usr/lib/x86_64-linux-gnu/gazebo-11/plugins:/home/ivano/hiveflight_ws/install/hiveflight_interfaces/lib:/opt/ros/humble/opt/rviz_ogre_vendor/lib:/opt/ros/humble/lib/x86_64-linux-gnu:/opt/ros/humble/lib /usr/bin/cmake --build /mnt/c/work/ubuntu_work/HiveFlight/ros2_ws/build/hiveflight_sim -- -j16 -l16
[112.742s] DEBUG:colcon.colcon_core.event_handler.log_command:Invoking command in '/mnt/c/work/ubuntu_work/HiveFlight/ros2_ws/build/hiveflight_sim': CMAKE_PREFIX_PATH=${CMAKE_PREFIX_PATH}:/opt/ros/humble LD_LIBRARY_PATH=/mnt/c/work/ubuntu_work/HiveFlight/ros2_ws/install/lib:/usr/lib/x86_64-linux-gnu/gazebo-11/plugins:/home/ivano/hiveflight_ws/install/hiveflight_interfaces/lib:/opt/ros/humble/opt/rviz_ogre_vendor/lib:/opt/ros/humble/lib/x86_64-linux-gnu:/opt/ros/humble/lib /usr/bin/cmake --install /mnt/c/work/ubuntu_work/HiveFlight/ros2_ws/build/hiveflight_sim
[117.122s] Level 1:colcon.colcon_core.environment:create_environment_scripts_only(hiveflight_sim)
[117.123s] Level 1:colcon.colcon_core.environment:checking '/mnt/c/work/ubuntu_work/HiveFlight/ros2_ws/install' for CMake module files
[117.124s] DEBUG:colcon.colcon_core.event_handler.log_command:Invoked command in '/mnt/c/work/ubuntu_work/HiveFlight/ros2_ws/build/hiveflight_sim' returned '0': CMAKE_PREFIX_PATH=${CMAKE_PREFIX_PATH}:/opt/ros/humble LD_LIBRARY_PATH=/mnt/c/work/ubuntu_work/HiveFlight/ros2_ws/install/lib:/usr/lib/x86_64-linux-gnu/gazebo-11/plugins:/home/ivano/hiveflight_ws/install/hiveflight_interfaces/lib:/opt/ros/humble/opt/rviz_ogre_vendor/lib:/opt/ros/humble/lib/x86_64-linux-gnu:/opt/ros/humble/lib /usr/bin/cmake --install /mnt/c/work/ubuntu_work/HiveFlight/ros2_ws/build/hiveflight_sim
[117.283s] Level 1:colcon.colcon_core.environment:checking '/mnt/c/work/ubuntu_work/HiveFlight/ros2_ws/install' for CMake config files
[117.582s] Level 1:colcon.colcon_core.shell:create_environment_hook('hiveflight_sim', 'cmake_prefix_path')
[117.583s] INFO:colcon.colcon_core.shell:Creating environment hook '/mnt/c/work/ubuntu_work/HiveFlight/ros2_ws/install/share/hiveflight_sim/hook/cmake_prefix_path.ps1'
[117.602s] INFO:colcon.colcon_core.shell:Creating environment descriptor '/mnt/c/work/ubuntu_work/HiveFlight/ros2_ws/install/share/hiveflight_sim/hook/cmake_prefix_path.dsv'
[117.625s] INFO:colcon.colcon_core.shell:Creating environment hook '/mnt/c/work/ubuntu_work/HiveFlight/ros2_ws/install/share/hiveflight_sim/hook/cmake_prefix_path.sh'
[117.700s] Level 1:colcon.colcon_core.environment:checking '/mnt/c/work/ubuntu_work/HiveFlight/ros2_ws/install/lib'
[117.708s] Level 1:colcon.colcon_core.shell:create_environment_hook('hiveflight_sim', 'ld_library_path_lib')
[117.709s] INFO:colcon.colcon_core.shell:Creating environment hook '/mnt/c/work/ubuntu_work/HiveFlight/ros2_ws/install/share/hiveflight_sim/hook/ld_library_path_lib.ps1'
[117.733s] INFO:colcon.colcon_core.shell:Creating environment descriptor '/mnt/c/work/ubuntu_work/HiveFlight/ros2_ws/install/share/hiveflight_sim/hook/ld_library_path_lib.dsv'
[117.758s] INFO:colcon.colcon_core.shell:Creating environment hook '/mnt/c/work/ubuntu_work/HiveFlight/ros2_ws/install/share/hiveflight_sim/hook/ld_library_path_lib.sh'
[117.781s] Level 1:colcon.colcon_core.environment:checking '/mnt/c/work/ubuntu_work/HiveFlight/ros2_ws/install/bin'
[117.784s] Level 1:colcon.colcon_core.environment:checking '/mnt/c/work/ubuntu_work/HiveFlight/ros2_ws/install/lib/pkgconfig/hiveflight_sim.pc'
[117.787s] Level 1:colcon.colcon_core.environment:checking '/mnt/c/work/ubuntu_work/HiveFlight/ros2_ws/install/lib/python3.10/site-packages'
[117.790s] Level 1:colcon.colcon_core.environment:checking '/mnt/c/work/ubuntu_work/HiveFlight/ros2_ws/install/bin'
[117.792s] INFO:colcon.colcon_core.shell:Creating package script '/mnt/c/work/ubuntu_work/HiveFlight/ros2_ws/install/share/hiveflight_sim/package.ps1'
[117.811s] INFO:colcon.colcon_core.shell:Creating package descriptor '/mnt/c/work/ubuntu_work/HiveFlight/ros2_ws/install/share/hiveflight_sim/package.dsv'
[117.835s] INFO:colcon.colcon_core.shell:Creating package script '/mnt/c/work/ubuntu_work/HiveFlight/ros2_ws/install/share/hiveflight_sim/package.sh'
[117.856s] INFO:colcon.colcon_core.shell:Creating package script '/mnt/c/work/ubuntu_work/HiveFlight/ros2_ws/install/share/hiveflight_sim/package.bash'
[117.875s] INFO:colcon.colcon_core.shell:Creating package script '/mnt/c/work/ubuntu_work/HiveFlight/ros2_ws/install/share/hiveflight_sim/package.zsh'
[117.894s] Level 1:colcon.colcon_core.environment:create_file_with_runtime_dependencies(/mnt/c/work/ubuntu_work/HiveFlight/ros2_ws/install/share/colcon-core/packages/hiveflight_sim)
[117.960s] Level 1:colcon.colcon_core.environment:create_environment_scripts_only(hiveflight_sim)
[117.960s] Level 1:colcon.colcon_core.environment:checking '/mnt/c/work/ubuntu_work/HiveFlight/ros2_ws/install' for CMake module files
[118.132s] Level 1:colcon.colcon_core.environment:checking '/mnt/c/work/ubuntu_work/HiveFlight/ros2_ws/install' for CMake config files
[118.482s] Level 1:colcon.colcon_core.shell:create_environment_hook('hiveflight_sim', 'cmake_prefix_path')
[118.484s] INFO:colcon.colcon_core.shell:Creating environment hook '/mnt/c/work/ubuntu_work/HiveFlight/ros2_ws/install/share/hiveflight_sim/hook/cmake_prefix_path.ps1'
[118.507s] INFO:colcon.colcon_core.shell:Creating environment descriptor '/mnt/c/work/ubuntu_work/HiveFlight/ros2_ws/install/share/hiveflight_sim/hook/cmake_prefix_path.dsv'
[118.530s] INFO:colcon.colcon_core.shell:Creating environment hook '/mnt/c/work/ubuntu_work/HiveFlight/ros2_ws/install/share/hiveflight_sim/hook/cmake_prefix_path.sh'
[118.563s] Level 1:colcon.colcon_core.environment:checking '/mnt/c/work/ubuntu_work/HiveFlight/ros2_ws/install/lib'
[118.571s] Level 1:colcon.colcon_core.shell:create_environment_hook('hiveflight_sim', 'ld_library_path_lib')
[118.572s] INFO:colcon.colcon_core.shell:Creating environment hook '/mnt/c/work/ubuntu_work/HiveFlight/ros2_ws/install/share/hiveflight_sim/hook/ld_library_path_lib.ps1'
[118.596s] INFO:colcon.colcon_core.shell:Creating environment descriptor '/mnt/c/work/ubuntu_work/HiveFlight/ros2_ws/install/share/hiveflight_sim/hook/ld_library_path_lib.dsv'
[118.619s] INFO:colcon.colcon_core.shell:Creating environment hook '/mnt/c/work/ubuntu_work/HiveFlight/ros2_ws/install/share/hiveflight_sim/hook/ld_library_path_lib.sh'
[118.649s] Level 1:colcon.colcon_core.environment:checking '/mnt/c/work/ubuntu_work/HiveFlight/ros2_ws/install/bin'
[118.654s] Level 1:colcon.colcon_core.environment:checking '/mnt/c/work/ubuntu_work/HiveFlight/ros2_ws/install/lib/pkgconfig/hiveflight_sim.pc'
[118.659s] Level 1:colcon.colcon_core.environment:checking '/mnt/c/work/ubuntu_work/HiveFlight/ros2_ws/install/lib/python3.10/site-packages'
[118.663s] Level 1:colcon.colcon_core.environment:checking '/mnt/c/work/ubuntu_work/HiveFlight/ros2_ws/install/bin'
[118.665s] INFO:colcon.colcon_core.shell:Creating package script '/mnt/c/work/ubuntu_work/HiveFlight/ros2_ws/install/share/hiveflight_sim/package.ps1'
[118.689s] INFO:colcon.colcon_core.shell:Creating package descriptor '/mnt/c/work/ubuntu_work/HiveFlight/ros2_ws/install/share/hiveflight_sim/package.dsv'
[118.711s] INFO:colcon.colcon_core.shell:Creating package script '/mnt/c/work/ubuntu_work/HiveFlight/ros2_ws/install/share/hiveflight_sim/package.sh'
[118.731s] INFO:colcon.colcon_core.shell:Creating package script '/mnt/c/work/ubuntu_work/HiveFlight/ros2_ws/install/share/hiveflight_sim/package.bash'
[118.753s] INFO:colcon.colcon_core.shell:Creating package script '/mnt/c/work/ubuntu_work/HiveFlight/ros2_ws/install/share/hiveflight_sim/package.zsh'
[118.780s] Level 1:colcon.colcon_core.environment:create_file_with_runtime_dependencies(/mnt/c/work/ubuntu_work/HiveFlight/ros2_ws/install/share/colcon-core/packages/hiveflight_sim)
[118.796s] INFO:colcon.colcon_ros.task.ament_cmake.build:Building ROS package in '/mnt/c/work/ubuntu_work/HiveFlight/ros2_ws/src/hiveflight_sim_node' with build type 'ament_cmake'
[118.797s] INFO:colcon.colcon_cmake.task.cmake.build:Building CMake package in '/mnt/c/work/ubuntu_work/HiveFlight/ros2_ws/src/hiveflight_sim_node'
[118.798s] INFO:colcon.colcon_core.shell:Skip shell extension 'powershell' for command environment: Not usable outside of PowerShell
[118.798s] DEBUG:colcon.colcon_core.shell:Skip shell extension 'dsv' for command environment
[119.579s] DEBUG:colcon.colcon_core.event_handler.log_command:Invoking command in '/mnt/c/work/ubuntu_work/HiveFlight/ros2_ws/build/hiveflight_sim_node': CMAKE_PREFIX_PATH=${CMAKE_PREFIX_PATH}:/opt/ros/humble LD_LIBRARY_PATH=/mnt/c/work/ubuntu_work/HiveFlight/ros2_ws/install/lib:/usr/lib/x86_64-linux-gnu/gazebo-11/plugins:/home/ivano/hiveflight_ws/install/hiveflight_interfaces/lib:/opt/ros/humble/opt/rviz_ogre_vendor/lib:/opt/ros/humble/lib/x86_64-linux-gnu:/opt/ros/humble/lib /usr/bin/cmake /mnt/c/work/ubuntu_work/HiveFlight/ros2_ws/src/hiveflight_sim_node -DCMAKE_INSTALL_PREFIX=/mnt/c/work/ubuntu_work/HiveFlight/ros2_ws/install
[148.400s] DEBUG:colcon.colcon_core.event_handler.log_command:Invoked command in '/mnt/c/work/ubuntu_work/HiveFlight/ros2_ws/build/hiveflight_sim_node' returned '0': CMAKE_PREFIX_PATH=${CMAKE_PREFIX_PATH}:/opt/ros/humble LD_LIBRARY_PATH=/mnt/c/work/ubuntu_work/HiveFlight/ros2_ws/install/lib:/usr/lib/x86_64-linux-gnu/gazebo-11/plugins:/home/ivano/hiveflight_ws/install/hiveflight_interfaces/lib:/opt/ros/humble/opt/rviz_ogre_vendor/lib:/opt/ros/humble/lib/x86_64-linux-gnu:/opt/ros/humble/lib /usr/bin/cmake /mnt/c/work/ubuntu_work/HiveFlight/ros2_ws/src/hiveflight_sim_node -DCMAKE_INSTALL_PREFIX=/mnt/c/work/ubuntu_work/HiveFlight/ros2_ws/install
[148.437s] DEBUG:colcon.colcon_core.event_handler.log_command:Invoking command in '/mnt/c/work/ubuntu_work/HiveFlight/ros2_ws/build/hiveflight_sim_node': CMAKE_PREFIX_PATH=${CMAKE_PREFIX_PATH}:/opt/ros/humble LD_LIBRARY_PATH=/mnt/c/work/ubuntu_work/HiveFlight/ros2_ws/install/lib:/usr/lib/x86_64-linux-gnu/gazebo-11/plugins:/home/ivano/hiveflight_ws/install/hiveflight_interfaces/lib:/opt/ros/humble/opt/rviz_ogre_vendor/lib:/opt/ros/humble/lib/x86_64-linux-gnu:/opt/ros/humble/lib /usr/bin/cmake --build /mnt/c/work/ubuntu_work/HiveFlight/ros2_ws/build/hiveflight_sim_node -- -j16 -l16
[176.830s] DEBUG:colcon.colcon_core.event_handler.log_command:Invoked command in '/mnt/c/work/ubuntu_work/HiveFlight/ros2_ws/build/hiveflight_sim_node' returned '0': CMAKE_PREFIX_PATH=${CMAKE_PREFIX_PATH}:/opt/ros/humble LD_LIBRARY_PATH=/mnt/c/work/ubuntu_work/HiveFlight/ros2_ws/install/lib:/usr/lib/x86_64-linux-gnu/gazebo-11/plugins:/home/ivano/hiveflight_ws/install/hiveflight_interfaces/lib:/opt/ros/humble/opt/rviz_ogre_vendor/lib:/opt/ros/humble/lib/x86_64-linux-gnu:/opt/ros/humble/lib /usr/bin/cmake --build /mnt/c/work/ubuntu_work/HiveFlight/ros2_ws/build/hiveflight_sim_node -- -j16 -l16
[176.877s] DEBUG:colcon.colcon_core.event_handler.log_command:Invoking command in '/mnt/c/work/ubuntu_work/HiveFlight/ros2_ws/build/hiveflight_sim_node': CMAKE_PREFIX_PATH=${CMAKE_PREFIX_PATH}:/opt/ros/humble LD_LIBRARY_PATH=/mnt/c/work/ubuntu_work/HiveFlight/ros2_ws/install/lib:/usr/lib/x86_64-linux-gnu/gazebo-11/plugins:/home/ivano/hiveflight_ws/install/hiveflight_interfaces/lib:/opt/ros/humble/opt/rviz_ogre_vendor/lib:/opt/ros/humble/lib/x86_64-linux-gnu:/opt/ros/humble/lib /usr/bin/cmake --install /mnt/c/work/ubuntu_work/HiveFlight/ros2_ws/build/hiveflight_sim_node
[180.253s] Level 1:colcon.colcon_core.environment:create_environment_scripts_only(hiveflight_sim_node)
[180.255s] Level 1:colcon.colcon_core.environment:checking '/mnt/c/work/ubuntu_work/HiveFlight/ros2_ws/install' for CMake module files
[180.256s] DEBUG:colcon.colcon_core.event_handler.log_command:Invoked command in '/mnt/c/work/ubuntu_work/HiveFlight/ros2_ws/build/hiveflight_sim_node' returned '0': CMAKE_PREFIX_PATH=${CMAKE_PREFIX_PATH}:/opt/ros/humble LD_LIBRARY_PATH=/mnt/c/work/ubuntu_work/HiveFlight/ros2_ws/install/lib:/usr/lib/x86_64-linux-gnu/gazebo-11/plugins:/home/ivano/hiveflight_ws/install/hiveflight_interfaces/lib:/opt/ros/humble/opt/rviz_ogre_vendor/lib:/opt/ros/humble/lib/x86_64-linux-gnu:/opt/ros/humble/lib /usr/bin/cmake --install /mnt/c/work/ubuntu_work/HiveFlight/ros2_ws/build/hiveflight_sim_node
[180.381s] Level 1:colcon.colcon_core.environment:checking '/mnt/c/work/ubuntu_work/HiveFlight/ros2_ws/install' for CMake config files
[180.815s] Level 1:colcon.colcon_core.shell:create_environment_hook('hiveflight_sim_node', 'cmake_prefix_path')
[180.816s] INFO:colcon.colcon_core.shell:Creating environment hook '/mnt/c/work/ubuntu_work/HiveFlight/ros2_ws/install/share/hiveflight_sim_node/hook/cmake_prefix_path.ps1'
[180.838s] INFO:colcon.colcon_core.shell:Creating environment descriptor '/mnt/c/work/ubuntu_work/HiveFlight/ros2_ws/install/share/hiveflight_sim_node/hook/cmake_prefix_path.dsv'
[180.867s] INFO:colcon.colcon_core.shell:Creating environment hook '/mnt/c/work/ubuntu_work/HiveFlight/ros2_ws/install/share/hiveflight_sim_node/hook/cmake_prefix_path.sh'
[180.905s] Level 1:colcon.colcon_core.environment:checking '/mnt/c/work/ubuntu_work/HiveFlight/ros2_ws/install/lib'
[180.914s] Level 1:colcon.colcon_core.shell:create_environment_hook('hiveflight_sim_node', 'ld_library_path_lib')
[180.915s] INFO:colcon.colcon_core.shell:Creating environment hook '/mnt/c/work/ubuntu_work/HiveFlight/ros2_ws/install/share/hiveflight_sim_node/hook/ld_library_path_lib.ps1'
[180.938s] INFO:colcon.colcon_core.shell:Creating environment descriptor '/mnt/c/work/ubuntu_work/HiveFlight/ros2_ws/install/share/hiveflight_sim_node/hook/ld_library_path_lib.dsv'
[180.961s] INFO:colcon.colcon_core.shell:Creating environment hook '/mnt/c/work/ubuntu_work/HiveFlight/ros2_ws/install/share/hiveflight_sim_node/hook/ld_library_path_lib.sh'
[180.985s] Level 1:colcon.colcon_core.environment:checking '/mnt/c/work/ubuntu_work/HiveFlight/ros2_ws/install/bin'
[180.989s] Level 1:colcon.colcon_core.environment:checking '/mnt/c/work/ubuntu_work/HiveFlight/ros2_ws/install/lib/pkgconfig/hiveflight_sim_node.pc'
[180.992s] Level 1:colcon.colcon_core.environment:checking '/mnt/c/work/ubuntu_work/HiveFlight/ros2_ws/install/lib/python3.10/site-packages'
[180.995s] Level 1:colcon.colcon_core.environment:checking '/mnt/c/work/ubuntu_work/HiveFlight/ros2_ws/install/bin'
[180.998s] INFO:colcon.colcon_core.shell:Creating package script '/mnt/c/work/ubuntu_work/HiveFlight/ros2_ws/install/share/hiveflight_sim_node/package.ps1'
[181.016s] INFO:colcon.colcon_core.shell:Creating package descriptor '/mnt/c/work/ubuntu_work/HiveFlight/ros2_ws/install/share/hiveflight_sim_node/package.dsv'
[181.035s] INFO:colcon.colcon_core.shell:Creating package script '/mnt/c/work/ubuntu_work/HiveFlight/ros2_ws/install/share/hiveflight_sim_node/package.sh'
[181.057s] INFO:colcon.colcon_core.shell:Creating package script '/mnt/c/work/ubuntu_work/HiveFlight/ros2_ws/install/share/hiveflight_sim_node/package.bash'
[181.078s] INFO:colcon.colcon_core.shell:Creating package script '/mnt/c/work/ubuntu_work/HiveFlight/ros2_ws/install/share/hiveflight_sim_node/package.zsh'
[181.097s] Level 1:colcon.colcon_core.environment:create_file_with_runtime_dependencies(/mnt/c/work/ubuntu_work/HiveFlight/ros2_ws/install/share/colcon-core/packages/hiveflight_sim_node)
[181.140s] Level 1:colcon.colcon_core.environment:create_environment_scripts_only(hiveflight_sim_node)
[181.140s] Level 1:colcon.colcon_core.environment:checking '/mnt/c/work/ubuntu_work/HiveFlight/ros2_ws/install' for CMake module files
[181.307s] Level 1:colcon.colcon_core.environment:checking '/mnt/c/work/ubuntu_work/HiveFlight/ros2_ws/install' for CMake config files
[181.618s] Level 1:colcon.colcon_core.shell:create_environment_hook('hiveflight_sim_node', 'cmake_prefix_path')
[181.619s] INFO:colcon.colcon_core.shell:Creating environment hook '/mnt/c/work/ubuntu_work/HiveFlight/ros2_ws/install/share/hiveflight_sim_node/hook/cmake_prefix_path.ps1'
[181.642s] INFO:colcon.colcon_core.shell:Creating environment descriptor '/mnt/c/work/ubuntu_work/HiveFlight/ros2_ws/install/share/hiveflight_sim_node/hook/cmake_prefix_path.dsv'
[181.665s] INFO:colcon.colcon_core.shell:Creating environment hook '/mnt/c/work/ubuntu_work/HiveFlight/ros2_ws/install/share/hiveflight_sim_node/hook/cmake_prefix_path.sh'
[181.698s] Level 1:colcon.colcon_core.environment:checking '/mnt/c/work/ubuntu_work/HiveFlight/ros2_ws/install/lib'
[181.707s] Level 1:colcon.colcon_core.shell:create_environment_hook('hiveflight_sim_node', 'ld_library_path_lib')
[181.708s] INFO:colcon.colcon_core.shell:Creating environment hook '/mnt/c/work/ubuntu_work/HiveFlight/ros2_ws/install/share/hiveflight_sim_node/hook/ld_library_path_lib.ps1'
[181.733s] INFO:colcon.colcon_core.shell:Creating environment descriptor '/mnt/c/work/ubuntu_work/HiveFlight/ros2_ws/install/share/hiveflight_sim_node/hook/ld_library_path_lib.dsv'
[181.757s] INFO:colcon.colcon_core.shell:Creating environment hook '/mnt/c/work/ubuntu_work/HiveFlight/ros2_ws/install/share/hiveflight_sim_node/hook/ld_library_path_lib.sh'
[181.788s] Level 1:colcon.colcon_core.environment:checking '/mnt/c/work/ubuntu_work/HiveFlight/ros2_ws/install/bin'
[181.790s] Level 1:colcon.colcon_core.environment:checking '/mnt/c/work/ubuntu_work/HiveFlight/ros2_ws/install/lib/pkgconfig/hiveflight_sim_node.pc'
[181.792s] Level 1:colcon.colcon_core.environment:checking '/mnt/c/work/ubuntu_work/HiveFlight/ros2_ws/install/lib/python3.10/site-packages'
[181.795s] Level 1:colcon.colcon_core.environment:checking '/mnt/c/work/ubuntu_work/HiveFlight/ros2_ws/install/bin'
[181.797s] INFO:colcon.colcon_core.shell:Creating package script '/mnt/c/work/ubuntu_work/HiveFlight/ros2_ws/install/share/hiveflight_sim_node/package.ps1'
[181.815s] INFO:colcon.colcon_core.shell:Creating package descriptor '/mnt/c/work/ubuntu_work/HiveFlight/ros2_ws/install/share/hiveflight_sim_node/package.dsv'
[181.832s] INFO:colcon.colcon_core.shell:Creating package script '/mnt/c/work/ubuntu_work/HiveFlight/ros2_ws/install/share/hiveflight_sim_node/package.sh'
[181.851s] INFO:colcon.colcon_core.shell:Creating package script '/mnt/c/work/ubuntu_work/HiveFlight/ros2_ws/install/share/hiveflight_sim_node/package.bash'
[181.869s] INFO:colcon.colcon_core.shell:Creating package script '/mnt/c/work/ubuntu_work/HiveFlight/ros2_ws/install/share/hiveflight_sim_node/package.zsh'
[181.888s] Level 1:colcon.colcon_core.environment:create_file_with_runtime_dependencies(/mnt/c/work/ubuntu_work/HiveFlight/ros2_ws/install/share/colcon-core/packages/hiveflight_sim_node)
[181.901s] DEBUG:colcon.colcon_parallel_executor.executor.parallel:closing loop
[181.902s] DEBUG:colcon.colcon_parallel_executor.executor.parallel:loop closed
[181.903s] DEBUG:colcon.colcon_parallel_executor.executor.parallel:run_until_complete finished with '0'
[181.903s] DEBUG:colcon.colcon_core.event_reactor:joining thread
[181.973s] INFO:colcon.colcon_core.plugin_system:Skipping extension 'colcon_notification.desktop_notification.notify_send': Could not find 'notify-send'
[181.974s] INFO:colcon.colcon_core.plugin_system:Skipping extension 'colcon_notification.desktop_notification.terminal_notifier': Not used on non-Darwin systems
[181.974s] INFO:colcon.colcon_core.plugin_system:Skipping extension 'colcon_notification.desktop_notification.win32': Not used on non-Windows systems
[181.974s] INFO:colcon.colcon_notification.desktop_notification:Sending desktop notification using 'notify2'
[181.975s] DEBUG:colcon.colcon_notification.desktop_notification.notify2:Failed to initialize notify2: org.freedesktop.DBus.Error.FileNotFound: Failed to connect to socket /run/user/1000/bus: No such file or directory
[181.975s] DEBUG:colcon.colcon_core.event_reactor:joined thread
[181.976s] INFO:colcon.colcon_core.shell:Creating prefix script '/mnt/c/work/ubuntu_work/HiveFlight/ros2_ws/install/local_setup.ps1'
[181.987s] INFO:colcon.colcon_core.shell:Creating prefix util module '/mnt/c/work/ubuntu_work/HiveFlight/ros2_ws/install/_local_setup_util_ps1.py'
[181.998s] INFO:colcon.colcon_core.shell:Creating prefix chain script '/mnt/c/work/ubuntu_work/HiveFlight/ros2_ws/install/setup.ps1'
[182.017s] INFO:colcon.colcon_core.shell:Creating prefix script '/mnt/c/work/ubuntu_work/HiveFlight/ros2_ws/install/local_setup.sh'
[182.027s] INFO:colcon.colcon_core.shell:Creating prefix util module '/mnt/c/work/ubuntu_work/HiveFlight/ros2_ws/install/_local_setup_util_sh.py'
[182.037s] INFO:colcon.colcon_core.shell:Creating prefix chain script '/mnt/c/work/ubuntu_work/HiveFlight/ros2_ws/install/setup.sh'
[182.058s] INFO:colcon.colcon_core.shell:Creating prefix script '/mnt/c/work/ubuntu_work/HiveFlight/ros2_ws/install/local_setup.bash'
[182.068s] INFO:colcon.colcon_core.shell:Creating prefix chain script '/mnt/c/work/ubuntu_work/HiveFlight/ros2_ws/install/setup.bash'
[182.088s] INFO:colcon.colcon_core.shell:Creating prefix script '/mnt/c/work/ubuntu_work/HiveFlight/ros2_ws/install/local_setup.zsh'
[182.098s] INFO:colcon.colcon_core.shell:Creating prefix chain script '/mnt/c/work/ubuntu_work/HiveFlight/ros2_ws/install/setup.zsh'
