[0.369s] Invoking command in '/mnt/c/work/ubuntu_work/HiveFlight/ros2_ws/build/hiveflight_sim_node': CMAKE_PREFIX_PATH=${CMAKE_PREFIX_PATH}:/opt/ros/humble /usr/bin/cmake /mnt/c/work/ubuntu_work/HiveFlight/ros2_ws/src/hiveflight_sim_node -DCMAKE_INSTALL_PREFIX=/mnt/c/work/ubuntu_work/HiveFlight/ros2_ws/install
[0.918s] -- The C compiler identification is GNU 11.4.0
[1.535s] -- The CXX compiler identification is GNU 11.4.0
[1.852s] -- Detecting C compiler ABI info
[2.773s] -- Detecting C compiler ABI info - done
[2.800s] -- Check for working C compiler: /usr/bin/cc - skipped
[2.801s] -- Detecting C compile features
[2.802s] -- Detecting C compile features - done
[2.849s] -- Detecting CXX compiler ABI info
[3.873s] -- Detecting CXX compiler ABI info - done
[3.901s] -- Check for working CXX compiler: /usr/bin/c++ - skipped
[3.902s] -- Detecting CXX compile features
[3.903s] -- Detecting CXX compile features - done
[3.978s] -- Found ament_cmake: 1.3.14 (/opt/ros/humble/share/ament_cmake/cmake)
[4.753s] -- Found Python3: /usr/bin/python3 (found version "3.10.12") found components: Interpreter 
[5.518s] -- Found rclcpp: 16.0.19 (/opt/ros/humble/share/rclcpp/cmake)
[5.999s] -- Found rosidl_generator_c: 3.1.8 (/opt/ros/humble/share/rosidl_generator_c/cmake)
[6.062s] -- Found rosidl_adapter: 3.1.8 (/opt/ros/humble/share/rosidl_adapter/cmake)
[6.126s] -- Found rosidl_generator_cpp: 3.1.8 (/opt/ros/humble/share/rosidl_generator_cpp/cmake)
[6.190s] -- Using all available rosidl_typesupport_c: rosidl_typesupport_fastrtps_c;rosidl_typesupport_introspection_c
[6.289s] -- Using all available rosidl_typesupport_cpp: rosidl_typesupport_fastrtps_cpp;rosidl_typesupport_introspection_cpp
[6.604s] -- Found rmw_implementation_cmake: 6.1.2 (/opt/ros/humble/share/rmw_implementation_cmake/cmake)
[6.635s] -- Found rmw_fastrtps_cpp: 6.2.10 (/opt/ros/humble/share/rmw_fastrtps_cpp/cmake)
[8.203s] -- Found OpenSSL: /usr/lib/x86_64-linux-gnu/libcrypto.so (found version "3.0.2")  
[9.239s] -- Found FastRTPS: /opt/ros/humble/include  
[11.110s] -- Using RMW implementation 'rmw_fastrtps_cpp' as default
[11.239s] -- Looking for pthread.h
[12.186s] -- Looking for pthread.h - found
[12.197s] -- Performing Test CMAKE_HAVE_LIBC_PTHREAD
[13.121s] -- Performing Test CMAKE_HAVE_LIBC_PTHREAD - Success
[13.125s] -- Found Threads: TRUE  
[13.362s] -- Found hiveflight_interfaces: 0.0.1 (/mnt/c/work/ubuntu_work/HiveFlight/ros2_ws/install/share/hiveflight_interfaces/cmake)
[13.876s] -- Found hiveflight_sim: 0.0.1 (/mnt/c/work/ubuntu_work/HiveFlight/ros2_ws/install/share/hiveflight_sim/cmake)
[14.478s] -- Configuring done
[14.933s] -- Generating done
[15.158s] -- Build files have been written to: /mnt/c/work/ubuntu_work/HiveFlight/ros2_ws/build/hiveflight_sim_node
[15.167s] Invoked command in '/mnt/c/work/ubuntu_work/HiveFlight/ros2_ws/build/hiveflight_sim_node' returned '0': CMAKE_PREFIX_PATH=${CMAKE_PREFIX_PATH}:/opt/ros/humble /usr/bin/cmake /mnt/c/work/ubuntu_work/HiveFlight/ros2_ws/src/hiveflight_sim_node -DCMAKE_INSTALL_PREFIX=/mnt/c/work/ubuntu_work/HiveFlight/ros2_ws/install
[15.181s] Invoking command in '/mnt/c/work/ubuntu_work/HiveFlight/ros2_ws/build/hiveflight_sim_node': CMAKE_PREFIX_PATH=${CMAKE_PREFIX_PATH}:/opt/ros/humble /usr/bin/cmake --build /mnt/c/work/ubuntu_work/HiveFlight/ros2_ws/build/hiveflight_sim_node -- -j16 -l16
[15.811s] [ 50%] [32mBuilding CXX object CMakeFiles/simulation_node.dir/src/simulation_node.cpp.o[0m
[25.785s] [100%] [32m[1mLinking CXX executable simulation_node[0m
[28.886s] [100%] Built target simulation_node
[28.971s] Invoked command in '/mnt/c/work/ubuntu_work/HiveFlight/ros2_ws/build/hiveflight_sim_node' returned '0': CMAKE_PREFIX_PATH=${CMAKE_PREFIX_PATH}:/opt/ros/humble /usr/bin/cmake --build /mnt/c/work/ubuntu_work/HiveFlight/ros2_ws/build/hiveflight_sim_node -- -j16 -l16
[28.994s] Invoking command in '/mnt/c/work/ubuntu_work/HiveFlight/ros2_ws/build/hiveflight_sim_node': CMAKE_PREFIX_PATH=${CMAKE_PREFIX_PATH}:/opt/ros/humble /usr/bin/cmake --install /mnt/c/work/ubuntu_work/HiveFlight/ros2_ws/build/hiveflight_sim_node
[29.063s] -- Install configuration: ""
[29.078s] -- Installing: /mnt/c/work/ubuntu_work/HiveFlight/ros2_ws/install/lib/hiveflight_sim_node/simulation_node
[29.385s] -- Set runtime path of "/mnt/c/work/ubuntu_work/HiveFlight/ros2_ws/install/lib/hiveflight_sim_node/simulation_node" to ""
[29.394s] -- Installing: /mnt/c/work/ubuntu_work/HiveFlight/ros2_ws/install/share/hiveflight_sim_node/launch
[29.422s] -- Installing: /mnt/c/work/ubuntu_work/HiveFlight/ros2_ws/install/share/hiveflight_sim_node/launch/hiveflight.launch.py
[29.503s] -- Installing: /mnt/c/work/ubuntu_work/HiveFlight/ros2_ws/install/share/ament_index/resource_index/package_run_dependencies/hiveflight_sim_node
[29.597s] -- Installing: /mnt/c/work/ubuntu_work/HiveFlight/ros2_ws/install/share/ament_index/resource_index/parent_prefix_path/hiveflight_sim_node
[29.671s] -- Installing: /mnt/c/work/ubuntu_work/HiveFlight/ros2_ws/install/share/hiveflight_sim_node/environment/ament_prefix_path.sh
[29.720s] -- Installing: /mnt/c/work/ubuntu_work/HiveFlight/ros2_ws/install/share/hiveflight_sim_node/environment/ament_prefix_path.dsv
[29.769s] -- Installing: /mnt/c/work/ubuntu_work/HiveFlight/ros2_ws/install/share/hiveflight_sim_node/environment/path.sh
[29.817s] -- Installing: /mnt/c/work/ubuntu_work/HiveFlight/ros2_ws/install/share/hiveflight_sim_node/environment/path.dsv
[29.868s] -- Installing: /mnt/c/work/ubuntu_work/HiveFlight/ros2_ws/install/share/hiveflight_sim_node/local_setup.bash
[29.914s] -- Installing: /mnt/c/work/ubuntu_work/HiveFlight/ros2_ws/install/share/hiveflight_sim_node/local_setup.sh
[29.958s] -- Installing: /mnt/c/work/ubuntu_work/HiveFlight/ros2_ws/install/share/hiveflight_sim_node/local_setup.zsh
[30.006s] -- Installing: /mnt/c/work/ubuntu_work/HiveFlight/ros2_ws/install/share/hiveflight_sim_node/local_setup.dsv
[30.053s] -- Installing: /mnt/c/work/ubuntu_work/HiveFlight/ros2_ws/install/share/hiveflight_sim_node/package.dsv
[30.109s] -- Installing: /mnt/c/work/ubuntu_work/HiveFlight/ros2_ws/install/share/ament_index/resource_index/packages/hiveflight_sim_node
[30.180s] -- Installing: /mnt/c/work/ubuntu_work/HiveFlight/ros2_ws/install/share/hiveflight_sim_node/cmake/hiveflight_sim_nodeConfig.cmake
[30.232s] -- Installing: /mnt/c/work/ubuntu_work/HiveFlight/ros2_ws/install/share/hiveflight_sim_node/cmake/hiveflight_sim_nodeConfig-version.cmake
[30.287s] -- Installing: /mnt/c/work/ubuntu_work/HiveFlight/ros2_ws/install/share/hiveflight_sim_node/package.xml
[30.330s] Invoked command in '/mnt/c/work/ubuntu_work/HiveFlight/ros2_ws/build/hiveflight_sim_node' returned '0': CMAKE_PREFIX_PATH=${CMAKE_PREFIX_PATH}:/opt/ros/humble /usr/bin/cmake --install /mnt/c/work/ubuntu_work/HiveFlight/ros2_ws/build/hiveflight_sim_node
