[0.354s] DEBUG:colcon:Command line arguments: ['/usr/bin/colcon', 'build', '--base-paths', '/mnt/c/work/ubuntu_work/HiveFlight/ros2_ws/src', '--build-base', '/mnt/c/work/ubuntu_work/HiveFlight/ros2_ws/build', '--install-base', '/mnt/c/work/ubuntu_work/HiveFlight/ros2_ws/install', '--merge-install', '--event-handlers', 'console_direct+', '--parallel-workers', '4']
[0.354s] DEBUG:colcon:Parsed command line arguments: Namespace(log_base=None, log_level=None, verb_name='build', build_base='/mnt/c/work/ubuntu_work/HiveFlight/ros2_ws/build', install_base='/mnt/c/work/ubuntu_work/HiveFlight/ros2_ws/install', merge_install=True, symlink_install=False, test_result_base=None, continue_on_error=False, executor='parallel', parallel_workers=4, event_handlers=['console_direct+'], ignore_user_meta=False, metas=['./colcon.meta'], base_paths=['/mnt/c/work/ubuntu_work/HiveFlight/ros2_ws/src'], packages_ignore=None, packages_ignore_regex=None, paths=None, packages_up_to=None, packages_up_to_regex=None, packages_above=None, packages_above_and_dependencies=None, packages_above_depth=None, packages_select_by_dep=None, packages_skip_by_dep=None, packages_skip_up_to=None, packages_select_build_failed=False, packages_skip_build_finished=False, packages_select_test_failures=False, packages_skip_test_passed=False, packages_select=None, packages_skip=None, packages_select_regex=None, packages_skip_regex=None, packages_start=None, packages_end=None, allow_overriding=[], cmake_args=None, cmake_target=None, cmake_target_skip_unavailable=False, cmake_clean_cache=False, cmake_clean_first=False, cmake_force_configure=False, ament_cmake_args=None, catkin_cmake_args=None, catkin_skip_building_tests=False, verb_parser=<colcon_defaults.argument_parser.defaults.DefaultArgumentsDecorator object at 0x704d344ab190>, verb_extension=<colcon_core.verb.build.BuildVerb object at 0x704d344aad40>, main=<bound method BuildVerb.main of <colcon_core.verb.build.BuildVerb object at 0x704d344aad40>>)
[0.597s] Level 1:colcon.colcon_core.package_discovery:discover_packages(colcon_meta) check parameters
[0.598s] Level 1:colcon.colcon_core.package_discovery:discover_packages(recursive) check parameters
[0.598s] Level 1:colcon.colcon_core.package_discovery:discover_packages(ignore) check parameters
[0.599s] Level 1:colcon.colcon_core.package_discovery:discover_packages(path) check parameters
[0.599s] Level 1:colcon.colcon_core.package_discovery:discover_packages(recursive) discover
[0.599s] INFO:colcon.colcon_core.package_discovery:Crawling recursively for packages in '/mnt/c/work/ubuntu_work/HiveFlight/ros2_ws/src'
[0.603s] Level 1:colcon.colcon_core.package_identification:_identify(/mnt/c/work/ubuntu_work/HiveFlight/ros2_ws/src) by extensions ['ignore', 'ignore_ament_install']
[0.603s] Level 1:colcon.colcon_core.package_identification:_identify(/mnt/c/work/ubuntu_work/HiveFlight/ros2_ws/src) by extension 'ignore'
[0.604s] Level 1:colcon.colcon_core.package_identification:_identify(/mnt/c/work/ubuntu_work/HiveFlight/ros2_ws/src) by extension 'ignore_ament_install'
[0.606s] Level 1:colcon.colcon_core.package_identification:_identify(/mnt/c/work/ubuntu_work/HiveFlight/ros2_ws/src) by extensions ['colcon_pkg']
[0.606s] Level 1:colcon.colcon_core.package_identification:_identify(/mnt/c/work/ubuntu_work/HiveFlight/ros2_ws/src) by extension 'colcon_pkg'
[0.607s] Level 1:colcon.colcon_core.package_identification:_identify(/mnt/c/work/ubuntu_work/HiveFlight/ros2_ws/src) by extensions ['colcon_meta']
[0.608s] Level 1:colcon.colcon_core.package_identification:_identify(/mnt/c/work/ubuntu_work/HiveFlight/ros2_ws/src) by extension 'colcon_meta'
[0.610s] Level 1:colcon.colcon_core.package_identification:_identify(/mnt/c/work/ubuntu_work/HiveFlight/ros2_ws/src) by extensions ['ros']
[0.610s] Level 1:colcon.colcon_core.package_identification:_identify(/mnt/c/work/ubuntu_work/HiveFlight/ros2_ws/src) by extension 'ros'
[0.626s] Level 1:colcon.colcon_core.package_identification:_identify(/mnt/c/work/ubuntu_work/HiveFlight/ros2_ws/src) by extensions ['cmake', 'python']
[0.626s] Level 1:colcon.colcon_core.package_identification:_identify(/mnt/c/work/ubuntu_work/HiveFlight/ros2_ws/src) by extension 'cmake'
[0.627s] Level 1:colcon.colcon_core.package_identification:_identify(/mnt/c/work/ubuntu_work/HiveFlight/ros2_ws/src) by extension 'python'
[0.629s] Level 1:colcon.colcon_core.package_identification:_identify(/mnt/c/work/ubuntu_work/HiveFlight/ros2_ws/src) by extensions ['python_setup_py']
[0.629s] Level 1:colcon.colcon_core.package_identification:_identify(/mnt/c/work/ubuntu_work/HiveFlight/ros2_ws/src) by extension 'python_setup_py'
[0.634s] Level 1:colcon.colcon_core.package_identification:_identify(/mnt/c/work/ubuntu_work/HiveFlight/ros2_ws/src/hiveflight_interfaces) by extensions ['ignore', 'ignore_ament_install']
[0.635s] Level 1:colcon.colcon_core.package_identification:_identify(/mnt/c/work/ubuntu_work/HiveFlight/ros2_ws/src/hiveflight_interfaces) by extension 'ignore'
[0.636s] Level 1:colcon.colcon_core.package_identification:_identify(/mnt/c/work/ubuntu_work/HiveFlight/ros2_ws/src/hiveflight_interfaces) by extension 'ignore_ament_install'
[0.639s] Level 1:colcon.colcon_core.package_identification:_identify(/mnt/c/work/ubuntu_work/HiveFlight/ros2_ws/src/hiveflight_interfaces) by extensions ['colcon_pkg']
[0.639s] Level 1:colcon.colcon_core.package_identification:_identify(/mnt/c/work/ubuntu_work/HiveFlight/ros2_ws/src/hiveflight_interfaces) by extension 'colcon_pkg'
[0.640s] Level 1:colcon.colcon_core.package_identification:_identify(/mnt/c/work/ubuntu_work/HiveFlight/ros2_ws/src/hiveflight_interfaces) by extensions ['colcon_meta']
[0.640s] Level 1:colcon.colcon_core.package_identification:_identify(/mnt/c/work/ubuntu_work/HiveFlight/ros2_ws/src/hiveflight_interfaces) by extension 'colcon_meta'
[0.643s] Level 1:colcon.colcon_core.package_identification:_identify(/mnt/c/work/ubuntu_work/HiveFlight/ros2_ws/src/hiveflight_interfaces) by extensions ['ros']
[0.643s] Level 1:colcon.colcon_core.package_identification:_identify(/mnt/c/work/ubuntu_work/HiveFlight/ros2_ws/src/hiveflight_interfaces) by extension 'ros'
[0.660s] DEBUG:colcon.colcon_core.package_identification:Package '/mnt/c/work/ubuntu_work/HiveFlight/ros2_ws/src/hiveflight_interfaces' with type 'ros.ament_cmake' and name 'hiveflight_interfaces'
[0.665s] Level 1:colcon.colcon_core.package_identification:_identify(/mnt/c/work/ubuntu_work/HiveFlight/ros2_ws/src/hiveflight_sim) by extensions ['ignore', 'ignore_ament_install']
[0.665s] Level 1:colcon.colcon_core.package_identification:_identify(/mnt/c/work/ubuntu_work/HiveFlight/ros2_ws/src/hiveflight_sim) by extension 'ignore'
[0.667s] Level 1:colcon.colcon_core.package_identification:_identify(/mnt/c/work/ubuntu_work/HiveFlight/ros2_ws/src/hiveflight_sim) by extension 'ignore_ament_install'
[0.671s] Level 1:colcon.colcon_core.package_identification:_identify(/mnt/c/work/ubuntu_work/HiveFlight/ros2_ws/src/hiveflight_sim) by extensions ['colcon_pkg']
[0.671s] Level 1:colcon.colcon_core.package_identification:_identify(/mnt/c/work/ubuntu_work/HiveFlight/ros2_ws/src/hiveflight_sim) by extension 'colcon_pkg'
[0.672s] Level 1:colcon.colcon_core.package_identification:_identify(/mnt/c/work/ubuntu_work/HiveFlight/ros2_ws/src/hiveflight_sim) by extensions ['colcon_meta']
[0.672s] Level 1:colcon.colcon_core.package_identification:_identify(/mnt/c/work/ubuntu_work/HiveFlight/ros2_ws/src/hiveflight_sim) by extension 'colcon_meta'
[0.675s] Level 1:colcon.colcon_core.package_identification:_identify(/mnt/c/work/ubuntu_work/HiveFlight/ros2_ws/src/hiveflight_sim) by extensions ['ros']
[0.675s] Level 1:colcon.colcon_core.package_identification:_identify(/mnt/c/work/ubuntu_work/HiveFlight/ros2_ws/src/hiveflight_sim) by extension 'ros'
[0.690s] DEBUG:colcon.colcon_core.package_identification:Package '/mnt/c/work/ubuntu_work/HiveFlight/ros2_ws/src/hiveflight_sim' with type 'ros.ament_cmake' and name 'hiveflight_sim'
[0.695s] Level 1:colcon.colcon_core.package_identification:_identify(/mnt/c/work/ubuntu_work/HiveFlight/ros2_ws/src/hiveflight_sim_node) by extensions ['ignore', 'ignore_ament_install']
[0.695s] Level 1:colcon.colcon_core.package_identification:_identify(/mnt/c/work/ubuntu_work/HiveFlight/ros2_ws/src/hiveflight_sim_node) by extension 'ignore'
[0.697s] Level 1:colcon.colcon_core.package_identification:_identify(/mnt/c/work/ubuntu_work/HiveFlight/ros2_ws/src/hiveflight_sim_node) by extension 'ignore_ament_install'
[0.699s] Level 1:colcon.colcon_core.package_identification:_identify(/mnt/c/work/ubuntu_work/HiveFlight/ros2_ws/src/hiveflight_sim_node) by extensions ['colcon_pkg']
[0.700s] Level 1:colcon.colcon_core.package_identification:_identify(/mnt/c/work/ubuntu_work/HiveFlight/ros2_ws/src/hiveflight_sim_node) by extension 'colcon_pkg'
[0.701s] Level 1:colcon.colcon_core.package_identification:_identify(/mnt/c/work/ubuntu_work/HiveFlight/ros2_ws/src/hiveflight_sim_node) by extensions ['colcon_meta']
[0.701s] Level 1:colcon.colcon_core.package_identification:_identify(/mnt/c/work/ubuntu_work/HiveFlight/ros2_ws/src/hiveflight_sim_node) by extension 'colcon_meta'
[0.705s] Level 1:colcon.colcon_core.package_identification:_identify(/mnt/c/work/ubuntu_work/HiveFlight/ros2_ws/src/hiveflight_sim_node) by extensions ['ros']
[0.705s] Level 1:colcon.colcon_core.package_identification:_identify(/mnt/c/work/ubuntu_work/HiveFlight/ros2_ws/src/hiveflight_sim_node) by extension 'ros'
[0.719s] DEBUG:colcon.colcon_core.package_identification:Package '/mnt/c/work/ubuntu_work/HiveFlight/ros2_ws/src/hiveflight_sim_node' with type 'ros.ament_cmake' and name 'hiveflight_sim_node'
[0.719s] Level 1:colcon.colcon_core.package_discovery:discover_packages(recursive) using defaults
[0.756s] Level 1:colcon.colcon_core.package_discovery:discover_packages(prefix_path) check parameters
[0.756s] Level 1:colcon.colcon_core.package_discovery:discover_packages(prefix_path) discover
[0.759s] DEBUG:colcon.colcon_installed_package_information.package_discovery:Found 300 installed packages in /opt/ros/humble
[0.771s] Level 1:colcon.colcon_core.package_discovery:discover_packages(prefix_path) using defaults
[0.796s] Level 5:colcon.colcon_core.verb:set package 'hiveflight_interfaces' build argument 'cmake_args' from command line to 'None'
[0.796s] Level 5:colcon.colcon_core.verb:set package 'hiveflight_interfaces' build argument 'cmake_target' from command line to 'None'
[0.797s] Level 5:colcon.colcon_core.verb:set package 'hiveflight_interfaces' build argument 'cmake_target_skip_unavailable' from command line to 'False'
[0.797s] Level 5:colcon.colcon_core.verb:set package 'hiveflight_interfaces' build argument 'cmake_clean_cache' from command line to 'False'
[0.797s] Level 5:colcon.colcon_core.verb:set package 'hiveflight_interfaces' build argument 'cmake_clean_first' from command line to 'False'
[0.797s] Level 5:colcon.colcon_core.verb:set package 'hiveflight_interfaces' build argument 'cmake_force_configure' from command line to 'False'
[0.797s] Level 5:colcon.colcon_core.verb:set package 'hiveflight_interfaces' build argument 'ament_cmake_args' from command line to 'None'
[0.798s] Level 5:colcon.colcon_core.verb:set package 'hiveflight_interfaces' build argument 'catkin_cmake_args' from command line to 'None'
[0.798s] Level 5:colcon.colcon_core.verb:set package 'hiveflight_interfaces' build argument 'catkin_skip_building_tests' from command line to 'False'
[0.798s] DEBUG:colcon.colcon_core.verb:Building package 'hiveflight_interfaces' with the following arguments: {'ament_cmake_args': None, 'build_base': '/mnt/c/work/ubuntu_work/HiveFlight/ros2_ws/build/hiveflight_interfaces', 'catkin_cmake_args': None, 'catkin_skip_building_tests': False, 'cmake_args': None, 'cmake_clean_cache': False, 'cmake_clean_first': False, 'cmake_force_configure': False, 'cmake_target': None, 'cmake_target_skip_unavailable': False, 'install_base': '/mnt/c/work/ubuntu_work/HiveFlight/ros2_ws/install', 'merge_install': True, 'path': '/mnt/c/work/ubuntu_work/HiveFlight/ros2_ws/src/hiveflight_interfaces', 'symlink_install': False, 'test_result_base': None}
[0.798s] Level 5:colcon.colcon_core.verb:set package 'hiveflight_sim' build argument 'cmake_args' from command line to 'None'
[0.799s] Level 5:colcon.colcon_core.verb:set package 'hiveflight_sim' build argument 'cmake_target' from command line to 'None'
[0.799s] Level 5:colcon.colcon_core.verb:set package 'hiveflight_sim' build argument 'cmake_target_skip_unavailable' from command line to 'False'
[0.799s] Level 5:colcon.colcon_core.verb:set package 'hiveflight_sim' build argument 'cmake_clean_cache' from command line to 'False'
[0.799s] Level 5:colcon.colcon_core.verb:set package 'hiveflight_sim' build argument 'cmake_clean_first' from command line to 'False'
[0.799s] Level 5:colcon.colcon_core.verb:set package 'hiveflight_sim' build argument 'cmake_force_configure' from command line to 'False'
[0.799s] Level 5:colcon.colcon_core.verb:set package 'hiveflight_sim' build argument 'ament_cmake_args' from command line to 'None'
[0.799s] Level 5:colcon.colcon_core.verb:set package 'hiveflight_sim' build argument 'catkin_cmake_args' from command line to 'None'
[0.800s] Level 5:colcon.colcon_core.verb:set package 'hiveflight_sim' build argument 'catkin_skip_building_tests' from command line to 'False'
[0.800s] DEBUG:colcon.colcon_core.verb:Building package 'hiveflight_sim' with the following arguments: {'ament_cmake_args': None, 'build_base': '/mnt/c/work/ubuntu_work/HiveFlight/ros2_ws/build/hiveflight_sim', 'catkin_cmake_args': None, 'catkin_skip_building_tests': False, 'cmake_args': None, 'cmake_clean_cache': False, 'cmake_clean_first': False, 'cmake_force_configure': False, 'cmake_target': None, 'cmake_target_skip_unavailable': False, 'install_base': '/mnt/c/work/ubuntu_work/HiveFlight/ros2_ws/install', 'merge_install': True, 'path': '/mnt/c/work/ubuntu_work/HiveFlight/ros2_ws/src/hiveflight_sim', 'symlink_install': False, 'test_result_base': None}
[0.800s] Level 5:colcon.colcon_core.verb:set package 'hiveflight_sim_node' build argument 'cmake_args' from command line to 'None'
[0.800s] Level 5:colcon.colcon_core.verb:set package 'hiveflight_sim_node' build argument 'cmake_target' from command line to 'None'
[0.800s] Level 5:colcon.colcon_core.verb:set package 'hiveflight_sim_node' build argument 'cmake_target_skip_unavailable' from command line to 'False'
[0.800s] Level 5:colcon.colcon_core.verb:set package 'hiveflight_sim_node' build argument 'cmake_clean_cache' from command line to 'False'
[0.801s] Level 5:colcon.colcon_core.verb:set package 'hiveflight_sim_node' build argument 'cmake_clean_first' from command line to 'False'
[0.801s] Level 5:colcon.colcon_core.verb:set package 'hiveflight_sim_node' build argument 'cmake_force_configure' from command line to 'False'
[0.801s] Level 5:colcon.colcon_core.verb:set package 'hiveflight_sim_node' build argument 'ament_cmake_args' from command line to 'None'
[0.801s] Level 5:colcon.colcon_core.verb:set package 'hiveflight_sim_node' build argument 'catkin_cmake_args' from command line to 'None'
[0.802s] Level 5:colcon.colcon_core.verb:set package 'hiveflight_sim_node' build argument 'catkin_skip_building_tests' from command line to 'False'
[0.802s] DEBUG:colcon.colcon_core.verb:Building package 'hiveflight_sim_node' with the following arguments: {'ament_cmake_args': None, 'build_base': '/mnt/c/work/ubuntu_work/HiveFlight/ros2_ws/build/hiveflight_sim_node', 'catkin_cmake_args': None, 'catkin_skip_building_tests': False, 'cmake_args': None, 'cmake_clean_cache': False, 'cmake_clean_first': False, 'cmake_force_configure': False, 'cmake_target': None, 'cmake_target_skip_unavailable': False, 'install_base': '/mnt/c/work/ubuntu_work/HiveFlight/ros2_ws/install', 'merge_install': True, 'path': '/mnt/c/work/ubuntu_work/HiveFlight/ros2_ws/src/hiveflight_sim_node', 'symlink_install': False, 'test_result_base': None}
[0.802s] INFO:colcon.colcon_core.executor:Executing jobs using 'parallel' executor
[0.803s] DEBUG:colcon.colcon_parallel_executor.executor.parallel:run_until_complete
[0.803s] INFO:colcon.colcon_ros.task.ament_cmake.build:Building ROS package in '/mnt/c/work/ubuntu_work/HiveFlight/ros2_ws/src/hiveflight_interfaces' with build type 'ament_cmake'
[0.803s] INFO:colcon.colcon_cmake.task.cmake.build:Building CMake package in '/mnt/c/work/ubuntu_work/HiveFlight/ros2_ws/src/hiveflight_interfaces'
[0.810s] INFO:colcon.colcon_core.plugin_system:Skipping extension 'colcon_core.shell.bat': Not used on non-Windows systems
[0.811s] INFO:colcon.colcon_core.shell:Skip shell extension 'powershell' for command environment: Not usable outside of PowerShell
[0.811s] DEBUG:colcon.colcon_core.shell:Skip shell extension 'dsv' for command environment
[0.879s] DEBUG:colcon.colcon_core.event_handler.log_command:Invoking command in '/mnt/c/work/ubuntu_work/HiveFlight/ros2_ws/build/hiveflight_interfaces': CMAKE_PREFIX_PATH=/opt/ros/humble /usr/bin/cmake /mnt/c/work/ubuntu_work/HiveFlight/ros2_ws/src/hiveflight_interfaces -DCMAKE_INSTALL_PREFIX=/mnt/c/work/ubuntu_work/HiveFlight/ros2_ws/install
[22.832s] DEBUG:colcon.colcon_core.event_handler.log_command:Invoked command in '/mnt/c/work/ubuntu_work/HiveFlight/ros2_ws/build/hiveflight_interfaces' returned '0': CMAKE_PREFIX_PATH=/opt/ros/humble /usr/bin/cmake /mnt/c/work/ubuntu_work/HiveFlight/ros2_ws/src/hiveflight_interfaces -DCMAKE_INSTALL_PREFIX=/mnt/c/work/ubuntu_work/HiveFlight/ros2_ws/install
[22.843s] DEBUG:colcon.colcon_core.event_handler.log_command:Invoking command in '/mnt/c/work/ubuntu_work/HiveFlight/ros2_ws/build/hiveflight_interfaces': CMAKE_PREFIX_PATH=/opt/ros/humble /usr/bin/cmake --build /mnt/c/work/ubuntu_work/HiveFlight/ros2_ws/build/hiveflight_interfaces -- -j16 -l16
[27.080s] DEBUG:colcon.colcon_core.event_handler.log_command:Invoked command in '/mnt/c/work/ubuntu_work/HiveFlight/ros2_ws/build/hiveflight_interfaces' returned '0': CMAKE_PREFIX_PATH=/opt/ros/humble /usr/bin/cmake --build /mnt/c/work/ubuntu_work/HiveFlight/ros2_ws/build/hiveflight_interfaces -- -j16 -l16
[27.108s] DEBUG:colcon.colcon_core.event_handler.log_command:Invoking command in '/mnt/c/work/ubuntu_work/HiveFlight/ros2_ws/build/hiveflight_interfaces': CMAKE_PREFIX_PATH=/opt/ros/humble /usr/bin/cmake --install /mnt/c/work/ubuntu_work/HiveFlight/ros2_ws/build/hiveflight_interfaces
[34.650s] Level 1:colcon.colcon_core.environment:create_environment_scripts_only(hiveflight_interfaces)
[34.653s] DEBUG:colcon.colcon_core.event_handler.log_command:Invoked command in '/mnt/c/work/ubuntu_work/HiveFlight/ros2_ws/build/hiveflight_interfaces' returned '0': CMAKE_PREFIX_PATH=/opt/ros/humble /usr/bin/cmake --install /mnt/c/work/ubuntu_work/HiveFlight/ros2_ws/build/hiveflight_interfaces
[34.729s] Level 1:colcon.colcon_core.environment:checking '/mnt/c/work/ubuntu_work/HiveFlight/ros2_ws/install' for CMake module files
[34.903s] Level 1:colcon.colcon_core.environment:checking '/mnt/c/work/ubuntu_work/HiveFlight/ros2_ws/install' for CMake config files
[35.041s] Level 1:colcon.colcon_core.shell:create_environment_hook('hiveflight_interfaces', 'cmake_prefix_path')
[35.041s] INFO:colcon.colcon_core.shell:Creating environment hook '/mnt/c/work/ubuntu_work/HiveFlight/ros2_ws/install/share/hiveflight_interfaces/hook/cmake_prefix_path.ps1'
[35.053s] INFO:colcon.colcon_core.shell:Creating environment descriptor '/mnt/c/work/ubuntu_work/HiveFlight/ros2_ws/install/share/hiveflight_interfaces/hook/cmake_prefix_path.dsv'
[35.066s] INFO:colcon.colcon_core.shell:Creating environment hook '/mnt/c/work/ubuntu_work/HiveFlight/ros2_ws/install/share/hiveflight_interfaces/hook/cmake_prefix_path.sh'
[35.082s] Level 1:colcon.colcon_core.environment:checking '/mnt/c/work/ubuntu_work/HiveFlight/ros2_ws/install/lib'
[35.086s] Level 1:colcon.colcon_core.shell:create_environment_hook('hiveflight_interfaces', 'ld_library_path_lib')
[35.086s] INFO:colcon.colcon_core.shell:Creating environment hook '/mnt/c/work/ubuntu_work/HiveFlight/ros2_ws/install/share/hiveflight_interfaces/hook/ld_library_path_lib.ps1'
[35.099s] INFO:colcon.colcon_core.shell:Creating environment descriptor '/mnt/c/work/ubuntu_work/HiveFlight/ros2_ws/install/share/hiveflight_interfaces/hook/ld_library_path_lib.dsv'
[35.110s] INFO:colcon.colcon_core.shell:Creating environment hook '/mnt/c/work/ubuntu_work/HiveFlight/ros2_ws/install/share/hiveflight_interfaces/hook/ld_library_path_lib.sh'
[35.122s] Level 1:colcon.colcon_core.environment:checking '/mnt/c/work/ubuntu_work/HiveFlight/ros2_ws/install/bin'
[35.124s] Level 1:colcon.colcon_core.environment:checking '/mnt/c/work/ubuntu_work/HiveFlight/ros2_ws/install/lib/pkgconfig/hiveflight_interfaces.pc'
[35.126s] Level 1:colcon.colcon_core.environment:checking '/mnt/c/work/ubuntu_work/HiveFlight/ros2_ws/install/lib/python3.10/site-packages'
[35.128s] Level 1:colcon.colcon_core.environment:checking '/mnt/c/work/ubuntu_work/HiveFlight/ros2_ws/install/bin'
[35.129s] INFO:colcon.colcon_core.shell:Creating package script '/mnt/c/work/ubuntu_work/HiveFlight/ros2_ws/install/share/hiveflight_interfaces/package.ps1'
[35.141s] INFO:colcon.colcon_core.shell:Creating package descriptor '/mnt/c/work/ubuntu_work/HiveFlight/ros2_ws/install/share/hiveflight_interfaces/package.dsv'
[35.152s] INFO:colcon.colcon_core.shell:Creating package script '/mnt/c/work/ubuntu_work/HiveFlight/ros2_ws/install/share/hiveflight_interfaces/package.sh'
[35.163s] INFO:colcon.colcon_core.shell:Creating package script '/mnt/c/work/ubuntu_work/HiveFlight/ros2_ws/install/share/hiveflight_interfaces/package.bash'
[35.174s] INFO:colcon.colcon_core.shell:Creating package script '/mnt/c/work/ubuntu_work/HiveFlight/ros2_ws/install/share/hiveflight_interfaces/package.zsh'
[35.186s] Level 1:colcon.colcon_core.environment:create_file_with_runtime_dependencies(/mnt/c/work/ubuntu_work/HiveFlight/ros2_ws/install/share/colcon-core/packages/hiveflight_interfaces)
[35.213s] Level 1:colcon.colcon_core.environment:create_environment_scripts_only(hiveflight_interfaces)
[35.213s] Level 1:colcon.colcon_core.environment:checking '/mnt/c/work/ubuntu_work/HiveFlight/ros2_ws/install' for CMake module files
[35.403s] Level 1:colcon.colcon_core.environment:checking '/mnt/c/work/ubuntu_work/HiveFlight/ros2_ws/install' for CMake config files
[35.555s] Level 1:colcon.colcon_core.shell:create_environment_hook('hiveflight_interfaces', 'cmake_prefix_path')
[35.555s] INFO:colcon.colcon_core.shell:Creating environment hook '/mnt/c/work/ubuntu_work/HiveFlight/ros2_ws/install/share/hiveflight_interfaces/hook/cmake_prefix_path.ps1'
[35.568s] INFO:colcon.colcon_core.shell:Creating environment descriptor '/mnt/c/work/ubuntu_work/HiveFlight/ros2_ws/install/share/hiveflight_interfaces/hook/cmake_prefix_path.dsv'
[35.581s] INFO:colcon.colcon_core.shell:Creating environment hook '/mnt/c/work/ubuntu_work/HiveFlight/ros2_ws/install/share/hiveflight_interfaces/hook/cmake_prefix_path.sh'
[35.596s] Level 1:colcon.colcon_core.environment:checking '/mnt/c/work/ubuntu_work/HiveFlight/ros2_ws/install/lib'
[35.601s] Level 1:colcon.colcon_core.shell:create_environment_hook('hiveflight_interfaces', 'ld_library_path_lib')
[35.601s] INFO:colcon.colcon_core.shell:Creating environment hook '/mnt/c/work/ubuntu_work/HiveFlight/ros2_ws/install/share/hiveflight_interfaces/hook/ld_library_path_lib.ps1'
[35.618s] INFO:colcon.colcon_core.shell:Creating environment descriptor '/mnt/c/work/ubuntu_work/HiveFlight/ros2_ws/install/share/hiveflight_interfaces/hook/ld_library_path_lib.dsv'
[35.630s] INFO:colcon.colcon_core.shell:Creating environment hook '/mnt/c/work/ubuntu_work/HiveFlight/ros2_ws/install/share/hiveflight_interfaces/hook/ld_library_path_lib.sh'
[35.643s] Level 1:colcon.colcon_core.environment:checking '/mnt/c/work/ubuntu_work/HiveFlight/ros2_ws/install/bin'
[35.644s] Level 1:colcon.colcon_core.environment:checking '/mnt/c/work/ubuntu_work/HiveFlight/ros2_ws/install/lib/pkgconfig/hiveflight_interfaces.pc'
[35.646s] Level 1:colcon.colcon_core.environment:checking '/mnt/c/work/ubuntu_work/HiveFlight/ros2_ws/install/lib/python3.10/site-packages'
[35.647s] Level 1:colcon.colcon_core.environment:checking '/mnt/c/work/ubuntu_work/HiveFlight/ros2_ws/install/bin'
[35.649s] INFO:colcon.colcon_core.shell:Creating package script '/mnt/c/work/ubuntu_work/HiveFlight/ros2_ws/install/share/hiveflight_interfaces/package.ps1'
[35.660s] INFO:colcon.colcon_core.shell:Creating package descriptor '/mnt/c/work/ubuntu_work/HiveFlight/ros2_ws/install/share/hiveflight_interfaces/package.dsv'
[35.672s] INFO:colcon.colcon_core.shell:Creating package script '/mnt/c/work/ubuntu_work/HiveFlight/ros2_ws/install/share/hiveflight_interfaces/package.sh'
[35.682s] INFO:colcon.colcon_core.shell:Creating package script '/mnt/c/work/ubuntu_work/HiveFlight/ros2_ws/install/share/hiveflight_interfaces/package.bash'
[35.692s] INFO:colcon.colcon_core.shell:Creating package script '/mnt/c/work/ubuntu_work/HiveFlight/ros2_ws/install/share/hiveflight_interfaces/package.zsh'
[35.703s] Level 1:colcon.colcon_core.environment:create_file_with_runtime_dependencies(/mnt/c/work/ubuntu_work/HiveFlight/ros2_ws/install/share/colcon-core/packages/hiveflight_interfaces)
[35.712s] INFO:colcon.colcon_ros.task.ament_cmake.build:Building ROS package in '/mnt/c/work/ubuntu_work/HiveFlight/ros2_ws/src/hiveflight_sim' with build type 'ament_cmake'
[35.712s] INFO:colcon.colcon_cmake.task.cmake.build:Building CMake package in '/mnt/c/work/ubuntu_work/HiveFlight/ros2_ws/src/hiveflight_sim'
[35.713s] INFO:colcon.colcon_core.shell:Skip shell extension 'powershell' for command environment: Not usable outside of PowerShell
[35.713s] DEBUG:colcon.colcon_core.shell:Skip shell extension 'dsv' for command environment
[35.933s] DEBUG:colcon.colcon_core.event_handler.log_command:Invoking command in '/mnt/c/work/ubuntu_work/HiveFlight/ros2_ws/build/hiveflight_sim': AMENT_PREFIX_PATH=/mnt/c/work/ubuntu_work/HiveFlight/ros2_ws/install:${AMENT_PREFIX_PATH} CMAKE_PREFIX_PATH=/mnt/c/work/ubuntu_work/HiveFlight/ros2_ws/install:/opt/ros/humble LD_LIBRARY_PATH=/mnt/c/work/ubuntu_work/HiveFlight/ros2_ws/install/lib:${LD_LIBRARY_PATH} PYTHONPATH=/mnt/c/work/ubuntu_work/HiveFlight/ros2_ws/install/local/lib/python3.10/dist-packages:${PYTHONPATH} /usr/bin/cmake /mnt/c/work/ubuntu_work/HiveFlight/ros2_ws/src/hiveflight_sim -DCMAKE_INSTALL_PREFIX=/mnt/c/work/ubuntu_work/HiveFlight/ros2_ws/install
[51.109s] DEBUG:colcon.colcon_core.event_handler.log_command:Invoked command in '/mnt/c/work/ubuntu_work/HiveFlight/ros2_ws/build/hiveflight_sim' returned '0': AMENT_PREFIX_PATH=/mnt/c/work/ubuntu_work/HiveFlight/ros2_ws/install:${AMENT_PREFIX_PATH} CMAKE_PREFIX_PATH=/mnt/c/work/ubuntu_work/HiveFlight/ros2_ws/install:/opt/ros/humble LD_LIBRARY_PATH=/mnt/c/work/ubuntu_work/HiveFlight/ros2_ws/install/lib:${LD_LIBRARY_PATH} PYTHONPATH=/mnt/c/work/ubuntu_work/HiveFlight/ros2_ws/install/local/lib/python3.10/dist-packages:${PYTHONPATH} /usr/bin/cmake /mnt/c/work/ubuntu_work/HiveFlight/ros2_ws/src/hiveflight_sim -DCMAKE_INSTALL_PREFIX=/mnt/c/work/ubuntu_work/HiveFlight/ros2_ws/install
[51.120s] DEBUG:colcon.colcon_core.event_handler.log_command:Invoking command in '/mnt/c/work/ubuntu_work/HiveFlight/ros2_ws/build/hiveflight_sim': AMENT_PREFIX_PATH=/mnt/c/work/ubuntu_work/HiveFlight/ros2_ws/install:${AMENT_PREFIX_PATH} CMAKE_PREFIX_PATH=/mnt/c/work/ubuntu_work/HiveFlight/ros2_ws/install:/opt/ros/humble LD_LIBRARY_PATH=/mnt/c/work/ubuntu_work/HiveFlight/ros2_ws/install/lib:${LD_LIBRARY_PATH} PYTHONPATH=/mnt/c/work/ubuntu_work/HiveFlight/ros2_ws/install/local/lib/python3.10/dist-packages:${PYTHONPATH} /usr/bin/cmake --build /mnt/c/work/ubuntu_work/HiveFlight/ros2_ws/build/hiveflight_sim -- -j16 -l16
[63.802s] DEBUG:colcon.colcon_core.event_handler.log_command:Invoked command in '/mnt/c/work/ubuntu_work/HiveFlight/ros2_ws/build/hiveflight_sim' returned '0': AMENT_PREFIX_PATH=/mnt/c/work/ubuntu_work/HiveFlight/ros2_ws/install:${AMENT_PREFIX_PATH} CMAKE_PREFIX_PATH=/mnt/c/work/ubuntu_work/HiveFlight/ros2_ws/install:/opt/ros/humble LD_LIBRARY_PATH=/mnt/c/work/ubuntu_work/HiveFlight/ros2_ws/install/lib:${LD_LIBRARY_PATH} PYTHONPATH=/mnt/c/work/ubuntu_work/HiveFlight/ros2_ws/install/local/lib/python3.10/dist-packages:${PYTHONPATH} /usr/bin/cmake --build /mnt/c/work/ubuntu_work/HiveFlight/ros2_ws/build/hiveflight_sim -- -j16 -l16
[63.824s] DEBUG:colcon.colcon_core.event_handler.log_command:Invoking command in '/mnt/c/work/ubuntu_work/HiveFlight/ros2_ws/build/hiveflight_sim': AMENT_PREFIX_PATH=/mnt/c/work/ubuntu_work/HiveFlight/ros2_ws/install:${AMENT_PREFIX_PATH} CMAKE_PREFIX_PATH=/mnt/c/work/ubuntu_work/HiveFlight/ros2_ws/install:/opt/ros/humble LD_LIBRARY_PATH=/mnt/c/work/ubuntu_work/HiveFlight/ros2_ws/install/lib:${LD_LIBRARY_PATH} PYTHONPATH=/mnt/c/work/ubuntu_work/HiveFlight/ros2_ws/install/local/lib/python3.10/dist-packages:${PYTHONPATH} /usr/bin/cmake --install /mnt/c/work/ubuntu_work/HiveFlight/ros2_ws/build/hiveflight_sim
[65.802s] Level 1:colcon.colcon_core.environment:create_environment_scripts_only(hiveflight_sim)
[65.803s] Level 1:colcon.colcon_core.environment:checking '/mnt/c/work/ubuntu_work/HiveFlight/ros2_ws/install' for CMake module files
[65.804s] DEBUG:colcon.colcon_core.event_handler.log_command:Invoked command in '/mnt/c/work/ubuntu_work/HiveFlight/ros2_ws/build/hiveflight_sim' returned '0': AMENT_PREFIX_PATH=/mnt/c/work/ubuntu_work/HiveFlight/ros2_ws/install:${AMENT_PREFIX_PATH} CMAKE_PREFIX_PATH=/mnt/c/work/ubuntu_work/HiveFlight/ros2_ws/install:/opt/ros/humble LD_LIBRARY_PATH=/mnt/c/work/ubuntu_work/HiveFlight/ros2_ws/install/lib:${LD_LIBRARY_PATH} PYTHONPATH=/mnt/c/work/ubuntu_work/HiveFlight/ros2_ws/install/local/lib/python3.10/dist-packages:${PYTHONPATH} /usr/bin/cmake --install /mnt/c/work/ubuntu_work/HiveFlight/ros2_ws/build/hiveflight_sim
[65.875s] Level 1:colcon.colcon_core.environment:checking '/mnt/c/work/ubuntu_work/HiveFlight/ros2_ws/install' for CMake config files
[66.025s] Level 1:colcon.colcon_core.shell:create_environment_hook('hiveflight_sim', 'cmake_prefix_path')
[66.026s] INFO:colcon.colcon_core.shell:Creating environment hook '/mnt/c/work/ubuntu_work/HiveFlight/ros2_ws/install/share/hiveflight_sim/hook/cmake_prefix_path.ps1'
[66.036s] INFO:colcon.colcon_core.shell:Creating environment descriptor '/mnt/c/work/ubuntu_work/HiveFlight/ros2_ws/install/share/hiveflight_sim/hook/cmake_prefix_path.dsv'
[66.046s] INFO:colcon.colcon_core.shell:Creating environment hook '/mnt/c/work/ubuntu_work/HiveFlight/ros2_ws/install/share/hiveflight_sim/hook/cmake_prefix_path.sh'
[66.061s] Level 1:colcon.colcon_core.environment:checking '/mnt/c/work/ubuntu_work/HiveFlight/ros2_ws/install/lib'
[66.065s] Level 1:colcon.colcon_core.shell:create_environment_hook('hiveflight_sim', 'ld_library_path_lib')
[66.065s] INFO:colcon.colcon_core.shell:Creating environment hook '/mnt/c/work/ubuntu_work/HiveFlight/ros2_ws/install/share/hiveflight_sim/hook/ld_library_path_lib.ps1'
[66.077s] INFO:colcon.colcon_core.shell:Creating environment descriptor '/mnt/c/work/ubuntu_work/HiveFlight/ros2_ws/install/share/hiveflight_sim/hook/ld_library_path_lib.dsv'
[66.089s] INFO:colcon.colcon_core.shell:Creating environment hook '/mnt/c/work/ubuntu_work/HiveFlight/ros2_ws/install/share/hiveflight_sim/hook/ld_library_path_lib.sh'
[66.100s] Level 1:colcon.colcon_core.environment:checking '/mnt/c/work/ubuntu_work/HiveFlight/ros2_ws/install/bin'
[66.102s] Level 1:colcon.colcon_core.environment:checking '/mnt/c/work/ubuntu_work/HiveFlight/ros2_ws/install/lib/pkgconfig/hiveflight_sim.pc'
[66.104s] Level 1:colcon.colcon_core.environment:checking '/mnt/c/work/ubuntu_work/HiveFlight/ros2_ws/install/lib/python3.10/site-packages'
[66.106s] Level 1:colcon.colcon_core.environment:checking '/mnt/c/work/ubuntu_work/HiveFlight/ros2_ws/install/bin'
[66.107s] INFO:colcon.colcon_core.shell:Creating package script '/mnt/c/work/ubuntu_work/HiveFlight/ros2_ws/install/share/hiveflight_sim/package.ps1'
[66.117s] INFO:colcon.colcon_core.shell:Creating package descriptor '/mnt/c/work/ubuntu_work/HiveFlight/ros2_ws/install/share/hiveflight_sim/package.dsv'
[66.128s] INFO:colcon.colcon_core.shell:Creating package script '/mnt/c/work/ubuntu_work/HiveFlight/ros2_ws/install/share/hiveflight_sim/package.sh'
[66.139s] INFO:colcon.colcon_core.shell:Creating package script '/mnt/c/work/ubuntu_work/HiveFlight/ros2_ws/install/share/hiveflight_sim/package.bash'
[66.150s] INFO:colcon.colcon_core.shell:Creating package script '/mnt/c/work/ubuntu_work/HiveFlight/ros2_ws/install/share/hiveflight_sim/package.zsh'
[66.162s] Level 1:colcon.colcon_core.environment:create_file_with_runtime_dependencies(/mnt/c/work/ubuntu_work/HiveFlight/ros2_ws/install/share/colcon-core/packages/hiveflight_sim)
[66.187s] Level 1:colcon.colcon_core.environment:create_environment_scripts_only(hiveflight_sim)
[66.188s] Level 1:colcon.colcon_core.environment:checking '/mnt/c/work/ubuntu_work/HiveFlight/ros2_ws/install' for CMake module files
[66.269s] Level 1:colcon.colcon_core.environment:checking '/mnt/c/work/ubuntu_work/HiveFlight/ros2_ws/install' for CMake config files
[66.424s] Level 1:colcon.colcon_core.shell:create_environment_hook('hiveflight_sim', 'cmake_prefix_path')
[66.424s] INFO:colcon.colcon_core.shell:Creating environment hook '/mnt/c/work/ubuntu_work/HiveFlight/ros2_ws/install/share/hiveflight_sim/hook/cmake_prefix_path.ps1'
[66.435s] INFO:colcon.colcon_core.shell:Creating environment descriptor '/mnt/c/work/ubuntu_work/HiveFlight/ros2_ws/install/share/hiveflight_sim/hook/cmake_prefix_path.dsv'
[66.446s] INFO:colcon.colcon_core.shell:Creating environment hook '/mnt/c/work/ubuntu_work/HiveFlight/ros2_ws/install/share/hiveflight_sim/hook/cmake_prefix_path.sh'
[66.460s] Level 1:colcon.colcon_core.environment:checking '/mnt/c/work/ubuntu_work/HiveFlight/ros2_ws/install/lib'
[66.463s] Level 1:colcon.colcon_core.shell:create_environment_hook('hiveflight_sim', 'ld_library_path_lib')
[66.464s] INFO:colcon.colcon_core.shell:Creating environment hook '/mnt/c/work/ubuntu_work/HiveFlight/ros2_ws/install/share/hiveflight_sim/hook/ld_library_path_lib.ps1'
[66.475s] INFO:colcon.colcon_core.shell:Creating environment descriptor '/mnt/c/work/ubuntu_work/HiveFlight/ros2_ws/install/share/hiveflight_sim/hook/ld_library_path_lib.dsv'
[66.487s] INFO:colcon.colcon_core.shell:Creating environment hook '/mnt/c/work/ubuntu_work/HiveFlight/ros2_ws/install/share/hiveflight_sim/hook/ld_library_path_lib.sh'
[66.498s] Level 1:colcon.colcon_core.environment:checking '/mnt/c/work/ubuntu_work/HiveFlight/ros2_ws/install/bin'
[66.499s] Level 1:colcon.colcon_core.environment:checking '/mnt/c/work/ubuntu_work/HiveFlight/ros2_ws/install/lib/pkgconfig/hiveflight_sim.pc'
[66.501s] Level 1:colcon.colcon_core.environment:checking '/mnt/c/work/ubuntu_work/HiveFlight/ros2_ws/install/lib/python3.10/site-packages'
[66.502s] Level 1:colcon.colcon_core.environment:checking '/mnt/c/work/ubuntu_work/HiveFlight/ros2_ws/install/bin'
[66.504s] INFO:colcon.colcon_core.shell:Creating package script '/mnt/c/work/ubuntu_work/HiveFlight/ros2_ws/install/share/hiveflight_sim/package.ps1'
[66.513s] INFO:colcon.colcon_core.shell:Creating package descriptor '/mnt/c/work/ubuntu_work/HiveFlight/ros2_ws/install/share/hiveflight_sim/package.dsv'
[66.525s] INFO:colcon.colcon_core.shell:Creating package script '/mnt/c/work/ubuntu_work/HiveFlight/ros2_ws/install/share/hiveflight_sim/package.sh'
[66.536s] INFO:colcon.colcon_core.shell:Creating package script '/mnt/c/work/ubuntu_work/HiveFlight/ros2_ws/install/share/hiveflight_sim/package.bash'
[66.547s] INFO:colcon.colcon_core.shell:Creating package script '/mnt/c/work/ubuntu_work/HiveFlight/ros2_ws/install/share/hiveflight_sim/package.zsh'
[66.557s] Level 1:colcon.colcon_core.environment:create_file_with_runtime_dependencies(/mnt/c/work/ubuntu_work/HiveFlight/ros2_ws/install/share/colcon-core/packages/hiveflight_sim)
[66.566s] INFO:colcon.colcon_ros.task.ament_cmake.build:Building ROS package in '/mnt/c/work/ubuntu_work/HiveFlight/ros2_ws/src/hiveflight_sim_node' with build type 'ament_cmake'
[66.566s] INFO:colcon.colcon_cmake.task.cmake.build:Building CMake package in '/mnt/c/work/ubuntu_work/HiveFlight/ros2_ws/src/hiveflight_sim_node'
[66.566s] INFO:colcon.colcon_core.shell:Skip shell extension 'powershell' for command environment: Not usable outside of PowerShell
[66.567s] DEBUG:colcon.colcon_core.shell:Skip shell extension 'dsv' for command environment
[66.891s] DEBUG:colcon.colcon_core.event_handler.log_command:Invoking command in '/mnt/c/work/ubuntu_work/HiveFlight/ros2_ws/build/hiveflight_sim_node': AMENT_PREFIX_PATH=/mnt/c/work/ubuntu_work/HiveFlight/ros2_ws/install:${AMENT_PREFIX_PATH} CMAKE_PREFIX_PATH=/mnt/c/work/ubuntu_work/HiveFlight/ros2_ws/install:/opt/ros/humble LD_LIBRARY_PATH=/mnt/c/work/ubuntu_work/HiveFlight/ros2_ws/install/lib:${LD_LIBRARY_PATH} PYTHONPATH=/mnt/c/work/ubuntu_work/HiveFlight/ros2_ws/install/local/lib/python3.10/dist-packages:${PYTHONPATH} /usr/bin/cmake /mnt/c/work/ubuntu_work/HiveFlight/ros2_ws/src/hiveflight_sim_node -DCMAKE_INSTALL_PREFIX=/mnt/c/work/ubuntu_work/HiveFlight/ros2_ws/install
[81.180s] DEBUG:colcon.colcon_core.event_handler.log_command:Invoked command in '/mnt/c/work/ubuntu_work/HiveFlight/ros2_ws/build/hiveflight_sim_node' returned '0': AMENT_PREFIX_PATH=/mnt/c/work/ubuntu_work/HiveFlight/ros2_ws/install:${AMENT_PREFIX_PATH} CMAKE_PREFIX_PATH=/mnt/c/work/ubuntu_work/HiveFlight/ros2_ws/install:/opt/ros/humble LD_LIBRARY_PATH=/mnt/c/work/ubuntu_work/HiveFlight/ros2_ws/install/lib:${LD_LIBRARY_PATH} PYTHONPATH=/mnt/c/work/ubuntu_work/HiveFlight/ros2_ws/install/local/lib/python3.10/dist-packages:${PYTHONPATH} /usr/bin/cmake /mnt/c/work/ubuntu_work/HiveFlight/ros2_ws/src/hiveflight_sim_node -DCMAKE_INSTALL_PREFIX=/mnt/c/work/ubuntu_work/HiveFlight/ros2_ws/install
[81.198s] DEBUG:colcon.colcon_core.event_handler.log_command:Invoking command in '/mnt/c/work/ubuntu_work/HiveFlight/ros2_ws/build/hiveflight_sim_node': AMENT_PREFIX_PATH=/mnt/c/work/ubuntu_work/HiveFlight/ros2_ws/install:${AMENT_PREFIX_PATH} CMAKE_PREFIX_PATH=/mnt/c/work/ubuntu_work/HiveFlight/ros2_ws/install:/opt/ros/humble LD_LIBRARY_PATH=/mnt/c/work/ubuntu_work/HiveFlight/ros2_ws/install/lib:${LD_LIBRARY_PATH} PYTHONPATH=/mnt/c/work/ubuntu_work/HiveFlight/ros2_ws/install/local/lib/python3.10/dist-packages:${PYTHONPATH} /usr/bin/cmake --build /mnt/c/work/ubuntu_work/HiveFlight/ros2_ws/build/hiveflight_sim_node -- -j16 -l16
[95.141s] DEBUG:colcon.colcon_core.event_handler.log_command:Invoked command in '/mnt/c/work/ubuntu_work/HiveFlight/ros2_ws/build/hiveflight_sim_node' returned '0': AMENT_PREFIX_PATH=/mnt/c/work/ubuntu_work/HiveFlight/ros2_ws/install:${AMENT_PREFIX_PATH} CMAKE_PREFIX_PATH=/mnt/c/work/ubuntu_work/HiveFlight/ros2_ws/install:/opt/ros/humble LD_LIBRARY_PATH=/mnt/c/work/ubuntu_work/HiveFlight/ros2_ws/install/lib:${LD_LIBRARY_PATH} PYTHONPATH=/mnt/c/work/ubuntu_work/HiveFlight/ros2_ws/install/local/lib/python3.10/dist-packages:${PYTHONPATH} /usr/bin/cmake --build /mnt/c/work/ubuntu_work/HiveFlight/ros2_ws/build/hiveflight_sim_node -- -j16 -l16
[95.164s] DEBUG:colcon.colcon_core.event_handler.log_command:Invoking command in '/mnt/c/work/ubuntu_work/HiveFlight/ros2_ws/build/hiveflight_sim_node': AMENT_PREFIX_PATH=/mnt/c/work/ubuntu_work/HiveFlight/ros2_ws/install:${AMENT_PREFIX_PATH} CMAKE_PREFIX_PATH=/mnt/c/work/ubuntu_work/HiveFlight/ros2_ws/install:/opt/ros/humble LD_LIBRARY_PATH=/mnt/c/work/ubuntu_work/HiveFlight/ros2_ws/install/lib:${LD_LIBRARY_PATH} PYTHONPATH=/mnt/c/work/ubuntu_work/HiveFlight/ros2_ws/install/local/lib/python3.10/dist-packages:${PYTHONPATH} /usr/bin/cmake --install /mnt/c/work/ubuntu_work/HiveFlight/ros2_ws/build/hiveflight_sim_node
[96.807s] Level 1:colcon.colcon_core.environment:create_environment_scripts_only(hiveflight_sim_node)
[96.807s] Level 1:colcon.colcon_core.environment:checking '/mnt/c/work/ubuntu_work/HiveFlight/ros2_ws/install' for CMake module files
[96.808s] DEBUG:colcon.colcon_core.event_handler.log_command:Invoked command in '/mnt/c/work/ubuntu_work/HiveFlight/ros2_ws/build/hiveflight_sim_node' returned '0': AMENT_PREFIX_PATH=/mnt/c/work/ubuntu_work/HiveFlight/ros2_ws/install:${AMENT_PREFIX_PATH} CMAKE_PREFIX_PATH=/mnt/c/work/ubuntu_work/HiveFlight/ros2_ws/install:/opt/ros/humble LD_LIBRARY_PATH=/mnt/c/work/ubuntu_work/HiveFlight/ros2_ws/install/lib:${LD_LIBRARY_PATH} PYTHONPATH=/mnt/c/work/ubuntu_work/HiveFlight/ros2_ws/install/local/lib/python3.10/dist-packages:${PYTHONPATH} /usr/bin/cmake --install /mnt/c/work/ubuntu_work/HiveFlight/ros2_ws/build/hiveflight_sim_node
[96.882s] Level 1:colcon.colcon_core.environment:checking '/mnt/c/work/ubuntu_work/HiveFlight/ros2_ws/install' for CMake config files
[97.079s] Level 1:colcon.colcon_core.shell:create_environment_hook('hiveflight_sim_node', 'cmake_prefix_path')
[97.080s] INFO:colcon.colcon_core.shell:Creating environment hook '/mnt/c/work/ubuntu_work/HiveFlight/ros2_ws/install/share/hiveflight_sim_node/hook/cmake_prefix_path.ps1'
[97.092s] INFO:colcon.colcon_core.shell:Creating environment descriptor '/mnt/c/work/ubuntu_work/HiveFlight/ros2_ws/install/share/hiveflight_sim_node/hook/cmake_prefix_path.dsv'
[97.107s] INFO:colcon.colcon_core.shell:Creating environment hook '/mnt/c/work/ubuntu_work/HiveFlight/ros2_ws/install/share/hiveflight_sim_node/hook/cmake_prefix_path.sh'
[97.125s] Level 1:colcon.colcon_core.environment:checking '/mnt/c/work/ubuntu_work/HiveFlight/ros2_ws/install/lib'
[97.129s] Level 1:colcon.colcon_core.shell:create_environment_hook('hiveflight_sim_node', 'ld_library_path_lib')
[97.130s] INFO:colcon.colcon_core.shell:Creating environment hook '/mnt/c/work/ubuntu_work/HiveFlight/ros2_ws/install/share/hiveflight_sim_node/hook/ld_library_path_lib.ps1'
[97.142s] INFO:colcon.colcon_core.shell:Creating environment descriptor '/mnt/c/work/ubuntu_work/HiveFlight/ros2_ws/install/share/hiveflight_sim_node/hook/ld_library_path_lib.dsv'
[97.158s] INFO:colcon.colcon_core.shell:Creating environment hook '/mnt/c/work/ubuntu_work/HiveFlight/ros2_ws/install/share/hiveflight_sim_node/hook/ld_library_path_lib.sh'
[97.173s] Level 1:colcon.colcon_core.environment:checking '/mnt/c/work/ubuntu_work/HiveFlight/ros2_ws/install/bin'
[97.175s] Level 1:colcon.colcon_core.environment:checking '/mnt/c/work/ubuntu_work/HiveFlight/ros2_ws/install/lib/pkgconfig/hiveflight_sim_node.pc'
[97.176s] Level 1:colcon.colcon_core.environment:checking '/mnt/c/work/ubuntu_work/HiveFlight/ros2_ws/install/lib/python3.10/site-packages'
[97.178s] Level 1:colcon.colcon_core.environment:checking '/mnt/c/work/ubuntu_work/HiveFlight/ros2_ws/install/bin'
[97.180s] INFO:colcon.colcon_core.shell:Creating package script '/mnt/c/work/ubuntu_work/HiveFlight/ros2_ws/install/share/hiveflight_sim_node/package.ps1'
[97.192s] INFO:colcon.colcon_core.shell:Creating package descriptor '/mnt/c/work/ubuntu_work/HiveFlight/ros2_ws/install/share/hiveflight_sim_node/package.dsv'
[97.204s] INFO:colcon.colcon_core.shell:Creating package script '/mnt/c/work/ubuntu_work/HiveFlight/ros2_ws/install/share/hiveflight_sim_node/package.sh'
[97.216s] INFO:colcon.colcon_core.shell:Creating package script '/mnt/c/work/ubuntu_work/HiveFlight/ros2_ws/install/share/hiveflight_sim_node/package.bash'
[97.229s] INFO:colcon.colcon_core.shell:Creating package script '/mnt/c/work/ubuntu_work/HiveFlight/ros2_ws/install/share/hiveflight_sim_node/package.zsh'
[97.241s] Level 1:colcon.colcon_core.environment:create_file_with_runtime_dependencies(/mnt/c/work/ubuntu_work/HiveFlight/ros2_ws/install/share/colcon-core/packages/hiveflight_sim_node)
[97.273s] Level 1:colcon.colcon_core.environment:create_environment_scripts_only(hiveflight_sim_node)
[97.274s] Level 1:colcon.colcon_core.environment:checking '/mnt/c/work/ubuntu_work/HiveFlight/ros2_ws/install' for CMake module files
[97.366s] Level 1:colcon.colcon_core.environment:checking '/mnt/c/work/ubuntu_work/HiveFlight/ros2_ws/install' for CMake config files
[97.604s] Level 1:colcon.colcon_core.shell:create_environment_hook('hiveflight_sim_node', 'cmake_prefix_path')
[97.605s] INFO:colcon.colcon_core.shell:Creating environment hook '/mnt/c/work/ubuntu_work/HiveFlight/ros2_ws/install/share/hiveflight_sim_node/hook/cmake_prefix_path.ps1'
[97.624s] INFO:colcon.colcon_core.shell:Creating environment descriptor '/mnt/c/work/ubuntu_work/HiveFlight/ros2_ws/install/share/hiveflight_sim_node/hook/cmake_prefix_path.dsv'
[97.642s] INFO:colcon.colcon_core.shell:Creating environment hook '/mnt/c/work/ubuntu_work/HiveFlight/ros2_ws/install/share/hiveflight_sim_node/hook/cmake_prefix_path.sh'
[97.671s] Level 1:colcon.colcon_core.environment:checking '/mnt/c/work/ubuntu_work/HiveFlight/ros2_ws/install/lib'
[97.678s] Level 1:colcon.colcon_core.shell:create_environment_hook('hiveflight_sim_node', 'ld_library_path_lib')
[97.679s] INFO:colcon.colcon_core.shell:Creating environment hook '/mnt/c/work/ubuntu_work/HiveFlight/ros2_ws/install/share/hiveflight_sim_node/hook/ld_library_path_lib.ps1'
[97.703s] INFO:colcon.colcon_core.shell:Creating environment descriptor '/mnt/c/work/ubuntu_work/HiveFlight/ros2_ws/install/share/hiveflight_sim_node/hook/ld_library_path_lib.dsv'
[97.728s] INFO:colcon.colcon_core.shell:Creating environment hook '/mnt/c/work/ubuntu_work/HiveFlight/ros2_ws/install/share/hiveflight_sim_node/hook/ld_library_path_lib.sh'
[97.748s] Level 1:colcon.colcon_core.environment:checking '/mnt/c/work/ubuntu_work/HiveFlight/ros2_ws/install/bin'
[97.751s] Level 1:colcon.colcon_core.environment:checking '/mnt/c/work/ubuntu_work/HiveFlight/ros2_ws/install/lib/pkgconfig/hiveflight_sim_node.pc'
[97.754s] Level 1:colcon.colcon_core.environment:checking '/mnt/c/work/ubuntu_work/HiveFlight/ros2_ws/install/lib/python3.10/site-packages'
[97.757s] Level 1:colcon.colcon_core.environment:checking '/mnt/c/work/ubuntu_work/HiveFlight/ros2_ws/install/bin'
[97.760s] INFO:colcon.colcon_core.shell:Creating package script '/mnt/c/work/ubuntu_work/HiveFlight/ros2_ws/install/share/hiveflight_sim_node/package.ps1'
[97.780s] INFO:colcon.colcon_core.shell:Creating package descriptor '/mnt/c/work/ubuntu_work/HiveFlight/ros2_ws/install/share/hiveflight_sim_node/package.dsv'
[97.797s] INFO:colcon.colcon_core.shell:Creating package script '/mnt/c/work/ubuntu_work/HiveFlight/ros2_ws/install/share/hiveflight_sim_node/package.sh'
[97.823s] INFO:colcon.colcon_core.shell:Creating package script '/mnt/c/work/ubuntu_work/HiveFlight/ros2_ws/install/share/hiveflight_sim_node/package.bash'
[97.854s] INFO:colcon.colcon_core.shell:Creating package script '/mnt/c/work/ubuntu_work/HiveFlight/ros2_ws/install/share/hiveflight_sim_node/package.zsh'
[97.869s] Level 1:colcon.colcon_core.environment:create_file_with_runtime_dependencies(/mnt/c/work/ubuntu_work/HiveFlight/ros2_ws/install/share/colcon-core/packages/hiveflight_sim_node)
[97.882s] DEBUG:colcon.colcon_parallel_executor.executor.parallel:closing loop
[97.883s] DEBUG:colcon.colcon_parallel_executor.executor.parallel:loop closed
[97.883s] DEBUG:colcon.colcon_parallel_executor.executor.parallel:run_until_complete finished with '0'
[97.884s] DEBUG:colcon.colcon_core.event_reactor:joining thread
[97.976s] INFO:colcon.colcon_core.plugin_system:Skipping extension 'colcon_notification.desktop_notification.notify_send': Could not find 'notify-send'
[97.976s] INFO:colcon.colcon_core.plugin_system:Skipping extension 'colcon_notification.desktop_notification.terminal_notifier': Not used on non-Darwin systems
[97.977s] INFO:colcon.colcon_core.plugin_system:Skipping extension 'colcon_notification.desktop_notification.win32': Not used on non-Windows systems
[97.977s] INFO:colcon.colcon_notification.desktop_notification:Sending desktop notification using 'notify2'
[97.977s] DEBUG:colcon.colcon_notification.desktop_notification.notify2:Failed to initialize notify2: org.freedesktop.DBus.Error.FileNotFound: Failed to connect to socket /run/user/1000/bus: No such file or directory
[97.978s] DEBUG:colcon.colcon_core.event_reactor:joined thread
[97.978s] INFO:colcon.colcon_core.shell:Creating prefix script '/mnt/c/work/ubuntu_work/HiveFlight/ros2_ws/install/local_setup.ps1'
[97.988s] INFO:colcon.colcon_core.shell:Creating prefix util module '/mnt/c/work/ubuntu_work/HiveFlight/ros2_ws/install/_local_setup_util_ps1.py'
[97.997s] INFO:colcon.colcon_core.shell:Creating prefix chain script '/mnt/c/work/ubuntu_work/HiveFlight/ros2_ws/install/setup.ps1'
[98.009s] INFO:colcon.colcon_core.shell:Creating prefix script '/mnt/c/work/ubuntu_work/HiveFlight/ros2_ws/install/local_setup.sh'
[98.017s] INFO:colcon.colcon_core.shell:Creating prefix util module '/mnt/c/work/ubuntu_work/HiveFlight/ros2_ws/install/_local_setup_util_sh.py'
[98.026s] INFO:colcon.colcon_core.shell:Creating prefix chain script '/mnt/c/work/ubuntu_work/HiveFlight/ros2_ws/install/setup.sh'
[98.036s] INFO:colcon.colcon_core.shell:Creating prefix script '/mnt/c/work/ubuntu_work/HiveFlight/ros2_ws/install/local_setup.bash'
[98.047s] INFO:colcon.colcon_core.shell:Creating prefix chain script '/mnt/c/work/ubuntu_work/HiveFlight/ros2_ws/install/setup.bash'
[98.057s] INFO:colcon.colcon_core.shell:Creating prefix script '/mnt/c/work/ubuntu_work/HiveFlight/ros2_ws/install/local_setup.zsh'
[98.066s] INFO:colcon.colcon_core.shell:Creating prefix chain script '/mnt/c/work/ubuntu_work/HiveFlight/ros2_ws/install/setup.zsh'
