[0.062s] Invoking command in '/mnt/c/work/ubuntu_work/HiveFlight/build/hiveflight': /usr/bin/cmake /mnt/c/work/ubuntu_work/HiveFlight -DCMAKE_INSTALL_PREFIX=/mnt/c/work/ubuntu_work/HiveFlight/install/hiveflight
[0.281s] -- The C compiler identification is GNU 11.4.0
[0.670s] -- The CXX compiler identification is GNU 11.4.0
[0.899s] -- Detecting C compiler ABI info
[1.365s] -- Detecting C compiler ABI info - done
[1.384s] -- Check for working C compiler: /usr/bin/cc - skipped
[1.385s] -- Detecting C compile features
[1.385s] -- Detecting C compile features - done
[1.425s] -- Detecting CXX compiler ABI info
[1.879s] -- Detecting CXX compiler ABI info - done
[1.899s] -- Check for working CXX compiler: /usr/bin/c++ - skipped
[1.901s] -- Detecting CXX compile features
[1.901s] -- Detecting CXX compile features - done
[1.968s] -- Looking for pthread.h
[2.405s] -- Looking for pthread.h - found
[2.417s] -- Performing Test CMAKE_HAVE_LIBC_PTHREAD
[2.855s] -- Performing Test CMAKE_HAVE_LIBC_PTHREAD - Success
[2.859s] -- Found Threads: TRUE  
[2.862s] -- Found ament_cmake: 1.3.14 (/opt/ros/humble/share/ament_cmake/cmake)
[2.954s] -- Found Python3: /usr/bin/python3 (found version "3.10.12") found components: Interpreter 
[3.071s] -- Found rclcpp: 16.0.19 (/opt/ros/humble/share/rclcpp/cmake)
[3.158s] -- Found rosidl_generator_c: 3.1.8 (/opt/ros/humble/share/rosidl_generator_c/cmake)
[3.159s] -- Found rosidl_adapter: 3.1.8 (/opt/ros/humble/share/rosidl_adapter/cmake)
[3.163s] -- Found rosidl_generator_cpp: 3.1.8 (/opt/ros/humble/share/rosidl_generator_cpp/cmake)
[3.169s] -- Using all available rosidl_typesupport_c: rosidl_typesupport_fastrtps_c;rosidl_typesupport_introspection_c
[3.177s] -- Using all available rosidl_typesupport_cpp: rosidl_typesupport_fastrtps_cpp;rosidl_typesupport_introspection_cpp
[3.222s] -- Found rmw_implementation_cmake: 6.1.2 (/opt/ros/humble/share/rmw_implementation_cmake/cmake)
[3.224s] -- Found rmw_fastrtps_cpp: 6.2.10 (/opt/ros/humble/share/rmw_fastrtps_cpp/cmake)
[3.902s] -- Found OpenSSL: /usr/lib/x86_64-linux-gnu/libcrypto.so (found version "3.0.2")  
[4.678s] -- Found FastRTPS: /opt/ros/humble/include  
[6.011s] -- Using RMW implementation 'rmw_fastrtps_cpp' as default
[6.039s] -- Found geometry_msgs: 4.9.1 (/opt/ros/humble/share/geometry_msgs/cmake)
[6.686s] [31mCMake Error at CMakeLists.txt:19 (find_package):
[6.686s]   By not providing "Findhiveflight_interfaces.cmake" in CMAKE_MODULE_PATH
[6.687s]   this project has asked CMake to find a package configuration file provided
[6.688s]   by "hiveflight_interfaces", but CMake did not find one.
[6.689s] 
[6.690s]   Could not find a package configuration file provided by
[6.691s]   "hiveflight_interfaces" with any of the following names:
[6.691s] 
[6.692s]     hiveflight_interfacesConfig.cmake
[6.693s]     hiveflight_interfaces-config.cmake
[6.693s] 
[6.694s]   Add the installation prefix of "hiveflight_interfaces" to CMAKE_PREFIX_PATH
[6.695s]   or set "hiveflight_interfaces_DIR" to a directory containing one of the
[6.695s]   above files.  If "hiveflight_interfaces" provides a separate development
[6.701s]   package or SDK, be sure it has been installed.
[6.702s] 
[6.703s] [0m
[6.703s] -- Configuring incomplete, errors occurred!
[6.704s] See also "/mnt/c/work/ubuntu_work/HiveFlight/build/hiveflight/CMakeFiles/CMakeOutput.log".
[6.710s] Invoked command in '/mnt/c/work/ubuntu_work/HiveFlight/build/hiveflight' returned '1': /usr/bin/cmake /mnt/c/work/ubuntu_work/HiveFlight -DCMAKE_INSTALL_PREFIX=/mnt/c/work/ubuntu_work/HiveFlight/install/hiveflight
