[0.069s] Invoking command in '/mnt/c/work/ubuntu_work/HiveFlight/build/hiveflight': /usr/bin/cmake /mnt/c/work/ubuntu_work/HiveFlight -DCMAKE_INSTALL_PREFIX=/mnt/c/work/ubuntu_work/HiveFlight/install/hiveflight
[0.432s] -- The C compiler identification is GNU 11.4.0
[0.898s] -- The CXX compiler identification is GNU 11.4.0
[1.134s] -- Detecting C compiler ABI info
[1.619s] -- Detecting C compiler ABI info - done
[1.638s] -- Check for working C compiler: /usr/bin/cc - skipped
[1.640s] -- Detecting C compile features
[1.641s] -- Detecting C compile features - done
[1.688s] -- Detecting CXX compiler ABI info
[2.154s] -- Detecting CXX compiler ABI info - done
[2.173s] -- Check for working CXX compiler: /usr/bin/c++ - skipped
[2.176s] -- Detecting CXX compile features
[2.177s] -- Detecting CXX compile features - done
[2.245s] -- Looking for pthread.h
[2.700s] -- Looking for pthread.h - found
[2.709s] -- Performing Test CMAKE_HAVE_LIBC_PTHREAD
[3.149s] -- Performing Test CMAKE_HAVE_LIBC_PTHREAD - Success
[3.156s] -- Found Threads: TRUE  
[3.160s] -- Found ament_cmake: 1.3.14 (/opt/ros/humble/share/ament_cmake/cmake)
[3.265s] -- Found Python3: /usr/bin/python3 (found version "3.10.12") found components: Interpreter 
[3.415s] -- Found rclcpp: 16.0.19 (/opt/ros/humble/share/rclcpp/cmake)
[3.550s] -- Found rosidl_generator_c: 3.1.8 (/opt/ros/humble/share/rosidl_generator_c/cmake)
[3.556s] -- Found rosidl_adapter: 3.1.8 (/opt/ros/humble/share/rosidl_adapter/cmake)
[3.569s] -- Found rosidl_generator_cpp: 3.1.8 (/opt/ros/humble/share/rosidl_generator_cpp/cmake)
[3.585s] -- Using all available rosidl_typesupport_c: rosidl_typesupport_fastrtps_c;rosidl_typesupport_introspection_c
[3.601s] -- Using all available rosidl_typesupport_cpp: rosidl_typesupport_fastrtps_cpp;rosidl_typesupport_introspection_cpp
[3.674s] -- Found rmw_implementation_cmake: 6.1.2 (/opt/ros/humble/share/rmw_implementation_cmake/cmake)
[3.678s] -- Found rmw_fastrtps_cpp: 6.2.10 (/opt/ros/humble/share/rmw_fastrtps_cpp/cmake)
[4.403s] -- Found OpenSSL: /usr/lib/x86_64-linux-gnu/libcrypto.so (found version "3.0.2")  
[5.205s] -- Found FastRTPS: /opt/ros/humble/include  
[6.573s] -- Using RMW implementation 'rmw_fastrtps_cpp' as default
[6.634s] -- Found geometry_msgs: 4.9.1 (/opt/ros/humble/share/geometry_msgs/cmake)
[7.290s] [31mCMake Error at CMakeLists.txt:19 (find_package):
[7.290s]   By not providing "Findhiveflight_interfaces.cmake" in CMAKE_MODULE_PATH
[7.291s]   this project has asked CMake to find a package configuration file provided
[7.292s]   by "hiveflight_interfaces", but CMake did not find one.
[7.293s] 
[7.294s]   Could not find a package configuration file provided by
[7.295s]   "hiveflight_interfaces" with any of the following names:
[7.295s] 
[7.296s]     hiveflight_interfacesConfig.cmake
[7.297s]     hiveflight_interfaces-config.cmake
[7.298s] 
[7.298s]   Add the installation prefix of "hiveflight_interfaces" to CMAKE_PREFIX_PATH
[7.299s]   or set "hiveflight_interfaces_DIR" to a directory containing one of the
[7.300s]   above files.  If "hiveflight_interfaces" provides a separate development
[7.304s]   package or SDK, be sure it has been installed.
[7.305s] 
[7.306s] [0m
[7.307s] -- Configuring incomplete, errors occurred!
[7.307s] See also "/mnt/c/work/ubuntu_work/HiveFlight/build/hiveflight/CMakeFiles/CMakeOutput.log".
[7.314s] Invoked command in '/mnt/c/work/ubuntu_work/HiveFlight/build/hiveflight' returned '1': /usr/bin/cmake /mnt/c/work/ubuntu_work/HiveFlight -DCMAKE_INSTALL_PREFIX=/mnt/c/work/ubuntu_work/HiveFlight/install/hiveflight
