[0.144s] DEBUG:colcon:Command line arguments: ['/usr/bin/colcon', 'build', '--base-paths', '/mnt/c/work/ubuntu_work/HiveFlight/ros2_ws/src', '--build-base', '/mnt/c/work/ubuntu_work/HiveFlight/ros2_ws/build', '--install-base', '/mnt/c/work/ubuntu_work/HiveFlight/ros2_ws/install', '--merge-install', '--event-handlers', 'console_direct+', '--parallel-workers', '4']
[0.145s] DEBUG:colcon:Parsed command line arguments: Namespace(log_base=None, log_level=None, verb_name='build', build_base='/mnt/c/work/ubuntu_work/HiveFlight/ros2_ws/build', install_base='/mnt/c/work/ubuntu_work/HiveFlight/ros2_ws/install', merge_install=True, symlink_install=False, test_result_base=None, continue_on_error=False, executor='parallel', parallel_workers=4, event_handlers=['console_direct+'], ignore_user_meta=False, metas=['./colcon.meta'], base_paths=['/mnt/c/work/ubuntu_work/HiveFlight/ros2_ws/src'], packages_ignore=None, packages_ignore_regex=None, paths=None, packages_up_to=None, packages_up_to_regex=None, packages_above=None, packages_above_and_dependencies=None, packages_above_depth=None, packages_select_by_dep=None, packages_skip_by_dep=None, packages_skip_up_to=None, packages_select_build_failed=False, packages_skip_build_finished=False, packages_select_test_failures=False, packages_skip_test_passed=False, packages_select=None, packages_skip=None, packages_select_regex=None, packages_skip_regex=None, packages_start=None, packages_end=None, allow_overriding=[], cmake_args=None, cmake_target=None, cmake_target_skip_unavailable=False, cmake_clean_cache=False, cmake_clean_first=False, cmake_force_configure=False, ament_cmake_args=None, catkin_cmake_args=None, catkin_skip_building_tests=False, verb_parser=<colcon_defaults.argument_parser.defaults.DefaultArgumentsDecorator object at 0x77a35422b4c0>, verb_extension=<colcon_core.verb.build.BuildVerb object at 0x77a35422b070>, main=<bound method BuildVerb.main of <colcon_core.verb.build.BuildVerb object at 0x77a35422b070>>)
[0.253s] Level 1:colcon.colcon_core.package_discovery:discover_packages(colcon_meta) check parameters
[0.254s] Level 1:colcon.colcon_core.package_discovery:discover_packages(recursive) check parameters
[0.254s] Level 1:colcon.colcon_core.package_discovery:discover_packages(ignore) check parameters
[0.254s] Level 1:colcon.colcon_core.package_discovery:discover_packages(path) check parameters
[0.255s] Level 1:colcon.colcon_core.package_discovery:discover_packages(recursive) discover
[0.255s] INFO:colcon.colcon_core.package_discovery:Crawling recursively for packages in '/mnt/c/work/ubuntu_work/HiveFlight/ros2_ws/src'
[0.260s] Level 1:colcon.colcon_core.package_identification:_identify(/mnt/c/work/ubuntu_work/HiveFlight/ros2_ws/src) by extensions ['ignore', 'ignore_ament_install']
[0.260s] Level 1:colcon.colcon_core.package_identification:_identify(/mnt/c/work/ubuntu_work/HiveFlight/ros2_ws/src) by extension 'ignore'
[0.261s] Level 1:colcon.colcon_core.package_identification:_identify(/mnt/c/work/ubuntu_work/HiveFlight/ros2_ws/src) by extension 'ignore_ament_install'
[0.264s] Level 1:colcon.colcon_core.package_identification:_identify(/mnt/c/work/ubuntu_work/HiveFlight/ros2_ws/src) by extensions ['colcon_pkg']
[0.264s] Level 1:colcon.colcon_core.package_identification:_identify(/mnt/c/work/ubuntu_work/HiveFlight/ros2_ws/src) by extension 'colcon_pkg'
[0.265s] Level 1:colcon.colcon_core.package_identification:_identify(/mnt/c/work/ubuntu_work/HiveFlight/ros2_ws/src) by extensions ['colcon_meta']
[0.265s] Level 1:colcon.colcon_core.package_identification:_identify(/mnt/c/work/ubuntu_work/HiveFlight/ros2_ws/src) by extension 'colcon_meta'
[0.267s] Level 1:colcon.colcon_core.package_identification:_identify(/mnt/c/work/ubuntu_work/HiveFlight/ros2_ws/src) by extensions ['ros']
[0.267s] Level 1:colcon.colcon_core.package_identification:_identify(/mnt/c/work/ubuntu_work/HiveFlight/ros2_ws/src) by extension 'ros'
[0.281s] Level 1:colcon.colcon_core.package_identification:_identify(/mnt/c/work/ubuntu_work/HiveFlight/ros2_ws/src) by extensions ['cmake', 'python']
[0.281s] Level 1:colcon.colcon_core.package_identification:_identify(/mnt/c/work/ubuntu_work/HiveFlight/ros2_ws/src) by extension 'cmake'
[0.282s] Level 1:colcon.colcon_core.package_identification:_identify(/mnt/c/work/ubuntu_work/HiveFlight/ros2_ws/src) by extension 'python'
[0.284s] Level 1:colcon.colcon_core.package_identification:_identify(/mnt/c/work/ubuntu_work/HiveFlight/ros2_ws/src) by extensions ['python_setup_py']
[0.284s] Level 1:colcon.colcon_core.package_identification:_identify(/mnt/c/work/ubuntu_work/HiveFlight/ros2_ws/src) by extension 'python_setup_py'
[0.290s] Level 1:colcon.colcon_core.package_identification:_identify(/mnt/c/work/ubuntu_work/HiveFlight/ros2_ws/src/hiveflight_interfaces) by extensions ['ignore', 'ignore_ament_install']
[0.290s] Level 1:colcon.colcon_core.package_identification:_identify(/mnt/c/work/ubuntu_work/HiveFlight/ros2_ws/src/hiveflight_interfaces) by extension 'ignore'
[0.292s] Level 1:colcon.colcon_core.package_identification:_identify(/mnt/c/work/ubuntu_work/HiveFlight/ros2_ws/src/hiveflight_interfaces) by extension 'ignore_ament_install'
[0.295s] Level 1:colcon.colcon_core.package_identification:_identify(/mnt/c/work/ubuntu_work/HiveFlight/ros2_ws/src/hiveflight_interfaces) by extensions ['colcon_pkg']
[0.295s] Level 1:colcon.colcon_core.package_identification:_identify(/mnt/c/work/ubuntu_work/HiveFlight/ros2_ws/src/hiveflight_interfaces) by extension 'colcon_pkg'
[0.297s] Level 1:colcon.colcon_core.package_identification:_identify(/mnt/c/work/ubuntu_work/HiveFlight/ros2_ws/src/hiveflight_interfaces) by extensions ['colcon_meta']
[0.297s] Level 1:colcon.colcon_core.package_identification:_identify(/mnt/c/work/ubuntu_work/HiveFlight/ros2_ws/src/hiveflight_interfaces) by extension 'colcon_meta'
[0.301s] Level 1:colcon.colcon_core.package_identification:_identify(/mnt/c/work/ubuntu_work/HiveFlight/ros2_ws/src/hiveflight_interfaces) by extensions ['ros']
[0.302s] Level 1:colcon.colcon_core.package_identification:_identify(/mnt/c/work/ubuntu_work/HiveFlight/ros2_ws/src/hiveflight_interfaces) by extension 'ros'
[0.321s] DEBUG:colcon.colcon_core.package_identification:Package '/mnt/c/work/ubuntu_work/HiveFlight/ros2_ws/src/hiveflight_interfaces' with type 'ros.ament_cmake' and name 'hiveflight_interfaces'
[0.329s] Level 1:colcon.colcon_core.package_identification:_identify(/mnt/c/work/ubuntu_work/HiveFlight/ros2_ws/src/hiveflight_sim) by extensions ['ignore', 'ignore_ament_install']
[0.329s] Level 1:colcon.colcon_core.package_identification:_identify(/mnt/c/work/ubuntu_work/HiveFlight/ros2_ws/src/hiveflight_sim) by extension 'ignore'
[0.331s] Level 1:colcon.colcon_core.package_identification:_identify(/mnt/c/work/ubuntu_work/HiveFlight/ros2_ws/src/hiveflight_sim) by extension 'ignore_ament_install'
[0.335s] Level 1:colcon.colcon_core.package_identification:_identify(/mnt/c/work/ubuntu_work/HiveFlight/ros2_ws/src/hiveflight_sim) by extensions ['colcon_pkg']
[0.335s] Level 1:colcon.colcon_core.package_identification:_identify(/mnt/c/work/ubuntu_work/HiveFlight/ros2_ws/src/hiveflight_sim) by extension 'colcon_pkg'
[0.337s] Level 1:colcon.colcon_core.package_identification:_identify(/mnt/c/work/ubuntu_work/HiveFlight/ros2_ws/src/hiveflight_sim) by extensions ['colcon_meta']
[0.337s] Level 1:colcon.colcon_core.package_identification:_identify(/mnt/c/work/ubuntu_work/HiveFlight/ros2_ws/src/hiveflight_sim) by extension 'colcon_meta'
[0.341s] Level 1:colcon.colcon_core.package_identification:_identify(/mnt/c/work/ubuntu_work/HiveFlight/ros2_ws/src/hiveflight_sim) by extensions ['ros']
[0.341s] Level 1:colcon.colcon_core.package_identification:_identify(/mnt/c/work/ubuntu_work/HiveFlight/ros2_ws/src/hiveflight_sim) by extension 'ros'
[0.360s] DEBUG:colcon.colcon_core.package_identification:Package '/mnt/c/work/ubuntu_work/HiveFlight/ros2_ws/src/hiveflight_sim' with type 'ros.ament_cmake' and name 'hiveflight_sim'
[0.368s] Level 1:colcon.colcon_core.package_identification:_identify(/mnt/c/work/ubuntu_work/HiveFlight/ros2_ws/src/hiveflight_sim_node) by extensions ['ignore', 'ignore_ament_install']
[0.368s] Level 1:colcon.colcon_core.package_identification:_identify(/mnt/c/work/ubuntu_work/HiveFlight/ros2_ws/src/hiveflight_sim_node) by extension 'ignore'
[0.370s] Level 1:colcon.colcon_core.package_identification:_identify(/mnt/c/work/ubuntu_work/HiveFlight/ros2_ws/src/hiveflight_sim_node) by extension 'ignore_ament_install'
[0.374s] Level 1:colcon.colcon_core.package_identification:_identify(/mnt/c/work/ubuntu_work/HiveFlight/ros2_ws/src/hiveflight_sim_node) by extensions ['colcon_pkg']
[0.374s] Level 1:colcon.colcon_core.package_identification:_identify(/mnt/c/work/ubuntu_work/HiveFlight/ros2_ws/src/hiveflight_sim_node) by extension 'colcon_pkg'
[0.376s] Level 1:colcon.colcon_core.package_identification:_identify(/mnt/c/work/ubuntu_work/HiveFlight/ros2_ws/src/hiveflight_sim_node) by extensions ['colcon_meta']
[0.376s] Level 1:colcon.colcon_core.package_identification:_identify(/mnt/c/work/ubuntu_work/HiveFlight/ros2_ws/src/hiveflight_sim_node) by extension 'colcon_meta'
[0.381s] Level 1:colcon.colcon_core.package_identification:_identify(/mnt/c/work/ubuntu_work/HiveFlight/ros2_ws/src/hiveflight_sim_node) by extensions ['ros']
[0.381s] Level 1:colcon.colcon_core.package_identification:_identify(/mnt/c/work/ubuntu_work/HiveFlight/ros2_ws/src/hiveflight_sim_node) by extension 'ros'
[0.397s] DEBUG:colcon.colcon_core.package_identification:Package '/mnt/c/work/ubuntu_work/HiveFlight/ros2_ws/src/hiveflight_sim_node' with type 'ros.ament_cmake' and name 'hiveflight_sim_node'
[0.398s] Level 1:colcon.colcon_core.package_discovery:discover_packages(recursive) using defaults
[0.428s] Level 1:colcon.colcon_core.package_discovery:discover_packages(prefix_path) check parameters
[0.428s] Level 1:colcon.colcon_core.package_discovery:discover_packages(prefix_path) discover
[0.437s] WARNING:colcon.colcon_ros.prefix_path.ament:The path '/mnt/c/work/ubuntu_work/HiveFlight/ros2_ws/install' in the environment variable AMENT_PREFIX_PATH doesn't contain any 'local_setup.*' files.
[0.456s] DEBUG:colcon.colcon_installed_package_information.package_discovery:Found 0 installed packages in /mnt/c/work/ubuntu_work/HiveFlight/ros2_ws/install
[0.458s] DEBUG:colcon.colcon_installed_package_information.package_discovery:Found 300 installed packages in /opt/ros/humble
[0.486s] Level 1:colcon.colcon_core.package_discovery:discover_packages(prefix_path) using defaults
[0.521s] Level 5:colcon.colcon_core.verb:set package 'hiveflight_interfaces' build argument 'cmake_args' from command line to 'None'
[0.522s] Level 5:colcon.colcon_core.verb:set package 'hiveflight_interfaces' build argument 'cmake_target' from command line to 'None'
[0.522s] Level 5:colcon.colcon_core.verb:set package 'hiveflight_interfaces' build argument 'cmake_target_skip_unavailable' from command line to 'False'
[0.522s] Level 5:colcon.colcon_core.verb:set package 'hiveflight_interfaces' build argument 'cmake_clean_cache' from command line to 'False'
[0.522s] Level 5:colcon.colcon_core.verb:set package 'hiveflight_interfaces' build argument 'cmake_clean_first' from command line to 'False'
[0.523s] Level 5:colcon.colcon_core.verb:set package 'hiveflight_interfaces' build argument 'cmake_force_configure' from command line to 'False'
[0.523s] Level 5:colcon.colcon_core.verb:set package 'hiveflight_interfaces' build argument 'ament_cmake_args' from command line to 'None'
[0.523s] Level 5:colcon.colcon_core.verb:set package 'hiveflight_interfaces' build argument 'catkin_cmake_args' from command line to 'None'
[0.523s] Level 5:colcon.colcon_core.verb:set package 'hiveflight_interfaces' build argument 'catkin_skip_building_tests' from command line to 'False'
[0.523s] DEBUG:colcon.colcon_core.verb:Building package 'hiveflight_interfaces' with the following arguments: {'ament_cmake_args': None, 'build_base': '/mnt/c/work/ubuntu_work/HiveFlight/ros2_ws/build/hiveflight_interfaces', 'catkin_cmake_args': None, 'catkin_skip_building_tests': False, 'cmake_args': None, 'cmake_clean_cache': False, 'cmake_clean_first': False, 'cmake_force_configure': False, 'cmake_target': None, 'cmake_target_skip_unavailable': False, 'install_base': '/mnt/c/work/ubuntu_work/HiveFlight/ros2_ws/install', 'merge_install': True, 'path': '/mnt/c/work/ubuntu_work/HiveFlight/ros2_ws/src/hiveflight_interfaces', 'symlink_install': False, 'test_result_base': None}
[0.524s] Level 5:colcon.colcon_core.verb:set package 'hiveflight_sim' build argument 'cmake_args' from command line to 'None'
[0.524s] Level 5:colcon.colcon_core.verb:set package 'hiveflight_sim' build argument 'cmake_target' from command line to 'None'
[0.524s] Level 5:colcon.colcon_core.verb:set package 'hiveflight_sim' build argument 'cmake_target_skip_unavailable' from command line to 'False'
[0.524s] Level 5:colcon.colcon_core.verb:set package 'hiveflight_sim' build argument 'cmake_clean_cache' from command line to 'False'
[0.524s] Level 5:colcon.colcon_core.verb:set package 'hiveflight_sim' build argument 'cmake_clean_first' from command line to 'False'
[0.525s] Level 5:colcon.colcon_core.verb:set package 'hiveflight_sim' build argument 'cmake_force_configure' from command line to 'False'
[0.525s] Level 5:colcon.colcon_core.verb:set package 'hiveflight_sim' build argument 'ament_cmake_args' from command line to 'None'
[0.525s] Level 5:colcon.colcon_core.verb:set package 'hiveflight_sim' build argument 'catkin_cmake_args' from command line to 'None'
[0.525s] Level 5:colcon.colcon_core.verb:set package 'hiveflight_sim' build argument 'catkin_skip_building_tests' from command line to 'False'
[0.525s] DEBUG:colcon.colcon_core.verb:Building package 'hiveflight_sim' with the following arguments: {'ament_cmake_args': None, 'build_base': '/mnt/c/work/ubuntu_work/HiveFlight/ros2_ws/build/hiveflight_sim', 'catkin_cmake_args': None, 'catkin_skip_building_tests': False, 'cmake_args': None, 'cmake_clean_cache': False, 'cmake_clean_first': False, 'cmake_force_configure': False, 'cmake_target': None, 'cmake_target_skip_unavailable': False, 'install_base': '/mnt/c/work/ubuntu_work/HiveFlight/ros2_ws/install', 'merge_install': True, 'path': '/mnt/c/work/ubuntu_work/HiveFlight/ros2_ws/src/hiveflight_sim', 'symlink_install': False, 'test_result_base': None}
[0.526s] Level 5:colcon.colcon_core.verb:set package 'hiveflight_sim_node' build argument 'cmake_args' from command line to 'None'
[0.526s] Level 5:colcon.colcon_core.verb:set package 'hiveflight_sim_node' build argument 'cmake_target' from command line to 'None'
[0.526s] Level 5:colcon.colcon_core.verb:set package 'hiveflight_sim_node' build argument 'cmake_target_skip_unavailable' from command line to 'False'
[0.526s] Level 5:colcon.colcon_core.verb:set package 'hiveflight_sim_node' build argument 'cmake_clean_cache' from command line to 'False'
[0.526s] Level 5:colcon.colcon_core.verb:set package 'hiveflight_sim_node' build argument 'cmake_clean_first' from command line to 'False'
[0.526s] Level 5:colcon.colcon_core.verb:set package 'hiveflight_sim_node' build argument 'cmake_force_configure' from command line to 'False'
[0.527s] Level 5:colcon.colcon_core.verb:set package 'hiveflight_sim_node' build argument 'ament_cmake_args' from command line to 'None'
[0.527s] Level 5:colcon.colcon_core.verb:set package 'hiveflight_sim_node' build argument 'catkin_cmake_args' from command line to 'None'
[0.527s] Level 5:colcon.colcon_core.verb:set package 'hiveflight_sim_node' build argument 'catkin_skip_building_tests' from command line to 'False'
[0.527s] DEBUG:colcon.colcon_core.verb:Building package 'hiveflight_sim_node' with the following arguments: {'ament_cmake_args': None, 'build_base': '/mnt/c/work/ubuntu_work/HiveFlight/ros2_ws/build/hiveflight_sim_node', 'catkin_cmake_args': None, 'catkin_skip_building_tests': False, 'cmake_args': None, 'cmake_clean_cache': False, 'cmake_clean_first': False, 'cmake_force_configure': False, 'cmake_target': None, 'cmake_target_skip_unavailable': False, 'install_base': '/mnt/c/work/ubuntu_work/HiveFlight/ros2_ws/install', 'merge_install': True, 'path': '/mnt/c/work/ubuntu_work/HiveFlight/ros2_ws/src/hiveflight_sim_node', 'symlink_install': False, 'test_result_base': None}
[0.527s] INFO:colcon.colcon_core.executor:Executing jobs using 'parallel' executor
[0.529s] DEBUG:colcon.colcon_parallel_executor.executor.parallel:run_until_complete
[0.529s] INFO:colcon.colcon_ros.task.ament_cmake.build:Building ROS package in '/mnt/c/work/ubuntu_work/HiveFlight/ros2_ws/src/hiveflight_interfaces' with build type 'ament_cmake'
[0.530s] INFO:colcon.colcon_cmake.task.cmake.build:Building CMake package in '/mnt/c/work/ubuntu_work/HiveFlight/ros2_ws/src/hiveflight_interfaces'
[0.533s] INFO:colcon.colcon_core.plugin_system:Skipping extension 'colcon_core.shell.bat': Not used on non-Windows systems
[0.533s] INFO:colcon.colcon_core.shell:Skip shell extension 'powershell' for command environment: Not usable outside of PowerShell
[0.533s] DEBUG:colcon.colcon_core.shell:Skip shell extension 'dsv' for command environment
[0.638s] DEBUG:colcon.colcon_core.event_handler.log_command:Invoking command in '/mnt/c/work/ubuntu_work/HiveFlight/ros2_ws/build/hiveflight_interfaces': CMAKE_PREFIX_PATH=${CMAKE_PREFIX_PATH}:/opt/ros/humble /usr/bin/cmake /mnt/c/work/ubuntu_work/HiveFlight/ros2_ws/src/hiveflight_interfaces -DCMAKE_INSTALL_PREFIX=/mnt/c/work/ubuntu_work/HiveFlight/ros2_ws/install
[19.292s] DEBUG:colcon.colcon_core.event_handler.log_command:Invoked command in '/mnt/c/work/ubuntu_work/HiveFlight/ros2_ws/build/hiveflight_interfaces' returned '0': CMAKE_PREFIX_PATH=${CMAKE_PREFIX_PATH}:/opt/ros/humble /usr/bin/cmake /mnt/c/work/ubuntu_work/HiveFlight/ros2_ws/src/hiveflight_interfaces -DCMAKE_INSTALL_PREFIX=/mnt/c/work/ubuntu_work/HiveFlight/ros2_ws/install
[19.306s] DEBUG:colcon.colcon_core.event_handler.log_command:Invoking command in '/mnt/c/work/ubuntu_work/HiveFlight/ros2_ws/build/hiveflight_interfaces': CMAKE_PREFIX_PATH=${CMAKE_PREFIX_PATH}:/opt/ros/humble /usr/bin/cmake --build /mnt/c/work/ubuntu_work/HiveFlight/ros2_ws/build/hiveflight_interfaces -- -j16 -l16
[24.398s] DEBUG:colcon.colcon_core.event_handler.log_command:Invoked command in '/mnt/c/work/ubuntu_work/HiveFlight/ros2_ws/build/hiveflight_interfaces' returned '0': CMAKE_PREFIX_PATH=${CMAKE_PREFIX_PATH}:/opt/ros/humble /usr/bin/cmake --build /mnt/c/work/ubuntu_work/HiveFlight/ros2_ws/build/hiveflight_interfaces -- -j16 -l16
[24.448s] DEBUG:colcon.colcon_core.event_handler.log_command:Invoking command in '/mnt/c/work/ubuntu_work/HiveFlight/ros2_ws/build/hiveflight_interfaces': CMAKE_PREFIX_PATH=${CMAKE_PREFIX_PATH}:/opt/ros/humble /usr/bin/cmake --install /mnt/c/work/ubuntu_work/HiveFlight/ros2_ws/build/hiveflight_interfaces
[32.456s] Level 1:colcon.colcon_core.environment:create_environment_scripts_only(hiveflight_interfaces)
[32.457s] DEBUG:colcon.colcon_core.event_handler.log_command:Invoked command in '/mnt/c/work/ubuntu_work/HiveFlight/ros2_ws/build/hiveflight_interfaces' returned '0': CMAKE_PREFIX_PATH=${CMAKE_PREFIX_PATH}:/opt/ros/humble /usr/bin/cmake --install /mnt/c/work/ubuntu_work/HiveFlight/ros2_ws/build/hiveflight_interfaces
[32.458s] Level 1:colcon.colcon_core.environment:checking '/mnt/c/work/ubuntu_work/HiveFlight/ros2_ws/install' for CMake module files
[32.636s] Level 1:colcon.colcon_core.environment:checking '/mnt/c/work/ubuntu_work/HiveFlight/ros2_ws/install' for CMake config files
[32.767s] Level 1:colcon.colcon_core.shell:create_environment_hook('hiveflight_interfaces', 'cmake_prefix_path')
[32.767s] INFO:colcon.colcon_core.shell:Creating environment hook '/mnt/c/work/ubuntu_work/HiveFlight/ros2_ws/install/share/hiveflight_interfaces/hook/cmake_prefix_path.ps1'
[32.778s] INFO:colcon.colcon_core.shell:Creating environment descriptor '/mnt/c/work/ubuntu_work/HiveFlight/ros2_ws/install/share/hiveflight_interfaces/hook/cmake_prefix_path.dsv'
[32.790s] INFO:colcon.colcon_core.shell:Creating environment hook '/mnt/c/work/ubuntu_work/HiveFlight/ros2_ws/install/share/hiveflight_interfaces/hook/cmake_prefix_path.sh'
[32.809s] Level 1:colcon.colcon_core.environment:checking '/mnt/c/work/ubuntu_work/HiveFlight/ros2_ws/install/lib'
[32.814s] Level 1:colcon.colcon_core.shell:create_environment_hook('hiveflight_interfaces', 'ld_library_path_lib')
[32.814s] INFO:colcon.colcon_core.shell:Creating environment hook '/mnt/c/work/ubuntu_work/HiveFlight/ros2_ws/install/share/hiveflight_interfaces/hook/ld_library_path_lib.ps1'
[32.827s] INFO:colcon.colcon_core.shell:Creating environment descriptor '/mnt/c/work/ubuntu_work/HiveFlight/ros2_ws/install/share/hiveflight_interfaces/hook/ld_library_path_lib.dsv'
[32.839s] INFO:colcon.colcon_core.shell:Creating environment hook '/mnt/c/work/ubuntu_work/HiveFlight/ros2_ws/install/share/hiveflight_interfaces/hook/ld_library_path_lib.sh'
[32.853s] Level 1:colcon.colcon_core.environment:checking '/mnt/c/work/ubuntu_work/HiveFlight/ros2_ws/install/bin'
[32.855s] Level 1:colcon.colcon_core.environment:checking '/mnt/c/work/ubuntu_work/HiveFlight/ros2_ws/install/lib/pkgconfig/hiveflight_interfaces.pc'
[32.857s] Level 1:colcon.colcon_core.environment:checking '/mnt/c/work/ubuntu_work/HiveFlight/ros2_ws/install/lib/python3.10/site-packages'
[32.858s] Level 1:colcon.colcon_core.environment:checking '/mnt/c/work/ubuntu_work/HiveFlight/ros2_ws/install/bin'
[32.860s] INFO:colcon.colcon_core.shell:Creating package script '/mnt/c/work/ubuntu_work/HiveFlight/ros2_ws/install/share/hiveflight_interfaces/package.ps1'
[32.871s] INFO:colcon.colcon_core.shell:Creating package descriptor '/mnt/c/work/ubuntu_work/HiveFlight/ros2_ws/install/share/hiveflight_interfaces/package.dsv'
[32.882s] INFO:colcon.colcon_core.shell:Creating package script '/mnt/c/work/ubuntu_work/HiveFlight/ros2_ws/install/share/hiveflight_interfaces/package.sh'
[32.893s] INFO:colcon.colcon_core.shell:Creating package script '/mnt/c/work/ubuntu_work/HiveFlight/ros2_ws/install/share/hiveflight_interfaces/package.bash'
[32.903s] INFO:colcon.colcon_core.shell:Creating package script '/mnt/c/work/ubuntu_work/HiveFlight/ros2_ws/install/share/hiveflight_interfaces/package.zsh'
[32.913s] Level 1:colcon.colcon_core.environment:create_file_with_runtime_dependencies(/mnt/c/work/ubuntu_work/HiveFlight/ros2_ws/install/share/colcon-core/packages/hiveflight_interfaces)
[32.939s] Level 1:colcon.colcon_core.environment:create_environment_scripts_only(hiveflight_interfaces)
[32.939s] Level 1:colcon.colcon_core.environment:checking '/mnt/c/work/ubuntu_work/HiveFlight/ros2_ws/install' for CMake module files
[33.138s] Level 1:colcon.colcon_core.environment:checking '/mnt/c/work/ubuntu_work/HiveFlight/ros2_ws/install' for CMake config files
[33.285s] Level 1:colcon.colcon_core.shell:create_environment_hook('hiveflight_interfaces', 'cmake_prefix_path')
[33.286s] INFO:colcon.colcon_core.shell:Creating environment hook '/mnt/c/work/ubuntu_work/HiveFlight/ros2_ws/install/share/hiveflight_interfaces/hook/cmake_prefix_path.ps1'
[33.298s] INFO:colcon.colcon_core.shell:Creating environment descriptor '/mnt/c/work/ubuntu_work/HiveFlight/ros2_ws/install/share/hiveflight_interfaces/hook/cmake_prefix_path.dsv'
[33.311s] INFO:colcon.colcon_core.shell:Creating environment hook '/mnt/c/work/ubuntu_work/HiveFlight/ros2_ws/install/share/hiveflight_interfaces/hook/cmake_prefix_path.sh'
[33.325s] Level 1:colcon.colcon_core.environment:checking '/mnt/c/work/ubuntu_work/HiveFlight/ros2_ws/install/lib'
[33.330s] Level 1:colcon.colcon_core.shell:create_environment_hook('hiveflight_interfaces', 'ld_library_path_lib')
[33.331s] INFO:colcon.colcon_core.shell:Creating environment hook '/mnt/c/work/ubuntu_work/HiveFlight/ros2_ws/install/share/hiveflight_interfaces/hook/ld_library_path_lib.ps1'
[33.343s] INFO:colcon.colcon_core.shell:Creating environment descriptor '/mnt/c/work/ubuntu_work/HiveFlight/ros2_ws/install/share/hiveflight_interfaces/hook/ld_library_path_lib.dsv'
[33.357s] INFO:colcon.colcon_core.shell:Creating environment hook '/mnt/c/work/ubuntu_work/HiveFlight/ros2_ws/install/share/hiveflight_interfaces/hook/ld_library_path_lib.sh'
[33.371s] Level 1:colcon.colcon_core.environment:checking '/mnt/c/work/ubuntu_work/HiveFlight/ros2_ws/install/bin'
[33.372s] Level 1:colcon.colcon_core.environment:checking '/mnt/c/work/ubuntu_work/HiveFlight/ros2_ws/install/lib/pkgconfig/hiveflight_interfaces.pc'
[33.375s] Level 1:colcon.colcon_core.environment:checking '/mnt/c/work/ubuntu_work/HiveFlight/ros2_ws/install/lib/python3.10/site-packages'
[33.378s] Level 1:colcon.colcon_core.environment:checking '/mnt/c/work/ubuntu_work/HiveFlight/ros2_ws/install/bin'
[33.380s] INFO:colcon.colcon_core.shell:Creating package script '/mnt/c/work/ubuntu_work/HiveFlight/ros2_ws/install/share/hiveflight_interfaces/package.ps1'
[33.391s] INFO:colcon.colcon_core.shell:Creating package descriptor '/mnt/c/work/ubuntu_work/HiveFlight/ros2_ws/install/share/hiveflight_interfaces/package.dsv'
[33.402s] INFO:colcon.colcon_core.shell:Creating package script '/mnt/c/work/ubuntu_work/HiveFlight/ros2_ws/install/share/hiveflight_interfaces/package.sh'
[33.415s] INFO:colcon.colcon_core.shell:Creating package script '/mnt/c/work/ubuntu_work/HiveFlight/ros2_ws/install/share/hiveflight_interfaces/package.bash'
[33.426s] INFO:colcon.colcon_core.shell:Creating package script '/mnt/c/work/ubuntu_work/HiveFlight/ros2_ws/install/share/hiveflight_interfaces/package.zsh'
[33.438s] Level 1:colcon.colcon_core.environment:create_file_with_runtime_dependencies(/mnt/c/work/ubuntu_work/HiveFlight/ros2_ws/install/share/colcon-core/packages/hiveflight_interfaces)
[33.446s] INFO:colcon.colcon_ros.task.ament_cmake.build:Building ROS package in '/mnt/c/work/ubuntu_work/HiveFlight/ros2_ws/src/hiveflight_sim' with build type 'ament_cmake'
[33.447s] INFO:colcon.colcon_cmake.task.cmake.build:Building CMake package in '/mnt/c/work/ubuntu_work/HiveFlight/ros2_ws/src/hiveflight_sim'
[33.447s] INFO:colcon.colcon_core.shell:Skip shell extension 'powershell' for command environment: Not usable outside of PowerShell
[33.447s] DEBUG:colcon.colcon_core.shell:Skip shell extension 'dsv' for command environment
[33.708s] DEBUG:colcon.colcon_core.event_handler.log_command:Invoking command in '/mnt/c/work/ubuntu_work/HiveFlight/ros2_ws/build/hiveflight_sim': CMAKE_PREFIX_PATH=${CMAKE_PREFIX_PATH}:/opt/ros/humble /usr/bin/cmake /mnt/c/work/ubuntu_work/HiveFlight/ros2_ws/src/hiveflight_sim -DCMAKE_INSTALL_PREFIX=/mnt/c/work/ubuntu_work/HiveFlight/ros2_ws/install
[48.496s] DEBUG:colcon.colcon_core.event_handler.log_command:Invoked command in '/mnt/c/work/ubuntu_work/HiveFlight/ros2_ws/build/hiveflight_sim' returned '0': CMAKE_PREFIX_PATH=${CMAKE_PREFIX_PATH}:/opt/ros/humble /usr/bin/cmake /mnt/c/work/ubuntu_work/HiveFlight/ros2_ws/src/hiveflight_sim -DCMAKE_INSTALL_PREFIX=/mnt/c/work/ubuntu_work/HiveFlight/ros2_ws/install
[48.508s] DEBUG:colcon.colcon_core.event_handler.log_command:Invoking command in '/mnt/c/work/ubuntu_work/HiveFlight/ros2_ws/build/hiveflight_sim': CMAKE_PREFIX_PATH=${CMAKE_PREFIX_PATH}:/opt/ros/humble /usr/bin/cmake --build /mnt/c/work/ubuntu_work/HiveFlight/ros2_ws/build/hiveflight_sim -- -j16 -l16
[62.502s] DEBUG:colcon.colcon_core.event_handler.log_command:Invoked command in '/mnt/c/work/ubuntu_work/HiveFlight/ros2_ws/build/hiveflight_sim' returned '0': CMAKE_PREFIX_PATH=${CMAKE_PREFIX_PATH}:/opt/ros/humble /usr/bin/cmake --build /mnt/c/work/ubuntu_work/HiveFlight/ros2_ws/build/hiveflight_sim -- -j16 -l16
[62.523s] DEBUG:colcon.colcon_core.event_handler.log_command:Invoking command in '/mnt/c/work/ubuntu_work/HiveFlight/ros2_ws/build/hiveflight_sim': CMAKE_PREFIX_PATH=${CMAKE_PREFIX_PATH}:/opt/ros/humble /usr/bin/cmake --install /mnt/c/work/ubuntu_work/HiveFlight/ros2_ws/build/hiveflight_sim
[64.550s] Level 1:colcon.colcon_core.environment:create_environment_scripts_only(hiveflight_sim)
[64.550s] Level 1:colcon.colcon_core.environment:checking '/mnt/c/work/ubuntu_work/HiveFlight/ros2_ws/install' for CMake module files
[64.551s] DEBUG:colcon.colcon_core.event_handler.log_command:Invoked command in '/mnt/c/work/ubuntu_work/HiveFlight/ros2_ws/build/hiveflight_sim' returned '0': CMAKE_PREFIX_PATH=${CMAKE_PREFIX_PATH}:/opt/ros/humble /usr/bin/cmake --install /mnt/c/work/ubuntu_work/HiveFlight/ros2_ws/build/hiveflight_sim
[64.627s] Level 1:colcon.colcon_core.environment:checking '/mnt/c/work/ubuntu_work/HiveFlight/ros2_ws/install' for CMake config files
[64.781s] Level 1:colcon.colcon_core.shell:create_environment_hook('hiveflight_sim', 'cmake_prefix_path')
[64.782s] INFO:colcon.colcon_core.shell:Creating environment hook '/mnt/c/work/ubuntu_work/HiveFlight/ros2_ws/install/share/hiveflight_sim/hook/cmake_prefix_path.ps1'
[64.794s] INFO:colcon.colcon_core.shell:Creating environment descriptor '/mnt/c/work/ubuntu_work/HiveFlight/ros2_ws/install/share/hiveflight_sim/hook/cmake_prefix_path.dsv'
[64.810s] INFO:colcon.colcon_core.shell:Creating environment hook '/mnt/c/work/ubuntu_work/HiveFlight/ros2_ws/install/share/hiveflight_sim/hook/cmake_prefix_path.sh'
[64.828s] Level 1:colcon.colcon_core.environment:checking '/mnt/c/work/ubuntu_work/HiveFlight/ros2_ws/install/lib'
[64.832s] Level 1:colcon.colcon_core.shell:create_environment_hook('hiveflight_sim', 'ld_library_path_lib')
[64.832s] INFO:colcon.colcon_core.shell:Creating environment hook '/mnt/c/work/ubuntu_work/HiveFlight/ros2_ws/install/share/hiveflight_sim/hook/ld_library_path_lib.ps1'
[64.844s] INFO:colcon.colcon_core.shell:Creating environment descriptor '/mnt/c/work/ubuntu_work/HiveFlight/ros2_ws/install/share/hiveflight_sim/hook/ld_library_path_lib.dsv'
[64.856s] INFO:colcon.colcon_core.shell:Creating environment hook '/mnt/c/work/ubuntu_work/HiveFlight/ros2_ws/install/share/hiveflight_sim/hook/ld_library_path_lib.sh'
[64.868s] Level 1:colcon.colcon_core.environment:checking '/mnt/c/work/ubuntu_work/HiveFlight/ros2_ws/install/bin'
[64.869s] Level 1:colcon.colcon_core.environment:checking '/mnt/c/work/ubuntu_work/HiveFlight/ros2_ws/install/lib/pkgconfig/hiveflight_sim.pc'
[64.871s] Level 1:colcon.colcon_core.environment:checking '/mnt/c/work/ubuntu_work/HiveFlight/ros2_ws/install/lib/python3.10/site-packages'
[64.873s] Level 1:colcon.colcon_core.environment:checking '/mnt/c/work/ubuntu_work/HiveFlight/ros2_ws/install/bin'
[64.874s] INFO:colcon.colcon_core.shell:Creating package script '/mnt/c/work/ubuntu_work/HiveFlight/ros2_ws/install/share/hiveflight_sim/package.ps1'
[64.885s] INFO:colcon.colcon_core.shell:Creating package descriptor '/mnt/c/work/ubuntu_work/HiveFlight/ros2_ws/install/share/hiveflight_sim/package.dsv'
[64.896s] INFO:colcon.colcon_core.shell:Creating package script '/mnt/c/work/ubuntu_work/HiveFlight/ros2_ws/install/share/hiveflight_sim/package.sh'
[64.906s] INFO:colcon.colcon_core.shell:Creating package script '/mnt/c/work/ubuntu_work/HiveFlight/ros2_ws/install/share/hiveflight_sim/package.bash'
[64.916s] INFO:colcon.colcon_core.shell:Creating package script '/mnt/c/work/ubuntu_work/HiveFlight/ros2_ws/install/share/hiveflight_sim/package.zsh'
[64.929s] Level 1:colcon.colcon_core.environment:create_file_with_runtime_dependencies(/mnt/c/work/ubuntu_work/HiveFlight/ros2_ws/install/share/colcon-core/packages/hiveflight_sim)
[64.953s] Level 1:colcon.colcon_core.environment:create_environment_scripts_only(hiveflight_sim)
[64.953s] Level 1:colcon.colcon_core.environment:checking '/mnt/c/work/ubuntu_work/HiveFlight/ros2_ws/install' for CMake module files
[65.041s] Level 1:colcon.colcon_core.environment:checking '/mnt/c/work/ubuntu_work/HiveFlight/ros2_ws/install' for CMake config files
[65.199s] Level 1:colcon.colcon_core.shell:create_environment_hook('hiveflight_sim', 'cmake_prefix_path')
[65.199s] INFO:colcon.colcon_core.shell:Creating environment hook '/mnt/c/work/ubuntu_work/HiveFlight/ros2_ws/install/share/hiveflight_sim/hook/cmake_prefix_path.ps1'
[65.211s] INFO:colcon.colcon_core.shell:Creating environment descriptor '/mnt/c/work/ubuntu_work/HiveFlight/ros2_ws/install/share/hiveflight_sim/hook/cmake_prefix_path.dsv'
[65.224s] INFO:colcon.colcon_core.shell:Creating environment hook '/mnt/c/work/ubuntu_work/HiveFlight/ros2_ws/install/share/hiveflight_sim/hook/cmake_prefix_path.sh'
[65.240s] Level 1:colcon.colcon_core.environment:checking '/mnt/c/work/ubuntu_work/HiveFlight/ros2_ws/install/lib'
[65.245s] Level 1:colcon.colcon_core.shell:create_environment_hook('hiveflight_sim', 'ld_library_path_lib')
[65.245s] INFO:colcon.colcon_core.shell:Creating environment hook '/mnt/c/work/ubuntu_work/HiveFlight/ros2_ws/install/share/hiveflight_sim/hook/ld_library_path_lib.ps1'
[65.257s] INFO:colcon.colcon_core.shell:Creating environment descriptor '/mnt/c/work/ubuntu_work/HiveFlight/ros2_ws/install/share/hiveflight_sim/hook/ld_library_path_lib.dsv'
[65.270s] INFO:colcon.colcon_core.shell:Creating environment hook '/mnt/c/work/ubuntu_work/HiveFlight/ros2_ws/install/share/hiveflight_sim/hook/ld_library_path_lib.sh'
[65.283s] Level 1:colcon.colcon_core.environment:checking '/mnt/c/work/ubuntu_work/HiveFlight/ros2_ws/install/bin'
[65.285s] Level 1:colcon.colcon_core.environment:checking '/mnt/c/work/ubuntu_work/HiveFlight/ros2_ws/install/lib/pkgconfig/hiveflight_sim.pc'
[65.286s] Level 1:colcon.colcon_core.environment:checking '/mnt/c/work/ubuntu_work/HiveFlight/ros2_ws/install/lib/python3.10/site-packages'
[65.288s] Level 1:colcon.colcon_core.environment:checking '/mnt/c/work/ubuntu_work/HiveFlight/ros2_ws/install/bin'
[65.289s] INFO:colcon.colcon_core.shell:Creating package script '/mnt/c/work/ubuntu_work/HiveFlight/ros2_ws/install/share/hiveflight_sim/package.ps1'
[65.301s] INFO:colcon.colcon_core.shell:Creating package descriptor '/mnt/c/work/ubuntu_work/HiveFlight/ros2_ws/install/share/hiveflight_sim/package.dsv'
[65.312s] INFO:colcon.colcon_core.shell:Creating package script '/mnt/c/work/ubuntu_work/HiveFlight/ros2_ws/install/share/hiveflight_sim/package.sh'
[65.323s] INFO:colcon.colcon_core.shell:Creating package script '/mnt/c/work/ubuntu_work/HiveFlight/ros2_ws/install/share/hiveflight_sim/package.bash'
[65.333s] INFO:colcon.colcon_core.shell:Creating package script '/mnt/c/work/ubuntu_work/HiveFlight/ros2_ws/install/share/hiveflight_sim/package.zsh'
[65.344s] Level 1:colcon.colcon_core.environment:create_file_with_runtime_dependencies(/mnt/c/work/ubuntu_work/HiveFlight/ros2_ws/install/share/colcon-core/packages/hiveflight_sim)
[65.351s] INFO:colcon.colcon_ros.task.ament_cmake.build:Building ROS package in '/mnt/c/work/ubuntu_work/HiveFlight/ros2_ws/src/hiveflight_sim_node' with build type 'ament_cmake'
[65.352s] INFO:colcon.colcon_cmake.task.cmake.build:Building CMake package in '/mnt/c/work/ubuntu_work/HiveFlight/ros2_ws/src/hiveflight_sim_node'
[65.352s] INFO:colcon.colcon_core.shell:Skip shell extension 'powershell' for command environment: Not usable outside of PowerShell
[65.352s] DEBUG:colcon.colcon_core.shell:Skip shell extension 'dsv' for command environment
[65.774s] DEBUG:colcon.colcon_core.event_handler.log_command:Invoking command in '/mnt/c/work/ubuntu_work/HiveFlight/ros2_ws/build/hiveflight_sim_node': CMAKE_PREFIX_PATH=${CMAKE_PREFIX_PATH}:/opt/ros/humble /usr/bin/cmake /mnt/c/work/ubuntu_work/HiveFlight/ros2_ws/src/hiveflight_sim_node -DCMAKE_INSTALL_PREFIX=/mnt/c/work/ubuntu_work/HiveFlight/ros2_ws/install
[80.607s] DEBUG:colcon.colcon_core.event_handler.log_command:Invoked command in '/mnt/c/work/ubuntu_work/HiveFlight/ros2_ws/build/hiveflight_sim_node' returned '0': CMAKE_PREFIX_PATH=${CMAKE_PREFIX_PATH}:/opt/ros/humble /usr/bin/cmake /mnt/c/work/ubuntu_work/HiveFlight/ros2_ws/src/hiveflight_sim_node -DCMAKE_INSTALL_PREFIX=/mnt/c/work/ubuntu_work/HiveFlight/ros2_ws/install
[80.620s] DEBUG:colcon.colcon_core.event_handler.log_command:Invoking command in '/mnt/c/work/ubuntu_work/HiveFlight/ros2_ws/build/hiveflight_sim_node': CMAKE_PREFIX_PATH=${CMAKE_PREFIX_PATH}:/opt/ros/humble /usr/bin/cmake --build /mnt/c/work/ubuntu_work/HiveFlight/ros2_ws/build/hiveflight_sim_node -- -j16 -l16
[94.627s] DEBUG:colcon.colcon_core.event_handler.log_command:Invoked command in '/mnt/c/work/ubuntu_work/HiveFlight/ros2_ws/build/hiveflight_sim_node' returned '0': CMAKE_PREFIX_PATH=${CMAKE_PREFIX_PATH}:/opt/ros/humble /usr/bin/cmake --build /mnt/c/work/ubuntu_work/HiveFlight/ros2_ws/build/hiveflight_sim_node -- -j16 -l16
[94.651s] DEBUG:colcon.colcon_core.event_handler.log_command:Invoking command in '/mnt/c/work/ubuntu_work/HiveFlight/ros2_ws/build/hiveflight_sim_node': CMAKE_PREFIX_PATH=${CMAKE_PREFIX_PATH}:/opt/ros/humble /usr/bin/cmake --install /mnt/c/work/ubuntu_work/HiveFlight/ros2_ws/build/hiveflight_sim_node
[96.041s] Level 1:colcon.colcon_core.environment:create_environment_scripts_only(hiveflight_sim_node)
[96.041s] Level 1:colcon.colcon_core.environment:checking '/mnt/c/work/ubuntu_work/HiveFlight/ros2_ws/install' for CMake module files
[96.042s] DEBUG:colcon.colcon_core.event_handler.log_command:Invoked command in '/mnt/c/work/ubuntu_work/HiveFlight/ros2_ws/build/hiveflight_sim_node' returned '0': CMAKE_PREFIX_PATH=${CMAKE_PREFIX_PATH}:/opt/ros/humble /usr/bin/cmake --install /mnt/c/work/ubuntu_work/HiveFlight/ros2_ws/build/hiveflight_sim_node
[96.109s] Level 1:colcon.colcon_core.environment:checking '/mnt/c/work/ubuntu_work/HiveFlight/ros2_ws/install' for CMake config files
[96.273s] Level 1:colcon.colcon_core.shell:create_environment_hook('hiveflight_sim_node', 'cmake_prefix_path')
[96.274s] INFO:colcon.colcon_core.shell:Creating environment hook '/mnt/c/work/ubuntu_work/HiveFlight/ros2_ws/install/share/hiveflight_sim_node/hook/cmake_prefix_path.ps1'
[96.284s] INFO:colcon.colcon_core.shell:Creating environment descriptor '/mnt/c/work/ubuntu_work/HiveFlight/ros2_ws/install/share/hiveflight_sim_node/hook/cmake_prefix_path.dsv'
[96.296s] INFO:colcon.colcon_core.shell:Creating environment hook '/mnt/c/work/ubuntu_work/HiveFlight/ros2_ws/install/share/hiveflight_sim_node/hook/cmake_prefix_path.sh'
[96.312s] Level 1:colcon.colcon_core.environment:checking '/mnt/c/work/ubuntu_work/HiveFlight/ros2_ws/install/lib'
[96.316s] Level 1:colcon.colcon_core.shell:create_environment_hook('hiveflight_sim_node', 'ld_library_path_lib')
[96.316s] INFO:colcon.colcon_core.shell:Creating environment hook '/mnt/c/work/ubuntu_work/HiveFlight/ros2_ws/install/share/hiveflight_sim_node/hook/ld_library_path_lib.ps1'
[96.327s] INFO:colcon.colcon_core.shell:Creating environment descriptor '/mnt/c/work/ubuntu_work/HiveFlight/ros2_ws/install/share/hiveflight_sim_node/hook/ld_library_path_lib.dsv'
[96.338s] INFO:colcon.colcon_core.shell:Creating environment hook '/mnt/c/work/ubuntu_work/HiveFlight/ros2_ws/install/share/hiveflight_sim_node/hook/ld_library_path_lib.sh'
[96.349s] Level 1:colcon.colcon_core.environment:checking '/mnt/c/work/ubuntu_work/HiveFlight/ros2_ws/install/bin'
[96.350s] Level 1:colcon.colcon_core.environment:checking '/mnt/c/work/ubuntu_work/HiveFlight/ros2_ws/install/lib/pkgconfig/hiveflight_sim_node.pc'
[96.353s] Level 1:colcon.colcon_core.environment:checking '/mnt/c/work/ubuntu_work/HiveFlight/ros2_ws/install/lib/python3.10/site-packages'
[96.355s] Level 1:colcon.colcon_core.environment:checking '/mnt/c/work/ubuntu_work/HiveFlight/ros2_ws/install/bin'
[96.356s] INFO:colcon.colcon_core.shell:Creating package script '/mnt/c/work/ubuntu_work/HiveFlight/ros2_ws/install/share/hiveflight_sim_node/package.ps1'
[96.367s] INFO:colcon.colcon_core.shell:Creating package descriptor '/mnt/c/work/ubuntu_work/HiveFlight/ros2_ws/install/share/hiveflight_sim_node/package.dsv'
[96.377s] INFO:colcon.colcon_core.shell:Creating package script '/mnt/c/work/ubuntu_work/HiveFlight/ros2_ws/install/share/hiveflight_sim_node/package.sh'
[96.388s] INFO:colcon.colcon_core.shell:Creating package script '/mnt/c/work/ubuntu_work/HiveFlight/ros2_ws/install/share/hiveflight_sim_node/package.bash'
[96.398s] INFO:colcon.colcon_core.shell:Creating package script '/mnt/c/work/ubuntu_work/HiveFlight/ros2_ws/install/share/hiveflight_sim_node/package.zsh'
[96.408s] Level 1:colcon.colcon_core.environment:create_file_with_runtime_dependencies(/mnt/c/work/ubuntu_work/HiveFlight/ros2_ws/install/share/colcon-core/packages/hiveflight_sim_node)
[96.433s] Level 1:colcon.colcon_core.environment:create_environment_scripts_only(hiveflight_sim_node)
[96.434s] Level 1:colcon.colcon_core.environment:checking '/mnt/c/work/ubuntu_work/HiveFlight/ros2_ws/install' for CMake module files
[96.509s] Level 1:colcon.colcon_core.environment:checking '/mnt/c/work/ubuntu_work/HiveFlight/ros2_ws/install' for CMake config files
[96.660s] Level 1:colcon.colcon_core.shell:create_environment_hook('hiveflight_sim_node', 'cmake_prefix_path')
[96.660s] INFO:colcon.colcon_core.shell:Creating environment hook '/mnt/c/work/ubuntu_work/HiveFlight/ros2_ws/install/share/hiveflight_sim_node/hook/cmake_prefix_path.ps1'
[96.674s] INFO:colcon.colcon_core.shell:Creating environment descriptor '/mnt/c/work/ubuntu_work/HiveFlight/ros2_ws/install/share/hiveflight_sim_node/hook/cmake_prefix_path.dsv'
[96.687s] INFO:colcon.colcon_core.shell:Creating environment hook '/mnt/c/work/ubuntu_work/HiveFlight/ros2_ws/install/share/hiveflight_sim_node/hook/cmake_prefix_path.sh'
[96.701s] Level 1:colcon.colcon_core.environment:checking '/mnt/c/work/ubuntu_work/HiveFlight/ros2_ws/install/lib'
[96.705s] Level 1:colcon.colcon_core.shell:create_environment_hook('hiveflight_sim_node', 'ld_library_path_lib')
[96.705s] INFO:colcon.colcon_core.shell:Creating environment hook '/mnt/c/work/ubuntu_work/HiveFlight/ros2_ws/install/share/hiveflight_sim_node/hook/ld_library_path_lib.ps1'
[96.716s] INFO:colcon.colcon_core.shell:Creating environment descriptor '/mnt/c/work/ubuntu_work/HiveFlight/ros2_ws/install/share/hiveflight_sim_node/hook/ld_library_path_lib.dsv'
[96.728s] INFO:colcon.colcon_core.shell:Creating environment hook '/mnt/c/work/ubuntu_work/HiveFlight/ros2_ws/install/share/hiveflight_sim_node/hook/ld_library_path_lib.sh'
[96.740s] Level 1:colcon.colcon_core.environment:checking '/mnt/c/work/ubuntu_work/HiveFlight/ros2_ws/install/bin'
[96.742s] Level 1:colcon.colcon_core.environment:checking '/mnt/c/work/ubuntu_work/HiveFlight/ros2_ws/install/lib/pkgconfig/hiveflight_sim_node.pc'
[96.744s] Level 1:colcon.colcon_core.environment:checking '/mnt/c/work/ubuntu_work/HiveFlight/ros2_ws/install/lib/python3.10/site-packages'
[96.746s] Level 1:colcon.colcon_core.environment:checking '/mnt/c/work/ubuntu_work/HiveFlight/ros2_ws/install/bin'
[96.748s] INFO:colcon.colcon_core.shell:Creating package script '/mnt/c/work/ubuntu_work/HiveFlight/ros2_ws/install/share/hiveflight_sim_node/package.ps1'
[96.760s] INFO:colcon.colcon_core.shell:Creating package descriptor '/mnt/c/work/ubuntu_work/HiveFlight/ros2_ws/install/share/hiveflight_sim_node/package.dsv'
[96.772s] INFO:colcon.colcon_core.shell:Creating package script '/mnt/c/work/ubuntu_work/HiveFlight/ros2_ws/install/share/hiveflight_sim_node/package.sh'
[96.785s] INFO:colcon.colcon_core.shell:Creating package script '/mnt/c/work/ubuntu_work/HiveFlight/ros2_ws/install/share/hiveflight_sim_node/package.bash'
[96.798s] INFO:colcon.colcon_core.shell:Creating package script '/mnt/c/work/ubuntu_work/HiveFlight/ros2_ws/install/share/hiveflight_sim_node/package.zsh'
[96.810s] Level 1:colcon.colcon_core.environment:create_file_with_runtime_dependencies(/mnt/c/work/ubuntu_work/HiveFlight/ros2_ws/install/share/colcon-core/packages/hiveflight_sim_node)
[96.820s] DEBUG:colcon.colcon_parallel_executor.executor.parallel:closing loop
[96.821s] DEBUG:colcon.colcon_parallel_executor.executor.parallel:loop closed
[96.821s] DEBUG:colcon.colcon_parallel_executor.executor.parallel:run_until_complete finished with '0'
[96.821s] DEBUG:colcon.colcon_core.event_reactor:joining thread
[96.873s] INFO:colcon.colcon_core.plugin_system:Skipping extension 'colcon_notification.desktop_notification.notify_send': Could not find 'notify-send'
[96.873s] INFO:colcon.colcon_core.plugin_system:Skipping extension 'colcon_notification.desktop_notification.terminal_notifier': Not used on non-Darwin systems
[96.874s] INFO:colcon.colcon_core.plugin_system:Skipping extension 'colcon_notification.desktop_notification.win32': Not used on non-Windows systems
[96.874s] INFO:colcon.colcon_notification.desktop_notification:Sending desktop notification using 'notify2'
[96.875s] DEBUG:colcon.colcon_notification.desktop_notification.notify2:Failed to initialize notify2: org.freedesktop.DBus.Error.FileNotFound: Failed to connect to socket /run/user/1000/bus: No such file or directory
[96.875s] DEBUG:colcon.colcon_core.event_reactor:joined thread
[96.876s] INFO:colcon.colcon_core.shell:Creating prefix script '/mnt/c/work/ubuntu_work/HiveFlight/ros2_ws/install/local_setup.ps1'
[96.883s] INFO:colcon.colcon_core.shell:Creating prefix util module '/mnt/c/work/ubuntu_work/HiveFlight/ros2_ws/install/_local_setup_util_ps1.py'
[96.890s] INFO:colcon.colcon_core.shell:Creating prefix chain script '/mnt/c/work/ubuntu_work/HiveFlight/ros2_ws/install/setup.ps1'
[96.904s] INFO:colcon.colcon_core.shell:Creating prefix script '/mnt/c/work/ubuntu_work/HiveFlight/ros2_ws/install/local_setup.sh'
[96.911s] INFO:colcon.colcon_core.shell:Creating prefix util module '/mnt/c/work/ubuntu_work/HiveFlight/ros2_ws/install/_local_setup_util_sh.py'
[96.919s] INFO:colcon.colcon_core.shell:Creating prefix chain script '/mnt/c/work/ubuntu_work/HiveFlight/ros2_ws/install/setup.sh'
[96.932s] INFO:colcon.colcon_core.shell:Creating prefix script '/mnt/c/work/ubuntu_work/HiveFlight/ros2_ws/install/local_setup.bash'
[96.939s] INFO:colcon.colcon_core.shell:Creating prefix chain script '/mnt/c/work/ubuntu_work/HiveFlight/ros2_ws/install/setup.bash'
[96.953s] INFO:colcon.colcon_core.shell:Creating prefix script '/mnt/c/work/ubuntu_work/HiveFlight/ros2_ws/install/local_setup.zsh'
[96.960s] INFO:colcon.colcon_core.shell:Creating prefix chain script '/mnt/c/work/ubuntu_work/HiveFlight/ros2_ws/install/setup.zsh'
