-- The C compiler identification is GNU 11.4.0
-- The CXX compiler identification is GNU 11.4.0
-- Detecting C compiler ABI info
-- Detecting C compiler ABI info - done
-- Check for working C compiler: /usr/bin/cc - skipped
-- Detecting C compile features
-- Detecting C compile features - done
-- Detecting CXX compiler ABI info
-- Detecting CXX compiler ABI info - done
-- Check for working CXX compiler: /usr/bin/c++ - skipped
-- Detecting CXX compile features
-- Detecting CXX compile features - done
-- Found ament_cmake: 1.3.14 (/opt/ros/humble/share/ament_cmake/cmake)
-- Found Python3: /usr/bin/python3 (found version "3.10.12") found components: Interpreter 
-- Found rclcpp: 16.0.19 (/opt/ros/humble/share/rclcpp/cmake)
-- Found rosidl_generator_c: 3.1.8 (/opt/ros/humble/share/rosidl_generator_c/cmake)
-- Found rosidl_adapter: 3.1.8 (/opt/ros/humble/share/rosidl_adapter/cmake)
-- Found rosidl_generator_cpp: 3.1.8 (/opt/ros/humble/share/rosidl_generator_cpp/cmake)
-- Using all available rosidl_typesupport_c: rosidl_typesupport_fastrtps_c;rosidl_typesupport_introspection_c
-- Using all available rosidl_typesupport_cpp: rosidl_typesupport_fastrtps_cpp;rosidl_typesupport_introspection_cpp
-- Found rmw_implementation_cmake: 6.1.2 (/opt/ros/humble/share/rmw_implementation_cmake/cmake)
-- Found rmw_fastrtps_cpp: 6.2.10 (/opt/ros/humble/share/rmw_fastrtps_cpp/cmake)
-- Found OpenSSL: /usr/lib/x86_64-linux-gnu/libcrypto.so (found version "3.0.2")  
-- Found FastRTPS: /opt/ros/humble/include  
-- Using RMW implementation 'rmw_fastrtps_cpp' as default
-- Looking for pthread.h
-- Looking for pthread.h - found
-- Performing Test CMAKE_HAVE_LIBC_PTHREAD
-- Performing Test CMAKE_HAVE_LIBC_PTHREAD - Success
-- Found Threads: TRUE  
-- Found hiveflight_interfaces: 0.0.1 (/mnt/c/work/ubuntu_work/HiveFlight/ros2_ws/install/share/hiveflight_interfaces/cmake)
-- Found hiveflight_sim: 0.0.1 (/mnt/c/work/ubuntu_work/HiveFlight/ros2_ws/install/share/hiveflight_sim/cmake)
-- Configuring done
-- Generating done
-- Build files have been written to: /mnt/c/work/ubuntu_work/HiveFlight/ros2_ws/build/hiveflight_sim_node
[ 50%] [32mBuilding CXX object CMakeFiles/simulation_node.dir/src/simulation_node.cpp.o[0m
[100%] [32m[1mLinking CXX executable simulation_node[0m
/usr/bin/ld: /mnt/c/work/ubuntu_work/HiveFlight/ros2_ws/install/lib/libhiveflight_ros2_adapter.a(SwarmSimulation3D.cpp.o): in function `SwarmSimulation3D::step()':
SwarmSimulation3D.cpp:(.text+0x18e2): undefined reference to `SpatialGrid3D::init(double, double, double, double)'
/usr/bin/ld: SwarmSimulation3D.cpp:(.text+0x18f7): undefined reference to `SpatialGrid3D::clear()'
/usr/bin/ld: SwarmSimulation3D.cpp:(.text+0x1983): undefined reference to `SpatialGrid3D::insert(unsigned long, Drone3D const&, bool)'
/usr/bin/ld: /mnt/c/work/ubuntu_work/HiveFlight/ros2_ws/install/lib/libhiveflight_ros2_adapter.a(SwarmSimulation3D.cpp.o): in function `void SpatialGrid3D::forEachCandidate<SwarmSimulation3D::separationForce(unsigned long) const::{lambda(unsigned long)#1}>(Vec3 const&, bool, SwarmSimulation3D::separationForce(unsigned long) const::{lambda(unsigned long)#1}&&) const':
SwarmSimulation3D.cpp:(.text+0x3877): undefined reference to `SpatialGrid3D::bucketIndex(int, int, int) const'
/usr/bin/ld: /mnt/c/work/ubuntu_work/HiveFlight/ros2_ws/install/lib/libhiveflight_ros2_adapter.a(SwarmSimulation3D.cpp.o): in function `void SpatialGrid3D::forEachCandidate<SwarmSimulation3D::alignmentForce(unsigned long) const::{lambda(unsigned long)#1}>(Vec3 const&, bool, SwarmSimulation3D::alignmentForce(unsigned long) const::{lambda(unsigned long)#1}&&) const':
SwarmSimulation3D.cpp:(.text+0x3b33): undefined reference to `SpatialGrid3D::bucketIndex(int, int, int) const'
/usr/bin/ld: /mnt/c/work/ubuntu_work/HiveFlight/ros2_ws/install/lib/libhiveflight_ros2_adapter.a(SwarmSimulation3D.cpp.o): in function `void SpatialGrid3D::forEachCandidate<SwarmSimulation3D::cohesionForce(unsigned long) const::{lambda(unsigned long)#1}>(Vec3 const&, bool, SwarmSimulation3D::cohesionForce(unsigned long) const::{lambda(unsigned long)#1}&&) const':
SwarmSimulation3D.cpp:(.text+0x3def): undefined reference to `SpatialGrid3D::bucketIndex(int, int, int) const'
collect2: error: ld returned 1 exit status
gmake[2]: *** [CMakeFiles/simulation_node.dir/build.make:176: simulation_node] Error 1
gmake[1]: *** [CMakeFiles/Makefile2:137: CMakeFiles/simulation_node.dir/all] Error 2
gmake: *** [Makefile:146: all] Error 2
