[0.283s] Invoking command in '/mnt/c/work/ubuntu_work/HiveFlight/ros2_ws/build/hiveflight_sim_node': AMENT_PREFIX_PATH=/mnt/c/work/ubuntu_work/HiveFlight/ros2_ws/install:${AMENT_PREFIX_PATH} CMAKE_PREFIX_PATH=/mnt/c/work/ubuntu_work/HiveFlight/ros2_ws/install:/opt/ros/humble LD_LIBRARY_PATH=/mnt/c/work/ubuntu_work/HiveFlight/ros2_ws/install/lib:${LD_LIBRARY_PATH} PYTHONPATH=/mnt/c/work/ubuntu_work/HiveFlight/ros2_ws/install/local/lib/python3.10/dist-packages:${PYTHONPATH} /usr/bin/cmake /mnt/c/work/ubuntu_work/HiveFlight/ros2_ws/src/hiveflight_sim_node -DCMAKE_INSTALL_PREFIX=/mnt/c/work/ubuntu_work/HiveFlight/ros2_ws/install
[0.750s] -- The C compiler identification is GNU 11.4.0
[1.249s] -- The CXX compiler identification is GNU 11.4.0
[1.480s] -- Detecting C compiler ABI info
[2.280s] -- Detecting C compiler ABI info - done
[2.299s] -- Check for working C compiler: /usr/bin/cc - skipped
[2.300s] -- Detecting C compile features
[2.301s] -- Detecting C compile features - done
[2.341s] -- Detecting CXX compiler ABI info
[3.161s] -- Detecting CXX compiler ABI info - done
[3.179s] -- Check for working CXX compiler: /usr/bin/c++ - skipped
[3.179s] -- Detecting CXX compile features
[3.180s] -- Detecting CXX compile features - done
[3.246s] -- Found ament_cmake: 1.3.14 (/opt/ros/humble/share/ament_cmake/cmake)
[3.938s] -- Found Python3: /usr/bin/python3 (found version "3.10.12") found components: Interpreter 
[4.670s] -- Found rclcpp: 16.0.19 (/opt/ros/humble/share/rclcpp/cmake)
[5.075s] -- Found rosidl_generator_c: 3.1.8 (/opt/ros/humble/share/rosidl_generator_c/cmake)
[5.136s] -- Found rosidl_adapter: 3.1.8 (/opt/ros/humble/share/rosidl_adapter/cmake)
[5.198s] -- Found rosidl_generator_cpp: 3.1.8 (/opt/ros/humble/share/rosidl_generator_cpp/cmake)
[5.264s] -- Using all available rosidl_typesupport_c: rosidl_typesupport_fastrtps_c;rosidl_typesupport_introspection_c
[5.360s] -- Using all available rosidl_typesupport_cpp: rosidl_typesupport_fastrtps_cpp;rosidl_typesupport_introspection_cpp
[5.680s] -- Found rmw_implementation_cmake: 6.1.2 (/opt/ros/humble/share/rmw_implementation_cmake/cmake)
[5.722s] -- Found rmw_fastrtps_cpp: 6.2.10 (/opt/ros/humble/share/rmw_fastrtps_cpp/cmake)
[7.049s] -- Found OpenSSL: /usr/lib/x86_64-linux-gnu/libcrypto.so (found version "3.0.2")  
[7.846s] -- Found FastRTPS: /opt/ros/humble/include  
[9.340s] -- Using RMW implementation 'rmw_fastrtps_cpp' as default
[9.464s] -- Looking for pthread.h
[10.231s] -- Looking for pthread.h - found
[10.239s] -- Performing Test CMAKE_HAVE_LIBC_PTHREAD
[11.011s] -- Performing Test CMAKE_HAVE_LIBC_PTHREAD - Success
[11.015s] -- Found Threads: TRUE  
[11.210s] -- Found hiveflight_interfaces: 0.0.1 (/mnt/c/work/ubuntu_work/HiveFlight/ros2_ws/install/share/hiveflight_interfaces/cmake)
[11.649s] -- Found hiveflight_sim: 0.0.1 (/mnt/c/work/ubuntu_work/HiveFlight/ros2_ws/install/share/hiveflight_sim/cmake)
[12.166s] -- Configuring done
[12.556s] -- Generating done
[12.711s] -- Build files have been written to: /mnt/c/work/ubuntu_work/HiveFlight/ros2_ws/build/hiveflight_sim_node
[12.720s] Invoked command in '/mnt/c/work/ubuntu_work/HiveFlight/ros2_ws/build/hiveflight_sim_node' returned '0': AMENT_PREFIX_PATH=/mnt/c/work/ubuntu_work/HiveFlight/ros2_ws/install:${AMENT_PREFIX_PATH} CMAKE_PREFIX_PATH=/mnt/c/work/ubuntu_work/HiveFlight/ros2_ws/install:/opt/ros/humble LD_LIBRARY_PATH=/mnt/c/work/ubuntu_work/HiveFlight/ros2_ws/install/lib:${LD_LIBRARY_PATH} PYTHONPATH=/mnt/c/work/ubuntu_work/HiveFlight/ros2_ws/install/local/lib/python3.10/dist-packages:${PYTHONPATH} /usr/bin/cmake /mnt/c/work/ubuntu_work/HiveFlight/ros2_ws/src/hiveflight_sim_node -DCMAKE_INSTALL_PREFIX=/mnt/c/work/ubuntu_work/HiveFlight/ros2_ws/install
[12.730s] Invoking command in '/mnt/c/work/ubuntu_work/HiveFlight/ros2_ws/build/hiveflight_sim_node': AMENT_PREFIX_PATH=/mnt/c/work/ubuntu_work/HiveFlight/ros2_ws/install:${AMENT_PREFIX_PATH} CMAKE_PREFIX_PATH=/mnt/c/work/ubuntu_work/HiveFlight/ros2_ws/install:/opt/ros/humble LD_LIBRARY_PATH=/mnt/c/work/ubuntu_work/HiveFlight/ros2_ws/install/lib:${LD_LIBRARY_PATH} PYTHONPATH=/mnt/c/work/ubuntu_work/HiveFlight/ros2_ws/install/local/lib/python3.10/dist-packages:${PYTHONPATH} /usr/bin/cmake --build /mnt/c/work/ubuntu_work/HiveFlight/ros2_ws/build/hiveflight_sim_node -- -j16 -l16
[13.288s] [ 50%] [32mBuilding CXX object CMakeFiles/simulation_node.dir/src/simulation_node.cpp.o[0m
[22.092s] [100%] [32m[1mLinking CXX executable simulation_node[0m
[24.485s] /usr/bin/ld: /mnt/c/work/ubuntu_work/HiveFlight/ros2_ws/install/lib/libhiveflight_ros2_adapter.a(SwarmSimulation3D.cpp.o): in function `SwarmSimulation3D::step()':
[24.486s] SwarmSimulation3D.cpp:(.text+0x18e2): undefined reference to `SpatialGrid3D::init(double, double, double, double)'
[24.486s] /usr/bin/ld: SwarmSimulation3D.cpp:(.text+0x18f7): undefined reference to `SpatialGrid3D::clear()'
[24.487s] /usr/bin/ld: SwarmSimulation3D.cpp:(.text+0x1983): undefined reference to `SpatialGrid3D::insert(unsigned long, Drone3D const&, bool)'
[24.488s] /usr/bin/ld: /mnt/c/work/ubuntu_work/HiveFlight/ros2_ws/install/lib/libhiveflight_ros2_adapter.a(SwarmSimulation3D.cpp.o): in function `void SpatialGrid3D::forEachCandidate<SwarmSimulation3D::separationForce(unsigned long) const::{lambda(unsigned long)#1}>(Vec3 const&, bool, SwarmSimulation3D::separationForce(unsigned long) const::{lambda(unsigned long)#1}&&) const':
[24.489s] SwarmSimulation3D.cpp:(.text+0x3877): undefined reference to `SpatialGrid3D::bucketIndex(int, int, int) const'
[24.490s] /usr/bin/ld: /mnt/c/work/ubuntu_work/HiveFlight/ros2_ws/install/lib/libhiveflight_ros2_adapter.a(SwarmSimulation3D.cpp.o): in function `void SpatialGrid3D::forEachCandidate<SwarmSimulation3D::alignmentForce(unsigned long) const::{lambda(unsigned long)#1}>(Vec3 const&, bool, SwarmSimulation3D::alignmentForce(unsigned long) const::{lambda(unsigned long)#1}&&) const':
[24.491s] SwarmSimulation3D.cpp:(.text+0x3b33): undefined reference to `SpatialGrid3D::bucketIndex(int, int, int) const'
[24.492s] /usr/bin/ld: /mnt/c/work/ubuntu_work/HiveFlight/ros2_ws/install/lib/libhiveflight_ros2_adapter.a(SwarmSimulation3D.cpp.o): in function `void SpatialGrid3D::forEachCandidate<SwarmSimulation3D::cohesionForce(unsigned long) const::{lambda(unsigned long)#1}>(Vec3 const&, bool, SwarmSimulation3D::cohesionForce(unsigned long) const::{lambda(unsigned long)#1}&&) const':
[24.492s] SwarmSimulation3D.cpp:(.text+0x3def): undefined reference to `SpatialGrid3D::bucketIndex(int, int, int) const'
[24.680s] collect2: error: ld returned 1 exit status
[24.683s] gmake[2]: *** [CMakeFiles/simulation_node.dir/build.make:176: simulation_node] Error 1
[24.685s] gmake[1]: *** [CMakeFiles/Makefile2:137: CMakeFiles/simulation_node.dir/all] Error 2
[24.686s] gmake: *** [Makefile:146: all] Error 2
[24.687s] Invoked command in '/mnt/c/work/ubuntu_work/HiveFlight/ros2_ws/build/hiveflight_sim_node' returned '2': AMENT_PREFIX_PATH=/mnt/c/work/ubuntu_work/HiveFlight/ros2_ws/install:${AMENT_PREFIX_PATH} CMAKE_PREFIX_PATH=/mnt/c/work/ubuntu_work/HiveFlight/ros2_ws/install:/opt/ros/humble LD_LIBRARY_PATH=/mnt/c/work/ubuntu_work/HiveFlight/ros2_ws/install/lib:${LD_LIBRARY_PATH} PYTHONPATH=/mnt/c/work/ubuntu_work/HiveFlight/ros2_ws/install/local/lib/python3.10/dist-packages:${PYTHONPATH} /usr/bin/cmake --build /mnt/c/work/ubuntu_work/HiveFlight/ros2_ws/build/hiveflight_sim_node -- -j16 -l16
