[0.315s] Invoking command in '/mnt/c/work/ubuntu_work/HiveFlight/ros2_ws/build/hiveflight_sim_node': AMENT_PREFIX_PATH=/mnt/c/work/ubuntu_work/HiveFlight/ros2_ws/install:${AMENT_PREFIX_PATH} CMAKE_PREFIX_PATH=/mnt/c/work/ubuntu_work/HiveFlight/ros2_ws/install:/opt/ros/humble LD_LIBRARY_PATH=/mnt/c/work/ubuntu_work/HiveFlight/ros2_ws/install/lib:${LD_LIBRARY_PATH} PYTHONPATH=/mnt/c/work/ubuntu_work/HiveFlight/ros2_ws/install/local/lib/python3.10/dist-packages:${PYTHONPATH} /usr/bin/cmake /mnt/c/work/ubuntu_work/HiveFlight/ros2_ws/src/hiveflight_sim_node -DCMAKE_INSTALL_PREFIX=/mnt/c/work/ubuntu_work/HiveFlight/ros2_ws/install
[0.820s] -- The C compiler identification is GNU 11.4.0
[1.345s] -- The CXX compiler identification is GNU 11.4.0
[1.579s] -- Detecting C compiler ABI info
[2.373s] -- Detecting C compiler ABI info - done
[2.393s] -- Check for working C compiler: /usr/bin/cc - skipped
[2.394s] -- Detecting C compile features
[2.395s] -- Detecting C compile features - done
[2.444s] -- Detecting CXX compiler ABI info
[3.240s] -- Detecting CXX compiler ABI info - done
[3.257s] -- Check for working CXX compiler: /usr/bin/c++ - skipped
[3.258s] -- Detecting CXX compile features
[3.258s] -- Detecting CXX compile features - done
[3.323s] -- Found ament_cmake: 1.3.14 (/opt/ros/humble/share/ament_cmake/cmake)
[4.006s] -- Found Python3: /usr/bin/python3 (found version "3.10.12") found components: Interpreter 
[4.702s] -- Found rclcpp: 16.0.19 (/opt/ros/humble/share/rclcpp/cmake)
[5.107s] -- Found rosidl_generator_c: 3.1.8 (/opt/ros/humble/share/rosidl_generator_c/cmake)
[5.167s] -- Found rosidl_adapter: 3.1.8 (/opt/ros/humble/share/rosidl_adapter/cmake)
[5.229s] -- Found rosidl_generator_cpp: 3.1.8 (/opt/ros/humble/share/rosidl_generator_cpp/cmake)
[5.295s] -- Using all available rosidl_typesupport_c: rosidl_typesupport_fastrtps_c;rosidl_typesupport_introspection_c
[5.392s] -- Using all available rosidl_typesupport_cpp: rosidl_typesupport_fastrtps_cpp;rosidl_typesupport_introspection_cpp
[5.718s] -- Found rmw_implementation_cmake: 6.1.2 (/opt/ros/humble/share/rmw_implementation_cmake/cmake)
[5.756s] -- Found rmw_fastrtps_cpp: 6.2.10 (/opt/ros/humble/share/rmw_fastrtps_cpp/cmake)
[7.073s] -- Found OpenSSL: /usr/lib/x86_64-linux-gnu/libcrypto.so (found version "3.0.2")  
[7.908s] -- Found FastRTPS: /opt/ros/humble/include  
[9.325s] -- Using RMW implementation 'rmw_fastrtps_cpp' as default
[9.440s] -- Looking for pthread.h
[10.203s] -- Looking for pthread.h - found
[10.211s] -- Performing Test CMAKE_HAVE_LIBC_PTHREAD
[10.979s] -- Performing Test CMAKE_HAVE_LIBC_PTHREAD - Success
[10.984s] -- Found Threads: TRUE  
[11.177s] -- Found hiveflight_interfaces: 0.0.1 (/mnt/c/work/ubuntu_work/HiveFlight/ros2_ws/install/share/hiveflight_interfaces/cmake)
[11.605s] -- Found hiveflight_sim: 0.0.1 (/mnt/c/work/ubuntu_work/HiveFlight/ros2_ws/install/share/hiveflight_sim/cmake)
[12.112s] -- Configuring done
[12.506s] -- Generating done
[12.651s] -- Build files have been written to: /mnt/c/work/ubuntu_work/HiveFlight/ros2_ws/build/hiveflight_sim_node
[12.660s] Invoked command in '/mnt/c/work/ubuntu_work/HiveFlight/ros2_ws/build/hiveflight_sim_node' returned '0': AMENT_PREFIX_PATH=/mnt/c/work/ubuntu_work/HiveFlight/ros2_ws/install:${AMENT_PREFIX_PATH} CMAKE_PREFIX_PATH=/mnt/c/work/ubuntu_work/HiveFlight/ros2_ws/install:/opt/ros/humble LD_LIBRARY_PATH=/mnt/c/work/ubuntu_work/HiveFlight/ros2_ws/install/lib:${LD_LIBRARY_PATH} PYTHONPATH=/mnt/c/work/ubuntu_work/HiveFlight/ros2_ws/install/local/lib/python3.10/dist-packages:${PYTHONPATH} /usr/bin/cmake /mnt/c/work/ubuntu_work/HiveFlight/ros2_ws/src/hiveflight_sim_node -DCMAKE_INSTALL_PREFIX=/mnt/c/work/ubuntu_work/HiveFlight/ros2_ws/install
[12.669s] Invoking command in '/mnt/c/work/ubuntu_work/HiveFlight/ros2_ws/build/hiveflight_sim_node': AMENT_PREFIX_PATH=/mnt/c/work/ubuntu_work/HiveFlight/ros2_ws/install:${AMENT_PREFIX_PATH} CMAKE_PREFIX_PATH=/mnt/c/work/ubuntu_work/HiveFlight/ros2_ws/install:/opt/ros/humble LD_LIBRARY_PATH=/mnt/c/work/ubuntu_work/HiveFlight/ros2_ws/install/lib:${LD_LIBRARY_PATH} PYTHONPATH=/mnt/c/work/ubuntu_work/HiveFlight/ros2_ws/install/local/lib/python3.10/dist-packages:${PYTHONPATH} /usr/bin/cmake --build /mnt/c/work/ubuntu_work/HiveFlight/ros2_ws/build/hiveflight_sim_node -- -j16 -l16
[13.226s] [ 50%] [32mBuilding CXX object CMakeFiles/simulation_node.dir/src/simulation_node.cpp.o[0m
[22.476s] [100%] [32m[1mLinking CXX executable simulation_node[0m
[25.493s] [100%] Built target simulation_node
[25.573s] Invoked command in '/mnt/c/work/ubuntu_work/HiveFlight/ros2_ws/build/hiveflight_sim_node' returned '0': AMENT_PREFIX_PATH=/mnt/c/work/ubuntu_work/HiveFlight/ros2_ws/install:${AMENT_PREFIX_PATH} CMAKE_PREFIX_PATH=/mnt/c/work/ubuntu_work/HiveFlight/ros2_ws/install:/opt/ros/humble LD_LIBRARY_PATH=/mnt/c/work/ubuntu_work/HiveFlight/ros2_ws/install/lib:${LD_LIBRARY_PATH} PYTHONPATH=/mnt/c/work/ubuntu_work/HiveFlight/ros2_ws/install/local/lib/python3.10/dist-packages:${PYTHONPATH} /usr/bin/cmake --build /mnt/c/work/ubuntu_work/HiveFlight/ros2_ws/build/hiveflight_sim_node -- -j16 -l16
[25.594s] Invoking command in '/mnt/c/work/ubuntu_work/HiveFlight/ros2_ws/build/hiveflight_sim_node': AMENT_PREFIX_PATH=/mnt/c/work/ubuntu_work/HiveFlight/ros2_ws/install:${AMENT_PREFIX_PATH} CMAKE_PREFIX_PATH=/mnt/c/work/ubuntu_work/HiveFlight/ros2_ws/install:/opt/ros/humble LD_LIBRARY_PATH=/mnt/c/work/ubuntu_work/HiveFlight/ros2_ws/install/lib:${LD_LIBRARY_PATH} PYTHONPATH=/mnt/c/work/ubuntu_work/HiveFlight/ros2_ws/install/local/lib/python3.10/dist-packages:${PYTHONPATH} /usr/bin/cmake --install /mnt/c/work/ubuntu_work/HiveFlight/ros2_ws/build/hiveflight_sim_node
[25.659s] -- Install configuration: ""
[25.673s] -- Installing: /mnt/c/work/ubuntu_work/HiveFlight/ros2_ws/install/lib/hiveflight_sim_node/simulation_node
[25.918s] -- Set runtime path of "/mnt/c/work/ubuntu_work/HiveFlight/ros2_ws/install/lib/hiveflight_sim_node/simulation_node" to ""
[25.925s] -- Installing: /mnt/c/work/ubuntu_work/HiveFlight/ros2_ws/install/share/hiveflight_sim_node/launch
[25.946s] -- Installing: /mnt/c/work/ubuntu_work/HiveFlight/ros2_ws/install/share/hiveflight_sim_node/launch/hiveflight.launch.py
[26.005s] -- Installing: /mnt/c/work/ubuntu_work/HiveFlight/ros2_ws/install/share/ament_index/resource_index/package_run_dependencies/hiveflight_sim_node
[26.082s] -- Installing: /mnt/c/work/ubuntu_work/HiveFlight/ros2_ws/install/share/ament_index/resource_index/parent_prefix_path/hiveflight_sim_node
[26.145s] -- Installing: /mnt/c/work/ubuntu_work/HiveFlight/ros2_ws/install/share/hiveflight_sim_node/environment/ament_prefix_path.sh
[26.186s] -- Installing: /mnt/c/work/ubuntu_work/HiveFlight/ros2_ws/install/share/hiveflight_sim_node/environment/ament_prefix_path.dsv
[26.229s] -- Installing: /mnt/c/work/ubuntu_work/HiveFlight/ros2_ws/install/share/hiveflight_sim_node/environment/path.sh
[26.272s] -- Installing: /mnt/c/work/ubuntu_work/HiveFlight/ros2_ws/install/share/hiveflight_sim_node/environment/path.dsv
[26.320s] -- Installing: /mnt/c/work/ubuntu_work/HiveFlight/ros2_ws/install/share/hiveflight_sim_node/local_setup.bash
[26.362s] -- Installing: /mnt/c/work/ubuntu_work/HiveFlight/ros2_ws/install/share/hiveflight_sim_node/local_setup.sh
[26.405s] -- Installing: /mnt/c/work/ubuntu_work/HiveFlight/ros2_ws/install/share/hiveflight_sim_node/local_setup.zsh
[26.445s] -- Installing: /mnt/c/work/ubuntu_work/HiveFlight/ros2_ws/install/share/hiveflight_sim_node/local_setup.dsv
[26.485s] -- Installing: /mnt/c/work/ubuntu_work/HiveFlight/ros2_ws/install/share/hiveflight_sim_node/package.dsv
[26.541s] -- Installing: /mnt/c/work/ubuntu_work/HiveFlight/ros2_ws/install/share/ament_index/resource_index/packages/hiveflight_sim_node
[26.615s] -- Installing: /mnt/c/work/ubuntu_work/HiveFlight/ros2_ws/install/share/hiveflight_sim_node/cmake/hiveflight_sim_nodeConfig.cmake
[26.663s] -- Installing: /mnt/c/work/ubuntu_work/HiveFlight/ros2_ws/install/share/hiveflight_sim_node/cmake/hiveflight_sim_nodeConfig-version.cmake
[26.711s] -- Installing: /mnt/c/work/ubuntu_work/HiveFlight/ros2_ws/install/share/hiveflight_sim_node/package.xml
[26.756s] Invoked command in '/mnt/c/work/ubuntu_work/HiveFlight/ros2_ws/build/hiveflight_sim_node' returned '0': AMENT_PREFIX_PATH=/mnt/c/work/ubuntu_work/HiveFlight/ros2_ws/install:${AMENT_PREFIX_PATH} CMAKE_PREFIX_PATH=/mnt/c/work/ubuntu_work/HiveFlight/ros2_ws/install:/opt/ros/humble LD_LIBRARY_PATH=/mnt/c/work/ubuntu_work/HiveFlight/ros2_ws/install/lib:${LD_LIBRARY_PATH} PYTHONPATH=/mnt/c/work/ubuntu_work/HiveFlight/ros2_ws/install/local/lib/python3.10/dist-packages:${PYTHONPATH} /usr/bin/cmake --install /mnt/c/work/ubuntu_work/HiveFlight/ros2_ws/build/hiveflight_sim_node
