[0.829s] Invoking command in '/mnt/c/work/ubuntu_work/HiveFlight/ros2_ws/build/hiveflight_sim': CMAKE_PREFIX_PATH=${CMAKE_PREFIX_PATH}:/opt/ros/humble /usr/bin/cmake /mnt/c/work/ubuntu_work/HiveFlight/ros2_ws/src/hiveflight_sim -DCMAKE_INSTALL_PREFIX=/mnt/c/work/ubuntu_work/HiveFlight/ros2_ws/install
[2.494s] -- The C compiler identification is GNU 11.4.0
[4.485s] -- The CXX compiler identification is GNU 11.4.0
[5.529s] -- Detecting C compiler ABI info
[8.708s] -- Detecting C compiler ABI info - done
[8.775s] -- Check for working C compiler: /usr/bin/cc - skipped
[8.779s] -- Detecting C compile features
[8.781s] -- Detecting C compile features - done
[8.956s] -- Detecting CXX compiler ABI info
[11.916s] -- Detecting CXX compiler ABI info - done
[11.987s] -- Check for working CXX compiler: /usr/bin/c++ - skipped
[11.990s] -- Detecting CXX compile features
[11.994s] -- Detecting CXX compile features - done
[12.244s] -- Found ament_cmake: 1.3.14 (/opt/ros/humble/share/ament_cmake/cmake)
[14.715s] -- Found Python3: /usr/bin/python3 (found version "3.10.12") found components: Interpreter 
[17.330s] -- Found rclcpp: 16.0.19 (/opt/ros/humble/share/rclcpp/cmake)
[19.561s] -- Found rosidl_generator_c: 3.1.8 (/opt/ros/humble/share/rosidl_generator_c/cmake)
[19.879s] -- Found rosidl_adapter: 3.1.8 (/opt/ros/humble/share/rosidl_adapter/cmake)
[20.155s] -- Found rosidl_generator_cpp: 3.1.8 (/opt/ros/humble/share/rosidl_generator_cpp/cmake)
[20.449s] -- Using all available rosidl_typesupport_c: rosidl_typesupport_fastrtps_c;rosidl_typesupport_introspection_c
[20.855s] -- Using all available rosidl_typesupport_cpp: rosidl_typesupport_fastrtps_cpp;rosidl_typesupport_introspection_cpp
[22.619s] -- Found rmw_implementation_cmake: 6.1.2 (/opt/ros/humble/share/rmw_implementation_cmake/cmake)
[22.825s] -- Found rmw_fastrtps_cpp: 6.2.10 (/opt/ros/humble/share/rmw_fastrtps_cpp/cmake)
[29.159s] -- Found OpenSSL: /usr/lib/x86_64-linux-gnu/libcrypto.so (found version "3.0.2")  
[32.637s] -- Found FastRTPS: /opt/ros/humble/include  
[38.789s] -- Using RMW implementation 'rmw_fastrtps_cpp' as default
[39.542s] -- Looking for pthread.h
[42.528s] -- Looking for pthread.h - found
[42.596s] -- Performing Test CMAKE_HAVE_LIBC_PTHREAD
[45.425s] -- Performing Test CMAKE_HAVE_LIBC_PTHREAD - Success
[45.445s] -- Found Threads: TRUE  
[46.368s] -- Found geometry_msgs: 4.9.1 (/opt/ros/humble/share/geometry_msgs/cmake)
[46.562s] -- Found hiveflight_interfaces: 0.0.1 (/mnt/c/work/ubuntu_work/HiveFlight/ros2_ws/install/share/hiveflight_interfaces/cmake)
[47.870s] [31mCMake Error at CMakeLists.txt:13 (message):
[47.874s]   SwarmSimulation3D.cpp not found at:
[47.877s]   /mnt/c/work/ubuntu_work/HiveFlight/ros2_ws/src/hiveflight_sim/../../SwarmSimulation3D.cpp
[47.880s] 
[47.883s] [0m
[47.887s] -- Configuring incomplete, errors occurred!
[47.890s] See also "/mnt/c/work/ubuntu_work/HiveFlight/ros2_ws/build/hiveflight_sim/CMakeFiles/CMakeOutput.log".
[47.981s] Invoked command in '/mnt/c/work/ubuntu_work/HiveFlight/ros2_ws/build/hiveflight_sim' returned '1': CMAKE_PREFIX_PATH=${CMAKE_PREFIX_PATH}:/opt/ros/humble /usr/bin/cmake /mnt/c/work/ubuntu_work/HiveFlight/ros2_ws/src/hiveflight_sim -DCMAKE_INSTALL_PREFIX=/mnt/c/work/ubuntu_work/HiveFlight/ros2_ws/install
